---
http_interactions:
- request:
    method: get
    uri: http://localhost:5000/api/v1/posts/1
    body:
      encoding: US-ASCII
      string: ''
    headers:
      User-Agent:
      - Faraday v2.7.5
      Accept-Encoding:
      - gzip;q=1.0,deflate;q=0.6,identity;q=0.3
      Accept:
      - "*/*"
  response:
    status:
      code: 200
      message: OK
    headers:
      X-Frame-Options:
      - SAMEORIGIN
      X-Xss-Protection:
      - '0'
      X-Content-Type-Options:
      - nosniff
      X-Download-Options:
      - noopen
      X-Permitted-Cross-Domain-Policies:
      - none
      Referrer-Policy:
      - strict-origin-when-cross-origin
      Content-Type:
      - application/json; charset=utf-8
      Vary:
      - Accept
      Etag:
      - W/"cbec2373111f8260d3640c527e508392"
      Cache-Control:
      - max-age=0, private, must-revalidate
      X-Request-Id:
      - 5f19b9a8-3b5c-478f-9d41-3754c7975f23
      X-Runtime:
      - '0.010029'
      Server-Timing:
      - start_processing.action_controller;dur=0.06, sql.active_record;dur=3.87, instantiation.active_record;dur=0.29,
        process_action.action_controller;dur=7.27
      Transfer-Encoding:
      - chunked
    body:
      encoding: UTF-8
      string: '{"data":{"id":"1","type":"post","attributes":{"id":1,"title":"Test
        Post","body":"This is a test post","user_id":1,"created_at":"2023-06-05T21:00:11.728Z","updated_at":"2023-06-05T21:00:11.728Z","plate_posts":[{"photo_url":null}],"username":"test","comments":[{"id":1,"body":"This
        is a test comment","user_id":3,"post_id":1,"username":"User Show Test","created_at":"3:00
        PM 06/05/2023"},{"id":5,"body":"Samuel Jones","user_id":1,"post_id":1,"username":"test","created_at":"11:43
        AM 06/06/2023"},{"id":6,"body":"Samuel Jones","user_id":1,"post_id":1,"username":"test","created_at":"11:56
        AM 06/06/2023"},{"id":7,"body":"Samuel Jones","user_id":1,"post_id":1,"username":"test","created_at":"11:58
        AM 06/06/2023"},{"id":8,"body":"Samuel Jones","user_id":1,"post_id":1,"username":"test","created_at":"12:00
        PM 06/06/2023"},{"id":9,"body":"Samuel Jones","user_id":1,"post_id":1,"username":"test","created_at":"12:02
        PM 06/06/2023"},{"id":10,"body":"Samuel Jones","user_id":1,"post_id":1,"username":"test","created_at":"12:09
        PM 06/06/2023"}],"parent_plates":[{"plate_number":"ABC-1234"}],"formatted_created_at":"3:00
        PM 06/05/2023"}}}'
  recorded_at: Tue, 06 Jun 2023 18:09:11 GMT
- request:
    method: get
    uri: http://localhost:5000/api/v1/posts/1
    body:
      encoding: US-ASCII
      string: ''
    headers:
      User-Agent:
      - Faraday v2.7.5
      Accept-Encoding:
      - gzip;q=1.0,deflate;q=0.6,identity;q=0.3
      Accept:
      - "*/*"
  response:
    status:
      code: 200
      message: OK
    headers:
      X-Frame-Options:
      - SAMEORIGIN
      X-Xss-Protection:
      - '0'
      X-Content-Type-Options:
      - nosniff
      X-Download-Options:
      - noopen
      X-Permitted-Cross-Domain-Policies:
      - none
      Referrer-Policy:
      - strict-origin-when-cross-origin
      Content-Type:
      - application/json; charset=utf-8
      Vary:
      - Accept
      Etag:
      - W/"cbec2373111f8260d3640c527e508392"
      Cache-Control:
      - max-age=0, private, must-revalidate
      X-Request-Id:
      - 8a336b89-0023-4adf-8f10-46562f9c8112
      X-Runtime:
      - '0.010617'
      Server-Timing:
      - start_processing.action_controller;dur=0.07, sql.active_record;dur=4.45, instantiation.active_record;dur=0.29,
        process_action.action_controller;dur=8.00
      Transfer-Encoding:
      - chunked
    body:
      encoding: UTF-8
      string: '{"data":{"id":"1","type":"post","attributes":{"id":1,"title":"Test
        Post","body":"This is a test post","user_id":1,"created_at":"2023-06-05T21:00:11.728Z","updated_at":"2023-06-05T21:00:11.728Z","plate_posts":[{"photo_url":null}],"username":"test","comments":[{"id":1,"body":"This
        is a test comment","user_id":3,"post_id":1,"username":"User Show Test","created_at":"3:00
        PM 06/05/2023"},{"id":5,"body":"Samuel Jones","user_id":1,"post_id":1,"username":"test","created_at":"11:43
        AM 06/06/2023"},{"id":6,"body":"Samuel Jones","user_id":1,"post_id":1,"username":"test","created_at":"11:56
        AM 06/06/2023"},{"id":7,"body":"Samuel Jones","user_id":1,"post_id":1,"username":"test","created_at":"11:58
        AM 06/06/2023"},{"id":8,"body":"Samuel Jones","user_id":1,"post_id":1,"username":"test","created_at":"12:00
        PM 06/06/2023"},{"id":9,"body":"Samuel Jones","user_id":1,"post_id":1,"username":"test","created_at":"12:02
        PM 06/06/2023"},{"id":10,"body":"Samuel Jones","user_id":1,"post_id":1,"username":"test","created_at":"12:09
        PM 06/06/2023"}],"parent_plates":[{"plate_number":"ABC-1234"}],"formatted_created_at":"3:00
        PM 06/05/2023"}}}'
  recorded_at: Tue, 06 Jun 2023 18:09:11 GMT
- request:
    method: get
    uri: http://localhost:5000/api/v1/posts/1
    body:
      encoding: US-ASCII
      string: ''
    headers:
      User-Agent:
      - Faraday v2.7.5
      Accept-Encoding:
      - gzip;q=1.0,deflate;q=0.6,identity;q=0.3
      Accept:
      - "*/*"
  response:
    status:
      code: 200
      message: OK
    headers:
      X-Frame-Options:
      - SAMEORIGIN
      X-Xss-Protection:
      - '0'
      X-Content-Type-Options:
      - nosniff
      X-Download-Options:
      - noopen
      X-Permitted-Cross-Domain-Policies:
      - none
      Referrer-Policy:
      - strict-origin-when-cross-origin
      Content-Type:
      - application/json; charset=utf-8
      Vary:
      - Accept
      Etag:
      - W/"cbec2373111f8260d3640c527e508392"
      Cache-Control:
      - max-age=0, private, must-revalidate
      X-Request-Id:
      - f18645bf-68f1-4b15-a85c-9370b2e0597a
      X-Runtime:
      - '0.009594'
      Server-Timing:
      - start_processing.action_controller;dur=0.05, sql.active_record;dur=4.06, instantiation.active_record;dur=0.26,
        process_action.action_controller;dur=7.12
      Transfer-Encoding:
      - chunked
    body:
      encoding: UTF-8
      string: '{"data":{"id":"1","type":"post","attributes":{"id":1,"title":"Test
        Post","body":"This is a test post","user_id":1,"created_at":"2023-06-05T21:00:11.728Z","updated_at":"2023-06-05T21:00:11.728Z","plate_posts":[{"photo_url":null}],"username":"test","comments":[{"id":1,"body":"This
        is a test comment","user_id":3,"post_id":1,"username":"User Show Test","created_at":"3:00
        PM 06/05/2023"},{"id":5,"body":"Samuel Jones","user_id":1,"post_id":1,"username":"test","created_at":"11:43
        AM 06/06/2023"},{"id":6,"body":"Samuel Jones","user_id":1,"post_id":1,"username":"test","created_at":"11:56
        AM 06/06/2023"},{"id":7,"body":"Samuel Jones","user_id":1,"post_id":1,"username":"test","created_at":"11:58
        AM 06/06/2023"},{"id":8,"body":"Samuel Jones","user_id":1,"post_id":1,"username":"test","created_at":"12:00
        PM 06/06/2023"},{"id":9,"body":"Samuel Jones","user_id":1,"post_id":1,"username":"test","created_at":"12:02
        PM 06/06/2023"},{"id":10,"body":"Samuel Jones","user_id":1,"post_id":1,"username":"test","created_at":"12:09
        PM 06/06/2023"}],"parent_plates":[{"plate_number":"ABC-1234"}],"formatted_created_at":"3:00
        PM 06/05/2023"}}}'
  recorded_at: Tue, 06 Jun 2023 18:09:11 GMT
- request:
    method: get
    uri: http://localhost:5000/api/v1/posts/1
    body:
      encoding: US-ASCII
      string: ''
    headers:
      User-Agent:
      - Faraday v2.7.5
      Accept-Encoding:
      - gzip;q=1.0,deflate;q=0.6,identity;q=0.3
      Accept:
      - "*/*"
  response:
    status:
      code: 200
      message: OK
    headers:
      X-Frame-Options:
      - SAMEORIGIN
      X-Xss-Protection:
      - '0'
      X-Content-Type-Options:
      - nosniff
      X-Download-Options:
      - noopen
      X-Permitted-Cross-Domain-Policies:
      - none
      Referrer-Policy:
      - strict-origin-when-cross-origin
      Content-Type:
      - application/json; charset=utf-8
      Vary:
      - Accept
      Etag:
      - W/"cbec2373111f8260d3640c527e508392"
      Cache-Control:
      - max-age=0, private, must-revalidate
      X-Request-Id:
      - 889af460-75fe-4c69-90ee-f1a912a45834
      X-Runtime:
      - '0.018969'
      Server-Timing:
      - start_processing.action_controller;dur=0.07, sql.active_record;dur=9.28, instantiation.active_record;dur=0.49,
        process_action.action_controller;dur=16.10
      Transfer-Encoding:
      - chunked
    body:
      encoding: UTF-8
      string: '{"data":{"id":"1","type":"post","attributes":{"id":1,"title":"Test
        Post","body":"This is a test post","user_id":1,"created_at":"2023-06-05T21:00:11.728Z","updated_at":"2023-06-05T21:00:11.728Z","plate_posts":[{"photo_url":null}],"username":"test","comments":[{"id":1,"body":"This
        is a test comment","user_id":3,"post_id":1,"username":"User Show Test","created_at":"3:00
        PM 06/05/2023"},{"id":5,"body":"Samuel Jones","user_id":1,"post_id":1,"username":"test","created_at":"11:43
        AM 06/06/2023"},{"id":6,"body":"Samuel Jones","user_id":1,"post_id":1,"username":"test","created_at":"11:56
        AM 06/06/2023"},{"id":7,"body":"Samuel Jones","user_id":1,"post_id":1,"username":"test","created_at":"11:58
        AM 06/06/2023"},{"id":8,"body":"Samuel Jones","user_id":1,"post_id":1,"username":"test","created_at":"12:00
        PM 06/06/2023"},{"id":9,"body":"Samuel Jones","user_id":1,"post_id":1,"username":"test","created_at":"12:02
        PM 06/06/2023"},{"id":10,"body":"Samuel Jones","user_id":1,"post_id":1,"username":"test","created_at":"12:09
        PM 06/06/2023"}],"parent_plates":[{"plate_number":"ABC-1234"}],"formatted_created_at":"3:00
        PM 06/05/2023"}}}'
  recorded_at: Tue, 06 Jun 2023 18:09:11 GMT
- request:
    method: get
    uri: http://localhost:5000/api/v1/posts/1
    body:
      encoding: US-ASCII
      string: ''
    headers:
      User-Agent:
      - Faraday v2.7.5
      Accept-Encoding:
      - gzip;q=1.0,deflate;q=0.6,identity;q=0.3
      Accept:
      - "*/*"
  response:
    status:
      code: 200
      message: OK
    headers:
      X-Frame-Options:
      - SAMEORIGIN
      X-Xss-Protection:
      - '0'
      X-Content-Type-Options:
      - nosniff
      X-Download-Options:
      - noopen
      X-Permitted-Cross-Domain-Policies:
      - none
      Referrer-Policy:
      - strict-origin-when-cross-origin
      Content-Type:
      - application/json; charset=utf-8
      Vary:
      - Accept
      Etag:
      - W/"cbec2373111f8260d3640c527e508392"
      Cache-Control:
      - max-age=0, private, must-revalidate
      X-Request-Id:
      - f03a5fd5-c731-4bf9-a3e0-c8dbb22f4654
      X-Runtime:
      - '0.009987'
      Server-Timing:
      - start_processing.action_controller;dur=0.06, sql.active_record;dur=3.71, instantiation.active_record;dur=0.28,
        process_action.action_controller;dur=7.19
      Transfer-Encoding:
      - chunked
    body:
      encoding: UTF-8
      string: '{"data":{"id":"1","type":"post","attributes":{"id":1,"title":"Test
        Post","body":"This is a test post","user_id":1,"created_at":"2023-06-05T21:00:11.728Z","updated_at":"2023-06-05T21:00:11.728Z","plate_posts":[{"photo_url":null}],"username":"test","comments":[{"id":1,"body":"This
        is a test comment","user_id":3,"post_id":1,"username":"User Show Test","created_at":"3:00
        PM 06/05/2023"},{"id":5,"body":"Samuel Jones","user_id":1,"post_id":1,"username":"test","created_at":"11:43
        AM 06/06/2023"},{"id":6,"body":"Samuel Jones","user_id":1,"post_id":1,"username":"test","created_at":"11:56
        AM 06/06/2023"},{"id":7,"body":"Samuel Jones","user_id":1,"post_id":1,"username":"test","created_at":"11:58
        AM 06/06/2023"},{"id":8,"body":"Samuel Jones","user_id":1,"post_id":1,"username":"test","created_at":"12:00
        PM 06/06/2023"},{"id":9,"body":"Samuel Jones","user_id":1,"post_id":1,"username":"test","created_at":"12:02
        PM 06/06/2023"},{"id":10,"body":"Samuel Jones","user_id":1,"post_id":1,"username":"test","created_at":"12:09
        PM 06/06/2023"}],"parent_plates":[{"plate_number":"ABC-1234"}],"formatted_created_at":"3:00
        PM 06/05/2023"}}}'
  recorded_at: Tue, 06 Jun 2023 18:09:11 GMT
- request:
    method: get
    uri: http://localhost:5000/api/v1/posts/1
    body:
      encoding: US-ASCII
      string: ''
    headers:
      User-Agent:
      - Faraday v2.7.5
      Accept-Encoding:
      - gzip;q=1.0,deflate;q=0.6,identity;q=0.3
      Accept:
      - "*/*"
  response:
    status:
      code: 200
      message: OK
    headers:
      X-Frame-Options:
      - SAMEORIGIN
      X-Xss-Protection:
      - '0'
      X-Content-Type-Options:
      - nosniff
      X-Download-Options:
      - noopen
      X-Permitted-Cross-Domain-Policies:
      - none
      Referrer-Policy:
      - strict-origin-when-cross-origin
      Content-Type:
      - application/json; charset=utf-8
      Vary:
      - Accept
      Etag:
      - W/"cbec2373111f8260d3640c527e508392"
      Cache-Control:
      - max-age=0, private, must-revalidate
      X-Request-Id:
      - 94cb3466-4924-4ae5-bb27-77523a9a4cf4
      X-Runtime:
      - '0.009767'
      Server-Timing:
      - start_processing.action_controller;dur=0.06, sql.active_record;dur=3.83, instantiation.active_record;dur=0.25,
        process_action.action_controller;dur=7.26
      Transfer-Encoding:
      - chunked
    body:
      encoding: UTF-8
      string: '{"data":{"id":"1","type":"post","attributes":{"id":1,"title":"Test
        Post","body":"This is a test post","user_id":1,"created_at":"2023-06-05T21:00:11.728Z","updated_at":"2023-06-05T21:00:11.728Z","plate_posts":[{"photo_url":null}],"username":"test","comments":[{"id":1,"body":"This
        is a test comment","user_id":3,"post_id":1,"username":"User Show Test","created_at":"3:00
        PM 06/05/2023"},{"id":5,"body":"Samuel Jones","user_id":1,"post_id":1,"username":"test","created_at":"11:43
        AM 06/06/2023"},{"id":6,"body":"Samuel Jones","user_id":1,"post_id":1,"username":"test","created_at":"11:56
        AM 06/06/2023"},{"id":7,"body":"Samuel Jones","user_id":1,"post_id":1,"username":"test","created_at":"11:58
        AM 06/06/2023"},{"id":8,"body":"Samuel Jones","user_id":1,"post_id":1,"username":"test","created_at":"12:00
        PM 06/06/2023"},{"id":9,"body":"Samuel Jones","user_id":1,"post_id":1,"username":"test","created_at":"12:02
        PM 06/06/2023"},{"id":10,"body":"Samuel Jones","user_id":1,"post_id":1,"username":"test","created_at":"12:09
        PM 06/06/2023"}],"parent_plates":[{"plate_number":"ABC-1234"}],"formatted_created_at":"3:00
        PM 06/05/2023"}}}'
  recorded_at: Tue, 06 Jun 2023 18:09:11 GMT
- request:
    method: get
    uri: http://localhost:5000/api/v1/posts/1
    body:
      encoding: US-ASCII
      string: ''
    headers:
      User-Agent:
      - Faraday v2.7.5
      Accept-Encoding:
      - gzip;q=1.0,deflate;q=0.6,identity;q=0.3
      Accept:
      - "*/*"
  response:
    status:
      code: 200
      message: OK
    headers:
      X-Frame-Options:
      - SAMEORIGIN
      X-Xss-Protection:
      - '0'
      X-Content-Type-Options:
      - nosniff
      X-Download-Options:
      - noopen
      X-Permitted-Cross-Domain-Policies:
      - none
      Referrer-Policy:
      - strict-origin-when-cross-origin
      Content-Type:
      - application/json; charset=utf-8
      Vary:
      - Accept
      Etag:
      - W/"cbec2373111f8260d3640c527e508392"
      Cache-Control:
      - max-age=0, private, must-revalidate
      X-Request-Id:
      - 43946129-37a9-4e89-9950-223a4ef1fb60
      X-Runtime:
      - '0.010488'
      Server-Timing:
      - start_processing.action_controller;dur=0.07, sql.active_record;dur=4.08, instantiation.active_record;dur=0.26,
        process_action.action_controller;dur=7.73
      Transfer-Encoding:
      - chunked
    body:
      encoding: UTF-8
      string: '{"data":{"id":"1","type":"post","attributes":{"id":1,"title":"Test
        Post","body":"This is a test post","user_id":1,"created_at":"2023-06-05T21:00:11.728Z","updated_at":"2023-06-05T21:00:11.728Z","plate_posts":[{"photo_url":null}],"username":"test","comments":[{"id":1,"body":"This
        is a test comment","user_id":3,"post_id":1,"username":"User Show Test","created_at":"3:00
        PM 06/05/2023"},{"id":5,"body":"Samuel Jones","user_id":1,"post_id":1,"username":"test","created_at":"11:43
        AM 06/06/2023"},{"id":6,"body":"Samuel Jones","user_id":1,"post_id":1,"username":"test","created_at":"11:56
        AM 06/06/2023"},{"id":7,"body":"Samuel Jones","user_id":1,"post_id":1,"username":"test","created_at":"11:58
        AM 06/06/2023"},{"id":8,"body":"Samuel Jones","user_id":1,"post_id":1,"username":"test","created_at":"12:00
        PM 06/06/2023"},{"id":9,"body":"Samuel Jones","user_id":1,"post_id":1,"username":"test","created_at":"12:02
        PM 06/06/2023"},{"id":10,"body":"Samuel Jones","user_id":1,"post_id":1,"username":"test","created_at":"12:09
        PM 06/06/2023"}],"parent_plates":[{"plate_number":"ABC-1234"}],"formatted_created_at":"3:00
        PM 06/05/2023"}}}'
  recorded_at: Tue, 06 Jun 2023 18:09:11 GMT
- request:
    method: get
    uri: http://localhost:5000/api/v1/posts/1
    body:
      encoding: US-ASCII
      string: ''
    headers:
      User-Agent:
      - Faraday v2.7.5
      Accept-Encoding:
      - gzip;q=1.0,deflate;q=0.6,identity;q=0.3
      Accept:
      - "*/*"
  response:
    status:
      code: 200
      message: OK
    headers:
      X-Frame-Options:
      - SAMEORIGIN
      X-Xss-Protection:
      - '0'
      X-Content-Type-Options:
      - nosniff
      X-Download-Options:
      - noopen
      X-Permitted-Cross-Domain-Policies:
      - none
      Referrer-Policy:
      - strict-origin-when-cross-origin
      Content-Type:
      - application/json; charset=utf-8
      Vary:
      - Accept
      Etag:
      - W/"cbec2373111f8260d3640c527e508392"
      Cache-Control:
      - max-age=0, private, must-revalidate
      X-Request-Id:
      - 41124c56-bea2-4091-ad1d-5bcdc4487927
      X-Runtime:
      - '0.010330'
      Server-Timing:
      - start_processing.action_controller;dur=0.06, sql.active_record;dur=3.96, instantiation.active_record;dur=0.28,
        process_action.action_controller;dur=7.43
      Transfer-Encoding:
      - chunked
    body:
      encoding: UTF-8
      string: '{"data":{"id":"1","type":"post","attributes":{"id":1,"title":"Test
        Post","body":"This is a test post","user_id":1,"created_at":"2023-06-05T21:00:11.728Z","updated_at":"2023-06-05T21:00:11.728Z","plate_posts":[{"photo_url":null}],"username":"test","comments":[{"id":1,"body":"This
        is a test comment","user_id":3,"post_id":1,"username":"User Show Test","created_at":"3:00
        PM 06/05/2023"},{"id":5,"body":"Samuel Jones","user_id":1,"post_id":1,"username":"test","created_at":"11:43
        AM 06/06/2023"},{"id":6,"body":"Samuel Jones","user_id":1,"post_id":1,"username":"test","created_at":"11:56
        AM 06/06/2023"},{"id":7,"body":"Samuel Jones","user_id":1,"post_id":1,"username":"test","created_at":"11:58
        AM 06/06/2023"},{"id":8,"body":"Samuel Jones","user_id":1,"post_id":1,"username":"test","created_at":"12:00
        PM 06/06/2023"},{"id":9,"body":"Samuel Jones","user_id":1,"post_id":1,"username":"test","created_at":"12:02
        PM 06/06/2023"},{"id":10,"body":"Samuel Jones","user_id":1,"post_id":1,"username":"test","created_at":"12:09
        PM 06/06/2023"}],"parent_plates":[{"plate_number":"ABC-1234"}],"formatted_created_at":"3:00
        PM 06/05/2023"}}}'
  recorded_at: Tue, 06 Jun 2023 18:09:11 GMT
- request:
    method: get
    uri: http://localhost:5000/api/v1/posts/1
    body:
      encoding: US-ASCII
      string: ''
    headers:
      User-Agent:
      - Faraday v2.7.5
      Accept-Encoding:
      - gzip;q=1.0,deflate;q=0.6,identity;q=0.3
      Accept:
      - "*/*"
  response:
    status:
      code: 200
      message: OK
    headers:
      X-Frame-Options:
      - SAMEORIGIN
      X-Xss-Protection:
      - '0'
      X-Content-Type-Options:
      - nosniff
      X-Download-Options:
      - noopen
      X-Permitted-Cross-Domain-Policies:
      - none
      Referrer-Policy:
      - strict-origin-when-cross-origin
      Content-Type:
      - application/json; charset=utf-8
      Vary:
      - Accept
      Etag:
      - W/"cbec2373111f8260d3640c527e508392"
      Cache-Control:
      - max-age=0, private, must-revalidate
      X-Request-Id:
      - 25daa1f1-8787-4afe-920f-b7523373abaf
      X-Runtime:
      - '0.009469'
      Server-Timing:
      - start_processing.action_controller;dur=0.06, sql.active_record;dur=3.89, instantiation.active_record;dur=0.24,
        process_action.action_controller;dur=6.86
      Transfer-Encoding:
      - chunked
    body:
      encoding: UTF-8
      string: '{"data":{"id":"1","type":"post","attributes":{"id":1,"title":"Test
        Post","body":"This is a test post","user_id":1,"created_at":"2023-06-05T21:00:11.728Z","updated_at":"2023-06-05T21:00:11.728Z","plate_posts":[{"photo_url":null}],"username":"test","comments":[{"id":1,"body":"This
        is a test comment","user_id":3,"post_id":1,"username":"User Show Test","created_at":"3:00
        PM 06/05/2023"},{"id":5,"body":"Samuel Jones","user_id":1,"post_id":1,"username":"test","created_at":"11:43
        AM 06/06/2023"},{"id":6,"body":"Samuel Jones","user_id":1,"post_id":1,"username":"test","created_at":"11:56
        AM 06/06/2023"},{"id":7,"body":"Samuel Jones","user_id":1,"post_id":1,"username":"test","created_at":"11:58
        AM 06/06/2023"},{"id":8,"body":"Samuel Jones","user_id":1,"post_id":1,"username":"test","created_at":"12:00
        PM 06/06/2023"},{"id":9,"body":"Samuel Jones","user_id":1,"post_id":1,"username":"test","created_at":"12:02
        PM 06/06/2023"},{"id":10,"body":"Samuel Jones","user_id":1,"post_id":1,"username":"test","created_at":"12:09
        PM 06/06/2023"}],"parent_plates":[{"plate_number":"ABC-1234"}],"formatted_created_at":"3:00
        PM 06/05/2023"}}}'
  recorded_at: Tue, 06 Jun 2023 18:09:11 GMT
- request:
    method: post
    uri: https://commentanalyzer.googleapis.com/v1alpha1/comments:analyze?key=DONT_SHARE_MY_DATA_7
    body:
      encoding: UTF-8
      string: '{"comment":{"text":"I''m going to kill you"},"requestedAttributes":{"TOXICITY":{},"IDENTITY_ATTACK":{},"INSULT":{},"PROFANITY":{},"THREAT":{}}}'
    headers:
      Content-Type:
      - application/json, DONT_SHARE_MY_DATA_7
      User-Agent:
      - Faraday v2.7.5
      Accept-Encoding:
      - gzip;q=1.0,deflate;q=0.6,identity;q=0.3
      Accept:
      - "*/*"
  response:
    status:
      code: 200
      message: OK
    headers:
      Content-Type:
      - application/json; charset=UTF-8
      Vary:
      - Origin
      - Referer
      - X-Origin
      Date:
      - Tue, 06 Jun 2023 18:09:11 GMT
      Server:
      - ESF
      Cache-Control:
      - private
      X-Xss-Protection:
      - '0'
      X-Frame-Options:
      - SAMEORIGIN
      X-Content-Type-Options:
      - nosniff
      Alt-Svc:
      - h3=":443"; ma=2592000,h3-29=":443"; ma=2592000
      Transfer-Encoding:
      - chunked
    body:
      encoding: ASCII-8BIT
      string: |
        {
          "attributeScores": {
            "IDENTITY_ATTACK": {
              "spanScores": [
                {
                  "begin": 0,
                  "end": 21,
                  "score": {
                    "value": 0.09576365,
                    "type": "PROBABILITY"
                  }
                }
              ],
              "summaryScore": {
                "value": 0.09576365,
                "type": "PROBABILITY"
              }
            },
            "THREAT": {
              "spanScores": [
                {
                  "begin": 0,
                  "end": 21,
                  "score": {
                    "value": 0.92211,
                    "type": "PROBABILITY"
                  }
                }
              ],
              "summaryScore": {
                "value": 0.92211,
                "type": "PROBABILITY"
              }
            },
            "PROFANITY": {
              "spanScores": [
                {
                  "begin": 0,
                  "end": 21,
                  "score": {
                    "value": 0.39409557,
                    "type": "PROBABILITY"
                  }
                }
              ],
              "summaryScore": {
                "value": 0.39409557,
                "type": "PROBABILITY"
              }
            },
            "TOXICITY": {
              "spanScores": [
                {
                  "begin": 0,
                  "end": 21,
                  "score": {
                    "value": 0.93383175,
                    "type": "PROBABILITY"
                  }
                }
              ],
              "summaryScore": {
                "value": 0.93383175,
                "type": "PROBABILITY"
              }
            },
            "INSULT": {
              "spanScores": [
                {
                  "begin": 0,
                  "end": 21,
                  "score": {
                    "value": 0.26957804,
                    "type": "PROBABILITY"
                  }
                }
              ],
              "summaryScore": {
                "value": 0.26957804,
                "type": "PROBABILITY"
              }
            }
          },
          "languages": [
            "en"
          ],
          "detectedLanguages": [
            "en"
          ]
        }
  recorded_at: Tue, 06 Jun 2023 18:09:11 GMT
- request:
    method: get
    uri: http://localhost:5000/api/v1/posts/1
    body:
      encoding: US-ASCII
      string: ''
    headers:
      User-Agent:
      - Faraday v2.7.5
      Accept-Encoding:
      - gzip;q=1.0,deflate;q=0.6,identity;q=0.3
      Accept:
      - "*/*"
  response:
    status:
      code: 200
      message: OK
    headers:
      X-Frame-Options:
      - SAMEORIGIN
      X-Xss-Protection:
      - '0'
      X-Content-Type-Options:
      - nosniff
      X-Download-Options:
      - noopen
      X-Permitted-Cross-Domain-Policies:
      - none
      Referrer-Policy:
      - strict-origin-when-cross-origin
      Content-Type:
      - application/json; charset=utf-8
      Vary:
      - Accept
      Etag:
      - W/"cbec2373111f8260d3640c527e508392"
      Cache-Control:
      - max-age=0, private, must-revalidate
      X-Request-Id:
      - 9b17fe24-276a-4b9d-9d45-e8600bbdf073
      X-Runtime:
      - '0.010490'
      Server-Timing:
      - start_processing.action_controller;dur=0.07, sql.active_record;dur=3.88, instantiation.active_record;dur=0.26,
        process_action.action_controller;dur=7.36
      Transfer-Encoding:
      - chunked
    body:
      encoding: UTF-8
      string: '{"data":{"id":"1","type":"post","attributes":{"id":1,"title":"Test
        Post","body":"This is a test post","user_id":1,"created_at":"2023-06-05T21:00:11.728Z","updated_at":"2023-06-05T21:00:11.728Z","plate_posts":[{"photo_url":null}],"username":"test","comments":[{"id":1,"body":"This
        is a test comment","user_id":3,"post_id":1,"username":"User Show Test","created_at":"3:00
        PM 06/05/2023"},{"id":5,"body":"Samuel Jones","user_id":1,"post_id":1,"username":"test","created_at":"11:43
        AM 06/06/2023"},{"id":6,"body":"Samuel Jones","user_id":1,"post_id":1,"username":"test","created_at":"11:56
        AM 06/06/2023"},{"id":7,"body":"Samuel Jones","user_id":1,"post_id":1,"username":"test","created_at":"11:58
        AM 06/06/2023"},{"id":8,"body":"Samuel Jones","user_id":1,"post_id":1,"username":"test","created_at":"12:00
        PM 06/06/2023"},{"id":9,"body":"Samuel Jones","user_id":1,"post_id":1,"username":"test","created_at":"12:02
        PM 06/06/2023"},{"id":10,"body":"Samuel Jones","user_id":1,"post_id":1,"username":"test","created_at":"12:09
        PM 06/06/2023"}],"parent_plates":[{"plate_number":"ABC-1234"}],"formatted_created_at":"3:00
        PM 06/05/2023"}}}'
  recorded_at: Tue, 06 Jun 2023 18:09:11 GMT
- request:
    method: get
    uri: http://localhost:5000/api/v1/posts/1
    body:
      encoding: US-ASCII
      string: ''
    headers:
      User-Agent:
      - Faraday v2.7.5
      Accept-Encoding:
      - gzip;q=1.0,deflate;q=0.6,identity;q=0.3
      Accept:
      - "*/*"
  response:
    status:
      code: 200
      message: OK
    headers:
      X-Frame-Options:
      - SAMEORIGIN
      X-Xss-Protection:
      - '0'
      X-Content-Type-Options:
      - nosniff
      X-Download-Options:
      - noopen
      X-Permitted-Cross-Domain-Policies:
      - none
      Referrer-Policy:
      - strict-origin-when-cross-origin
      Content-Type:
      - application/json; charset=utf-8
      Vary:
      - Accept
      Etag:
      - W/"cbec2373111f8260d3640c527e508392"
      Cache-Control:
      - max-age=0, private, must-revalidate
      X-Request-Id:
      - 300791a4-3c2a-4e0f-a7c5-5a53df42cc24
      X-Runtime:
      - '0.009549'
      Server-Timing:
      - start_processing.action_controller;dur=0.06, sql.active_record;dur=4.05, instantiation.active_record;dur=0.25,
        process_action.action_controller;dur=7.06
      Transfer-Encoding:
      - chunked
    body:
      encoding: UTF-8
      string: '{"data":{"id":"1","type":"post","attributes":{"id":1,"title":"Test
        Post","body":"This is a test post","user_id":1,"created_at":"2023-06-05T21:00:11.728Z","updated_at":"2023-06-05T21:00:11.728Z","plate_posts":[{"photo_url":null}],"username":"test","comments":[{"id":1,"body":"This
        is a test comment","user_id":3,"post_id":1,"username":"User Show Test","created_at":"3:00
        PM 06/05/2023"},{"id":5,"body":"Samuel Jones","user_id":1,"post_id":1,"username":"test","created_at":"11:43
        AM 06/06/2023"},{"id":6,"body":"Samuel Jones","user_id":1,"post_id":1,"username":"test","created_at":"11:56
        AM 06/06/2023"},{"id":7,"body":"Samuel Jones","user_id":1,"post_id":1,"username":"test","created_at":"11:58
        AM 06/06/2023"},{"id":8,"body":"Samuel Jones","user_id":1,"post_id":1,"username":"test","created_at":"12:00
        PM 06/06/2023"},{"id":9,"body":"Samuel Jones","user_id":1,"post_id":1,"username":"test","created_at":"12:02
        PM 06/06/2023"},{"id":10,"body":"Samuel Jones","user_id":1,"post_id":1,"username":"test","created_at":"12:09
        PM 06/06/2023"}],"parent_plates":[{"plate_number":"ABC-1234"}],"formatted_created_at":"3:00
        PM 06/05/2023"}}}'
  recorded_at: Tue, 06 Jun 2023 18:09:11 GMT
- request:
    method: get
    uri: http://localhost:5000/api/v1/posts/1
    body:
      encoding: US-ASCII
      string: ''
    headers:
      User-Agent:
      - Faraday v2.7.5
      Accept-Encoding:
      - gzip;q=1.0,deflate;q=0.6,identity;q=0.3
      Accept:
      - "*/*"
  response:
    status:
      code: 200
      message: OK
    headers:
      X-Frame-Options:
      - SAMEORIGIN
      X-Xss-Protection:
      - '0'
      X-Content-Type-Options:
      - nosniff
      X-Download-Options:
      - noopen
      X-Permitted-Cross-Domain-Policies:
      - none
      Referrer-Policy:
      - strict-origin-when-cross-origin
      Content-Type:
      - application/json; charset=utf-8
      Vary:
      - Accept
      Etag:
      - W/"cbec2373111f8260d3640c527e508392"
      Cache-Control:
      - max-age=0, private, must-revalidate
      X-Request-Id:
      - 594237ee-5ffd-4812-abab-e67b7e42d8c6
      X-Runtime:
      - '0.009427'
      Server-Timing:
      - start_processing.action_controller;dur=0.06, sql.active_record;dur=3.84, instantiation.active_record;dur=0.25,
        process_action.action_controller;dur=7.00
      Transfer-Encoding:
      - chunked
    body:
      encoding: UTF-8
      string: '{"data":{"id":"1","type":"post","attributes":{"id":1,"title":"Test
        Post","body":"This is a test post","user_id":1,"created_at":"2023-06-05T21:00:11.728Z","updated_at":"2023-06-05T21:00:11.728Z","plate_posts":[{"photo_url":null}],"username":"test","comments":[{"id":1,"body":"This
        is a test comment","user_id":3,"post_id":1,"username":"User Show Test","created_at":"3:00
        PM 06/05/2023"},{"id":5,"body":"Samuel Jones","user_id":1,"post_id":1,"username":"test","created_at":"11:43
        AM 06/06/2023"},{"id":6,"body":"Samuel Jones","user_id":1,"post_id":1,"username":"test","created_at":"11:56
        AM 06/06/2023"},{"id":7,"body":"Samuel Jones","user_id":1,"post_id":1,"username":"test","created_at":"11:58
        AM 06/06/2023"},{"id":8,"body":"Samuel Jones","user_id":1,"post_id":1,"username":"test","created_at":"12:00
        PM 06/06/2023"},{"id":9,"body":"Samuel Jones","user_id":1,"post_id":1,"username":"test","created_at":"12:02
        PM 06/06/2023"},{"id":10,"body":"Samuel Jones","user_id":1,"post_id":1,"username":"test","created_at":"12:09
        PM 06/06/2023"}],"parent_plates":[{"plate_number":"ABC-1234"}],"formatted_created_at":"3:00
        PM 06/05/2023"}}}'
  recorded_at: Tue, 06 Jun 2023 18:09:11 GMT
- request:
    method: get
    uri: http://localhost:5000/api/v1/posts/1
    body:
      encoding: US-ASCII
      string: ''
    headers:
      User-Agent:
      - Faraday v2.7.5
      Accept-Encoding:
      - gzip;q=1.0,deflate;q=0.6,identity;q=0.3
      Accept:
      - "*/*"
  response:
    status:
      code: 200
      message: OK
    headers:
      X-Frame-Options:
      - SAMEORIGIN
      X-Xss-Protection:
      - '0'
      X-Content-Type-Options:
      - nosniff
      X-Download-Options:
      - noopen
      X-Permitted-Cross-Domain-Policies:
      - none
      Referrer-Policy:
      - strict-origin-when-cross-origin
      Content-Type:
      - application/json; charset=utf-8
      Vary:
      - Accept
      Etag:
      - W/"cbec2373111f8260d3640c527e508392"
      Cache-Control:
      - max-age=0, private, must-revalidate
      X-Request-Id:
      - 28ccb314-7fde-428a-be5b-9f06b99bd66b
      X-Runtime:
      - '0.010299'
      Server-Timing:
      - start_processing.action_controller;dur=0.05, sql.active_record;dur=4.35, instantiation.active_record;dur=0.27,
        process_action.action_controller;dur=7.71
      Transfer-Encoding:
      - chunked
    body:
      encoding: UTF-8
      string: '{"data":{"id":"1","type":"post","attributes":{"id":1,"title":"Test
        Post","body":"This is a test post","user_id":1,"created_at":"2023-06-05T21:00:11.728Z","updated_at":"2023-06-05T21:00:11.728Z","plate_posts":[{"photo_url":null}],"username":"test","comments":[{"id":1,"body":"This
        is a test comment","user_id":3,"post_id":1,"username":"User Show Test","created_at":"3:00
        PM 06/05/2023"},{"id":5,"body":"Samuel Jones","user_id":1,"post_id":1,"username":"test","created_at":"11:43
        AM 06/06/2023"},{"id":6,"body":"Samuel Jones","user_id":1,"post_id":1,"username":"test","created_at":"11:56
        AM 06/06/2023"},{"id":7,"body":"Samuel Jones","user_id":1,"post_id":1,"username":"test","created_at":"11:58
        AM 06/06/2023"},{"id":8,"body":"Samuel Jones","user_id":1,"post_id":1,"username":"test","created_at":"12:00
        PM 06/06/2023"},{"id":9,"body":"Samuel Jones","user_id":1,"post_id":1,"username":"test","created_at":"12:02
        PM 06/06/2023"},{"id":10,"body":"Samuel Jones","user_id":1,"post_id":1,"username":"test","created_at":"12:09
        PM 06/06/2023"}],"parent_plates":[{"plate_number":"ABC-1234"}],"formatted_created_at":"3:00
        PM 06/05/2023"}}}'
  recorded_at: Tue, 06 Jun 2023 18:09:11 GMT
- request:
    method: get
    uri: http://localhost:5000/api/v1/posts/1
    body:
      encoding: US-ASCII
      string: ''
    headers:
      User-Agent:
      - Faraday v2.7.5
      Accept-Encoding:
      - gzip;q=1.0,deflate;q=0.6,identity;q=0.3
      Accept:
      - "*/*"
  response:
    status:
      code: 200
      message: OK
    headers:
      X-Frame-Options:
      - SAMEORIGIN
      X-Xss-Protection:
      - '0'
      X-Content-Type-Options:
      - nosniff
      X-Download-Options:
      - noopen
      X-Permitted-Cross-Domain-Policies:
      - none
      Referrer-Policy:
      - strict-origin-when-cross-origin
      Content-Type:
      - application/json; charset=utf-8
      Vary:
      - Accept
      Etag:
      - W/"cbec2373111f8260d3640c527e508392"
      Cache-Control:
      - max-age=0, private, must-revalidate
      X-Request-Id:
      - 48aff3e4-2a35-4365-aaff-4150c7e454ea
      X-Runtime:
      - '0.010572'
      Server-Timing:
      - start_processing.action_controller;dur=0.06, sql.active_record;dur=3.88, instantiation.active_record;dur=1.14,
        process_action.action_controller;dur=7.98
      Transfer-Encoding:
      - chunked
    body:
      encoding: UTF-8
      string: '{"data":{"id":"1","type":"post","attributes":{"id":1,"title":"Test
        Post","body":"This is a test post","user_id":1,"created_at":"2023-06-05T21:00:11.728Z","updated_at":"2023-06-05T21:00:11.728Z","plate_posts":[{"photo_url":null}],"username":"test","comments":[{"id":1,"body":"This
        is a test comment","user_id":3,"post_id":1,"username":"User Show Test","created_at":"3:00
        PM 06/05/2023"},{"id":5,"body":"Samuel Jones","user_id":1,"post_id":1,"username":"test","created_at":"11:43
        AM 06/06/2023"},{"id":6,"body":"Samuel Jones","user_id":1,"post_id":1,"username":"test","created_at":"11:56
        AM 06/06/2023"},{"id":7,"body":"Samuel Jones","user_id":1,"post_id":1,"username":"test","created_at":"11:58
        AM 06/06/2023"},{"id":8,"body":"Samuel Jones","user_id":1,"post_id":1,"username":"test","created_at":"12:00
        PM 06/06/2023"},{"id":9,"body":"Samuel Jones","user_id":1,"post_id":1,"username":"test","created_at":"12:02
        PM 06/06/2023"},{"id":10,"body":"Samuel Jones","user_id":1,"post_id":1,"username":"test","created_at":"12:09
        PM 06/06/2023"}],"parent_plates":[{"plate_number":"ABC-1234"}],"formatted_created_at":"3:00
        PM 06/05/2023"}}}'
  recorded_at: Tue, 06 Jun 2023 18:09:11 GMT
- request:
    method: get
    uri: http://localhost:5000/api/v1/posts/1
    body:
      encoding: US-ASCII
      string: ''
    headers:
      User-Agent:
      - Faraday v2.7.5
      Accept-Encoding:
      - gzip;q=1.0,deflate;q=0.6,identity;q=0.3
      Accept:
      - "*/*"
  response:
    status:
      code: 200
      message: OK
    headers:
      X-Frame-Options:
      - SAMEORIGIN
      X-Xss-Protection:
      - '0'
      X-Content-Type-Options:
      - nosniff
      X-Download-Options:
      - noopen
      X-Permitted-Cross-Domain-Policies:
      - none
      Referrer-Policy:
      - strict-origin-when-cross-origin
      Content-Type:
      - application/json; charset=utf-8
      Vary:
      - Accept
      Etag:
      - W/"cbec2373111f8260d3640c527e508392"
      Cache-Control:
      - max-age=0, private, must-revalidate
      X-Request-Id:
      - 93c03ad9-6671-42ee-a625-7c3afed56541
      X-Runtime:
      - '0.009765'
      Server-Timing:
      - start_processing.action_controller;dur=0.06, sql.active_record;dur=3.95, instantiation.active_record;dur=0.26,
        process_action.action_controller;dur=7.25
      Transfer-Encoding:
      - chunked
    body:
      encoding: UTF-8
      string: '{"data":{"id":"1","type":"post","attributes":{"id":1,"title":"Test
        Post","body":"This is a test post","user_id":1,"created_at":"2023-06-05T21:00:11.728Z","updated_at":"2023-06-05T21:00:11.728Z","plate_posts":[{"photo_url":null}],"username":"test","comments":[{"id":1,"body":"This
        is a test comment","user_id":3,"post_id":1,"username":"User Show Test","created_at":"3:00
        PM 06/05/2023"},{"id":5,"body":"Samuel Jones","user_id":1,"post_id":1,"username":"test","created_at":"11:43
        AM 06/06/2023"},{"id":6,"body":"Samuel Jones","user_id":1,"post_id":1,"username":"test","created_at":"11:56
        AM 06/06/2023"},{"id":7,"body":"Samuel Jones","user_id":1,"post_id":1,"username":"test","created_at":"11:58
        AM 06/06/2023"},{"id":8,"body":"Samuel Jones","user_id":1,"post_id":1,"username":"test","created_at":"12:00
        PM 06/06/2023"},{"id":9,"body":"Samuel Jones","user_id":1,"post_id":1,"username":"test","created_at":"12:02
        PM 06/06/2023"},{"id":10,"body":"Samuel Jones","user_id":1,"post_id":1,"username":"test","created_at":"12:09
        PM 06/06/2023"}],"parent_plates":[{"plate_number":"ABC-1234"}],"formatted_created_at":"3:00
        PM 06/05/2023"}}}'
  recorded_at: Tue, 06 Jun 2023 18:09:12 GMT
- request:
    method: get
    uri: http://localhost:5000/api/v1/posts/1
    body:
      encoding: US-ASCII
      string: ''
    headers:
      User-Agent:
      - Faraday v2.7.5
      Accept-Encoding:
      - gzip;q=1.0,deflate;q=0.6,identity;q=0.3
      Accept:
      - "*/*"
  response:
    status:
      code: 200
      message: OK
    headers:
      X-Frame-Options:
      - SAMEORIGIN
      X-Xss-Protection:
      - '0'
      X-Content-Type-Options:
      - nosniff
      X-Download-Options:
      - noopen
      X-Permitted-Cross-Domain-Policies:
      - none
      Referrer-Policy:
      - strict-origin-when-cross-origin
      Content-Type:
      - application/json; charset=utf-8
      Vary:
      - Accept
      Etag:
      - W/"cbec2373111f8260d3640c527e508392"
      Cache-Control:
      - max-age=0, private, must-revalidate
      X-Request-Id:
      - aa02ed64-042d-41ab-9975-d77f3a432f57
      X-Runtime:
      - '0.009436'
      Server-Timing:
      - start_processing.action_controller;dur=0.06, sql.active_record;dur=4.02, instantiation.active_record;dur=0.24,
        process_action.action_controller;dur=6.93
      Transfer-Encoding:
      - chunked
    body:
      encoding: UTF-8
      string: '{"data":{"id":"1","type":"post","attributes":{"id":1,"title":"Test
        Post","body":"This is a test post","user_id":1,"created_at":"2023-06-05T21:00:11.728Z","updated_at":"2023-06-05T21:00:11.728Z","plate_posts":[{"photo_url":null}],"username":"test","comments":[{"id":1,"body":"This
        is a test comment","user_id":3,"post_id":1,"username":"User Show Test","created_at":"3:00
        PM 06/05/2023"},{"id":5,"body":"Samuel Jones","user_id":1,"post_id":1,"username":"test","created_at":"11:43
        AM 06/06/2023"},{"id":6,"body":"Samuel Jones","user_id":1,"post_id":1,"username":"test","created_at":"11:56
        AM 06/06/2023"},{"id":7,"body":"Samuel Jones","user_id":1,"post_id":1,"username":"test","created_at":"11:58
        AM 06/06/2023"},{"id":8,"body":"Samuel Jones","user_id":1,"post_id":1,"username":"test","created_at":"12:00
        PM 06/06/2023"},{"id":9,"body":"Samuel Jones","user_id":1,"post_id":1,"username":"test","created_at":"12:02
        PM 06/06/2023"},{"id":10,"body":"Samuel Jones","user_id":1,"post_id":1,"username":"test","created_at":"12:09
        PM 06/06/2023"}],"parent_plates":[{"plate_number":"ABC-1234"}],"formatted_created_at":"3:00
        PM 06/05/2023"}}}'
  recorded_at: Tue, 06 Jun 2023 18:09:12 GMT
- request:
    method: get
    uri: http://localhost:5000/api/v1/posts/1
    body:
      encoding: US-ASCII
      string: ''
    headers:
      User-Agent:
      - Faraday v2.7.5
      Accept-Encoding:
      - gzip;q=1.0,deflate;q=0.6,identity;q=0.3
      Accept:
      - "*/*"
  response:
    status:
      code: 200
      message: OK
    headers:
      X-Frame-Options:
      - SAMEORIGIN
      X-Xss-Protection:
      - '0'
      X-Content-Type-Options:
      - nosniff
      X-Download-Options:
      - noopen
      X-Permitted-Cross-Domain-Policies:
      - none
      Referrer-Policy:
      - strict-origin-when-cross-origin
      Content-Type:
      - application/json; charset=utf-8
      Vary:
      - Accept
      Etag:
      - W/"cbec2373111f8260d3640c527e508392"
      Cache-Control:
      - max-age=0, private, must-revalidate
      X-Request-Id:
      - dd35174e-9de4-4413-bde9-454720d1965d
      X-Runtime:
      - '0.009424'
      Server-Timing:
      - start_processing.action_controller;dur=0.06, sql.active_record;dur=3.88, instantiation.active_record;dur=0.24,
        process_action.action_controller;dur=6.96
      Transfer-Encoding:
      - chunked
    body:
      encoding: UTF-8
      string: '{"data":{"id":"1","type":"post","attributes":{"id":1,"title":"Test
        Post","body":"This is a test post","user_id":1,"created_at":"2023-06-05T21:00:11.728Z","updated_at":"2023-06-05T21:00:11.728Z","plate_posts":[{"photo_url":null}],"username":"test","comments":[{"id":1,"body":"This
        is a test comment","user_id":3,"post_id":1,"username":"User Show Test","created_at":"3:00
        PM 06/05/2023"},{"id":5,"body":"Samuel Jones","user_id":1,"post_id":1,"username":"test","created_at":"11:43
        AM 06/06/2023"},{"id":6,"body":"Samuel Jones","user_id":1,"post_id":1,"username":"test","created_at":"11:56
        AM 06/06/2023"},{"id":7,"body":"Samuel Jones","user_id":1,"post_id":1,"username":"test","created_at":"11:58
        AM 06/06/2023"},{"id":8,"body":"Samuel Jones","user_id":1,"post_id":1,"username":"test","created_at":"12:00
        PM 06/06/2023"},{"id":9,"body":"Samuel Jones","user_id":1,"post_id":1,"username":"test","created_at":"12:02
        PM 06/06/2023"},{"id":10,"body":"Samuel Jones","user_id":1,"post_id":1,"username":"test","created_at":"12:09
        PM 06/06/2023"}],"parent_plates":[{"plate_number":"ABC-1234"}],"formatted_created_at":"3:00
        PM 06/05/2023"}}}'
  recorded_at: Tue, 06 Jun 2023 18:09:12 GMT
- request:
    method: get
    uri: http://localhost:5000/api/v1/posts/1
    body:
      encoding: US-ASCII
      string: ''
    headers:
      User-Agent:
      - Faraday v2.7.5
      Accept-Encoding:
      - gzip;q=1.0,deflate;q=0.6,identity;q=0.3
      Accept:
      - "*/*"
  response:
    status:
      code: 200
      message: OK
    headers:
      X-Frame-Options:
      - SAMEORIGIN
      X-Xss-Protection:
      - '0'
      X-Content-Type-Options:
      - nosniff
      X-Download-Options:
      - noopen
      X-Permitted-Cross-Domain-Policies:
      - none
      Referrer-Policy:
      - strict-origin-when-cross-origin
      Content-Type:
      - application/json; charset=utf-8
      Vary:
      - Accept
      Etag:
      - W/"cbec2373111f8260d3640c527e508392"
      Cache-Control:
      - max-age=0, private, must-revalidate
      X-Request-Id:
      - 7c49fb79-6d63-4d0e-b4b6-fc8b1b870bcf
      X-Runtime:
      - '0.009293'
      Server-Timing:
      - start_processing.action_controller;dur=0.06, sql.active_record;dur=3.58, instantiation.active_record;dur=0.24,
        process_action.action_controller;dur=6.73
      Transfer-Encoding:
      - chunked
    body:
      encoding: UTF-8
      string: '{"data":{"id":"1","type":"post","attributes":{"id":1,"title":"Test
        Post","body":"This is a test post","user_id":1,"created_at":"2023-06-05T21:00:11.728Z","updated_at":"2023-06-05T21:00:11.728Z","plate_posts":[{"photo_url":null}],"username":"test","comments":[{"id":1,"body":"This
        is a test comment","user_id":3,"post_id":1,"username":"User Show Test","created_at":"3:00
        PM 06/05/2023"},{"id":5,"body":"Samuel Jones","user_id":1,"post_id":1,"username":"test","created_at":"11:43
        AM 06/06/2023"},{"id":6,"body":"Samuel Jones","user_id":1,"post_id":1,"username":"test","created_at":"11:56
        AM 06/06/2023"},{"id":7,"body":"Samuel Jones","user_id":1,"post_id":1,"username":"test","created_at":"11:58
        AM 06/06/2023"},{"id":8,"body":"Samuel Jones","user_id":1,"post_id":1,"username":"test","created_at":"12:00
        PM 06/06/2023"},{"id":9,"body":"Samuel Jones","user_id":1,"post_id":1,"username":"test","created_at":"12:02
        PM 06/06/2023"},{"id":10,"body":"Samuel Jones","user_id":1,"post_id":1,"username":"test","created_at":"12:09
        PM 06/06/2023"}],"parent_plates":[{"plate_number":"ABC-1234"}],"formatted_created_at":"3:00
        PM 06/05/2023"}}}'
  recorded_at: Tue, 06 Jun 2023 18:09:12 GMT
recorded_with: VCR 6.1.0
