---
http_interactions:
- request:
    method: get
    uri: http://localhost:5001/api/v1/posts/1
    body:
      encoding: US-ASCII
      string: ''
    headers:
      User-Agent:
      - Faraday v2.7.5
      Accept-Encoding:
      - gzip;q=1.0,deflate;q=0.6,identity;q=0.3
      Accept:
      - "*/*"
  response:
    status:
      code: 200
      message: OK
    headers:
      X-Frame-Options:
      - SAMEORIGIN
      X-Xss-Protection:
      - '0'
      X-Content-Type-Options:
      - nosniff
      X-Download-Options:
      - noopen
      X-Permitted-Cross-Domain-Policies:
      - none
      Referrer-Policy:
      - strict-origin-when-cross-origin
      Content-Type:
      - application/json; charset=utf-8
      Vary:
      - Accept
      Etag:
      - W/"ccc6d882544bf6772b76781b1550cb79"
      Cache-Control:
      - max-age=0, private, must-revalidate
      X-Request-Id:
      - 55af72e4-561e-45d2-86ff-8c93c9508bcd
      X-Runtime:
      - '0.028382'
      Server-Timing:
      - start_processing.action_controller;dur=0.26, sql.active_record;dur=8.93, instantiation.active_record;dur=0.75,
        process_action.action_controller;dur=16.56
      Transfer-Encoding:
      - chunked
    body:
      encoding: UTF-8
      string: '{"data":{"id":"1","type":"post","attributes":{"id":1,"title":"Test
        Post","body":"This is a test post","user_id":1,"created_at":"2023-06-06T21:16:35.675Z","updated_at":"2023-06-06T21:16:35.675Z","plate_posts":[{"photo_url":null}],"username":"test","comments":[{"id":1,"body":"This
        is a test comment","user_id":3,"post_id":1,"username":"User Show Test","created_at":"3:16
        PM 06/06/2023"},{"id":2,"body":"Samuel Jones","user_id":1,"post_id":1,"username":"test","created_at":"4:42
        PM 06/06/2023"},{"id":3,"body":"Samuel Jones","user_id":1,"post_id":1,"username":"test","created_at":"4:42
        PM 06/06/2023"},{"id":4,"body":"Samuel Jones","user_id":1,"post_id":1,"username":"test","created_at":"4:43
        PM 06/06/2023"},{"id":5,"body":"Samuel Jones","user_id":1,"post_id":1,"username":"test","created_at":"4:55
        PM 06/06/2023"}],"parent_plates":[{"plate_number":"ABC-1234"}],"formatted_created_at":"3:16
        PM 06/06/2023"}}}'
  recorded_at: Tue, 06 Jun 2023 22:55:36 GMT
- request:
    method: get
    uri: http://localhost:5001/api/v1/posts/1
    body:
      encoding: US-ASCII
      string: ''
    headers:
      User-Agent:
      - Faraday v2.7.5
      Accept-Encoding:
      - gzip;q=1.0,deflate;q=0.6,identity;q=0.3
      Accept:
      - "*/*"
  response:
    status:
      code: 200
      message: OK
    headers:
      X-Frame-Options:
      - SAMEORIGIN
      X-Xss-Protection:
      - '0'
      X-Content-Type-Options:
      - nosniff
      X-Download-Options:
      - noopen
      X-Permitted-Cross-Domain-Policies:
      - none
      Referrer-Policy:
      - strict-origin-when-cross-origin
      Content-Type:
      - application/json; charset=utf-8
      Vary:
      - Accept
      Etag:
      - W/"ccc6d882544bf6772b76781b1550cb79"
      Cache-Control:
      - max-age=0, private, must-revalidate
      X-Request-Id:
      - fd9bebef-3e3e-4d1e-bb47-ca8ae97ad3df
      X-Runtime:
      - '0.019870'
      Server-Timing:
      - start_processing.action_controller;dur=0.14, sql.active_record;dur=6.98, instantiation.active_record;dur=0.45,
        process_action.action_controller;dur=12.51
      Transfer-Encoding:
      - chunked
    body:
      encoding: UTF-8
      string: '{"data":{"id":"1","type":"post","attributes":{"id":1,"title":"Test
        Post","body":"This is a test post","user_id":1,"created_at":"2023-06-06T21:16:35.675Z","updated_at":"2023-06-06T21:16:35.675Z","plate_posts":[{"photo_url":null}],"username":"test","comments":[{"id":1,"body":"This
        is a test comment","user_id":3,"post_id":1,"username":"User Show Test","created_at":"3:16
        PM 06/06/2023"},{"id":2,"body":"Samuel Jones","user_id":1,"post_id":1,"username":"test","created_at":"4:42
        PM 06/06/2023"},{"id":3,"body":"Samuel Jones","user_id":1,"post_id":1,"username":"test","created_at":"4:42
        PM 06/06/2023"},{"id":4,"body":"Samuel Jones","user_id":1,"post_id":1,"username":"test","created_at":"4:43
        PM 06/06/2023"},{"id":5,"body":"Samuel Jones","user_id":1,"post_id":1,"username":"test","created_at":"4:55
        PM 06/06/2023"}],"parent_plates":[{"plate_number":"ABC-1234"}],"formatted_created_at":"3:16
        PM 06/06/2023"}}}'
  recorded_at: Tue, 06 Jun 2023 22:55:36 GMT
- request:
    method: get
    uri: http://localhost:5001/api/v1/posts/1
    body:
      encoding: US-ASCII
      string: ''
    headers:
      User-Agent:
      - Faraday v2.7.5
      Accept-Encoding:
      - gzip;q=1.0,deflate;q=0.6,identity;q=0.3
      Accept:
      - "*/*"
  response:
    status:
      code: 200
      message: OK
    headers:
      X-Frame-Options:
      - SAMEORIGIN
      X-Xss-Protection:
      - '0'
      X-Content-Type-Options:
      - nosniff
      X-Download-Options:
      - noopen
      X-Permitted-Cross-Domain-Policies:
      - none
      Referrer-Policy:
      - strict-origin-when-cross-origin
      Content-Type:
      - application/json; charset=utf-8
      Vary:
      - Accept
      Etag:
      - W/"ccc6d882544bf6772b76781b1550cb79"
      Cache-Control:
      - max-age=0, private, must-revalidate
      X-Request-Id:
      - 4dc21c9c-e59a-4222-bd16-c699cc1ffbd5
      X-Runtime:
      - '0.020528'
      Server-Timing:
      - start_processing.action_controller;dur=0.14, sql.active_record;dur=6.93, instantiation.active_record;dur=0.41,
        process_action.action_controller;dur=12.37
      Transfer-Encoding:
      - chunked
    body:
      encoding: UTF-8
      string: '{"data":{"id":"1","type":"post","attributes":{"id":1,"title":"Test
        Post","body":"This is a test post","user_id":1,"created_at":"2023-06-06T21:16:35.675Z","updated_at":"2023-06-06T21:16:35.675Z","plate_posts":[{"photo_url":null}],"username":"test","comments":[{"id":1,"body":"This
        is a test comment","user_id":3,"post_id":1,"username":"User Show Test","created_at":"3:16
        PM 06/06/2023"},{"id":2,"body":"Samuel Jones","user_id":1,"post_id":1,"username":"test","created_at":"4:42
        PM 06/06/2023"},{"id":3,"body":"Samuel Jones","user_id":1,"post_id":1,"username":"test","created_at":"4:42
        PM 06/06/2023"},{"id":4,"body":"Samuel Jones","user_id":1,"post_id":1,"username":"test","created_at":"4:43
        PM 06/06/2023"},{"id":5,"body":"Samuel Jones","user_id":1,"post_id":1,"username":"test","created_at":"4:55
        PM 06/06/2023"}],"parent_plates":[{"plate_number":"ABC-1234"}],"formatted_created_at":"3:16
        PM 06/06/2023"}}}'
  recorded_at: Tue, 06 Jun 2023 22:55:36 GMT
- request:
    method: get
    uri: http://localhost:5001/api/v1/posts/1
    body:
      encoding: US-ASCII
      string: ''
    headers:
      User-Agent:
      - Faraday v2.7.5
      Accept-Encoding:
      - gzip;q=1.0,deflate;q=0.6,identity;q=0.3
      Accept:
      - "*/*"
  response:
    status:
      code: 200
      message: OK
    headers:
      X-Frame-Options:
      - SAMEORIGIN
      X-Xss-Protection:
      - '0'
      X-Content-Type-Options:
      - nosniff
      X-Download-Options:
      - noopen
      X-Permitted-Cross-Domain-Policies:
      - none
      Referrer-Policy:
      - strict-origin-when-cross-origin
      Content-Type:
      - application/json; charset=utf-8
      Vary:
      - Accept
      Etag:
      - W/"ccc6d882544bf6772b76781b1550cb79"
      Cache-Control:
      - max-age=0, private, must-revalidate
      X-Request-Id:
      - 8c8b02e1-8ac9-4677-837e-7e9e685817cf
      X-Runtime:
      - '0.017789'
      Server-Timing:
      - start_processing.action_controller;dur=0.13, sql.active_record;dur=6.10, instantiation.active_record;dur=0.69,
        process_action.action_controller;dur=11.77
      Transfer-Encoding:
      - chunked
    body:
      encoding: UTF-8
      string: '{"data":{"id":"1","type":"post","attributes":{"id":1,"title":"Test
        Post","body":"This is a test post","user_id":1,"created_at":"2023-06-06T21:16:35.675Z","updated_at":"2023-06-06T21:16:35.675Z","plate_posts":[{"photo_url":null}],"username":"test","comments":[{"id":1,"body":"This
        is a test comment","user_id":3,"post_id":1,"username":"User Show Test","created_at":"3:16
        PM 06/06/2023"},{"id":2,"body":"Samuel Jones","user_id":1,"post_id":1,"username":"test","created_at":"4:42
        PM 06/06/2023"},{"id":3,"body":"Samuel Jones","user_id":1,"post_id":1,"username":"test","created_at":"4:42
        PM 06/06/2023"},{"id":4,"body":"Samuel Jones","user_id":1,"post_id":1,"username":"test","created_at":"4:43
        PM 06/06/2023"},{"id":5,"body":"Samuel Jones","user_id":1,"post_id":1,"username":"test","created_at":"4:55
        PM 06/06/2023"}],"parent_plates":[{"plate_number":"ABC-1234"}],"formatted_created_at":"3:16
        PM 06/06/2023"}}}'
  recorded_at: Tue, 06 Jun 2023 22:55:36 GMT
- request:
    method: get
    uri: http://localhost:5001/api/v1/posts/1
    body:
      encoding: US-ASCII
      string: ''
    headers:
      User-Agent:
      - Faraday v2.7.5
      Accept-Encoding:
      - gzip;q=1.0,deflate;q=0.6,identity;q=0.3
      Accept:
      - "*/*"
  response:
    status:
      code: 200
      message: OK
    headers:
      X-Frame-Options:
      - SAMEORIGIN
      X-Xss-Protection:
      - '0'
      X-Content-Type-Options:
      - nosniff
      X-Download-Options:
      - noopen
      X-Permitted-Cross-Domain-Policies:
      - none
      Referrer-Policy:
      - strict-origin-when-cross-origin
      Content-Type:
      - application/json; charset=utf-8
      Vary:
      - Accept
      Etag:
      - W/"ccc6d882544bf6772b76781b1550cb79"
      Cache-Control:
      - max-age=0, private, must-revalidate
      X-Request-Id:
      - efa4a52b-064d-4aaa-848d-3362a8b4994b
      X-Runtime:
      - '0.019196'
      Server-Timing:
      - start_processing.action_controller;dur=0.14, sql.active_record;dur=6.27, instantiation.active_record;dur=0.43,
        process_action.action_controller;dur=11.47
      Transfer-Encoding:
      - chunked
    body:
      encoding: UTF-8
      string: '{"data":{"id":"1","type":"post","attributes":{"id":1,"title":"Test
        Post","body":"This is a test post","user_id":1,"created_at":"2023-06-06T21:16:35.675Z","updated_at":"2023-06-06T21:16:35.675Z","plate_posts":[{"photo_url":null}],"username":"test","comments":[{"id":1,"body":"This
        is a test comment","user_id":3,"post_id":1,"username":"User Show Test","created_at":"3:16
        PM 06/06/2023"},{"id":2,"body":"Samuel Jones","user_id":1,"post_id":1,"username":"test","created_at":"4:42
        PM 06/06/2023"},{"id":3,"body":"Samuel Jones","user_id":1,"post_id":1,"username":"test","created_at":"4:42
        PM 06/06/2023"},{"id":4,"body":"Samuel Jones","user_id":1,"post_id":1,"username":"test","created_at":"4:43
        PM 06/06/2023"},{"id":5,"body":"Samuel Jones","user_id":1,"post_id":1,"username":"test","created_at":"4:55
        PM 06/06/2023"}],"parent_plates":[{"plate_number":"ABC-1234"}],"formatted_created_at":"3:16
        PM 06/06/2023"}}}'
  recorded_at: Tue, 06 Jun 2023 22:55:36 GMT
- request:
    method: get
    uri: http://localhost:5001/api/v1/posts/1
    body:
      encoding: US-ASCII
      string: ''
    headers:
      User-Agent:
      - Faraday v2.7.5
      Accept-Encoding:
      - gzip;q=1.0,deflate;q=0.6,identity;q=0.3
      Accept:
      - "*/*"
  response:
    status:
      code: 200
      message: OK
    headers:
      X-Frame-Options:
      - SAMEORIGIN
      X-Xss-Protection:
      - '0'
      X-Content-Type-Options:
      - nosniff
      X-Download-Options:
      - noopen
      X-Permitted-Cross-Domain-Policies:
      - none
      Referrer-Policy:
      - strict-origin-when-cross-origin
      Content-Type:
      - application/json; charset=utf-8
      Vary:
      - Accept
      Etag:
      - W/"ccc6d882544bf6772b76781b1550cb79"
      Cache-Control:
      - max-age=0, private, must-revalidate
      X-Request-Id:
      - 506073e9-07ec-41eb-9441-ebdf9fea331d
      X-Runtime:
      - '0.019318'
      Server-Timing:
      - start_processing.action_controller;dur=0.13, sql.active_record;dur=6.73, instantiation.active_record;dur=0.44,
        process_action.action_controller;dur=11.82
      Transfer-Encoding:
      - chunked
    body:
      encoding: UTF-8
      string: '{"data":{"id":"1","type":"post","attributes":{"id":1,"title":"Test
        Post","body":"This is a test post","user_id":1,"created_at":"2023-06-06T21:16:35.675Z","updated_at":"2023-06-06T21:16:35.675Z","plate_posts":[{"photo_url":null}],"username":"test","comments":[{"id":1,"body":"This
        is a test comment","user_id":3,"post_id":1,"username":"User Show Test","created_at":"3:16
        PM 06/06/2023"},{"id":2,"body":"Samuel Jones","user_id":1,"post_id":1,"username":"test","created_at":"4:42
        PM 06/06/2023"},{"id":3,"body":"Samuel Jones","user_id":1,"post_id":1,"username":"test","created_at":"4:42
        PM 06/06/2023"},{"id":4,"body":"Samuel Jones","user_id":1,"post_id":1,"username":"test","created_at":"4:43
        PM 06/06/2023"},{"id":5,"body":"Samuel Jones","user_id":1,"post_id":1,"username":"test","created_at":"4:55
        PM 06/06/2023"}],"parent_plates":[{"plate_number":"ABC-1234"}],"formatted_created_at":"3:16
        PM 06/06/2023"}}}'
  recorded_at: Tue, 06 Jun 2023 22:55:36 GMT
- request:
    method: get
    uri: http://localhost:5001/api/v1/posts/1
    body:
      encoding: US-ASCII
      string: ''
    headers:
      User-Agent:
      - Faraday v2.7.5
      Accept-Encoding:
      - gzip;q=1.0,deflate;q=0.6,identity;q=0.3
      Accept:
      - "*/*"
  response:
    status:
      code: 200
      message: OK
    headers:
      X-Frame-Options:
      - SAMEORIGIN
      X-Xss-Protection:
      - '0'
      X-Content-Type-Options:
      - nosniff
      X-Download-Options:
      - noopen
      X-Permitted-Cross-Domain-Policies:
      - none
      Referrer-Policy:
      - strict-origin-when-cross-origin
      Content-Type:
      - application/json; charset=utf-8
      Vary:
      - Accept
      Etag:
      - W/"ccc6d882544bf6772b76781b1550cb79"
      Cache-Control:
      - max-age=0, private, must-revalidate
      X-Request-Id:
      - e94701ac-e318-491d-990d-6cfd2f793810
      X-Runtime:
      - '0.018684'
      Server-Timing:
      - start_processing.action_controller;dur=0.16, sql.active_record;dur=7.02, instantiation.active_record;dur=0.47,
        process_action.action_controller;dur=13.24
      Transfer-Encoding:
      - chunked
    body:
      encoding: UTF-8
      string: '{"data":{"id":"1","type":"post","attributes":{"id":1,"title":"Test
        Post","body":"This is a test post","user_id":1,"created_at":"2023-06-06T21:16:35.675Z","updated_at":"2023-06-06T21:16:35.675Z","plate_posts":[{"photo_url":null}],"username":"test","comments":[{"id":1,"body":"This
        is a test comment","user_id":3,"post_id":1,"username":"User Show Test","created_at":"3:16
        PM 06/06/2023"},{"id":2,"body":"Samuel Jones","user_id":1,"post_id":1,"username":"test","created_at":"4:42
        PM 06/06/2023"},{"id":3,"body":"Samuel Jones","user_id":1,"post_id":1,"username":"test","created_at":"4:42
        PM 06/06/2023"},{"id":4,"body":"Samuel Jones","user_id":1,"post_id":1,"username":"test","created_at":"4:43
        PM 06/06/2023"},{"id":5,"body":"Samuel Jones","user_id":1,"post_id":1,"username":"test","created_at":"4:55
        PM 06/06/2023"}],"parent_plates":[{"plate_number":"ABC-1234"}],"formatted_created_at":"3:16
        PM 06/06/2023"}}}'
  recorded_at: Tue, 06 Jun 2023 22:55:36 GMT
- request:
    method: get
    uri: http://localhost:5001/api/v1/posts/1
    body:
      encoding: US-ASCII
      string: ''
    headers:
      User-Agent:
      - Faraday v2.7.5
      Accept-Encoding:
      - gzip;q=1.0,deflate;q=0.6,identity;q=0.3
      Accept:
      - "*/*"
  response:
    status:
      code: 200
      message: OK
    headers:
      X-Frame-Options:
      - SAMEORIGIN
      X-Xss-Protection:
      - '0'
      X-Content-Type-Options:
      - nosniff
      X-Download-Options:
      - noopen
      X-Permitted-Cross-Domain-Policies:
      - none
      Referrer-Policy:
      - strict-origin-when-cross-origin
      Content-Type:
      - application/json; charset=utf-8
      Vary:
      - Accept
      Etag:
      - W/"ccc6d882544bf6772b76781b1550cb79"
      Cache-Control:
      - max-age=0, private, must-revalidate
      X-Request-Id:
      - a32e429e-dfb3-4e0c-812a-b964c5ec31ff
      X-Runtime:
      - '0.021525'
      Server-Timing:
      - start_processing.action_controller;dur=0.22, sql.active_record;dur=6.74, instantiation.active_record;dur=0.45,
        process_action.action_controller;dur=12.01
      Transfer-Encoding:
      - chunked
    body:
      encoding: UTF-8
      string: '{"data":{"id":"1","type":"post","attributes":{"id":1,"title":"Test
        Post","body":"This is a test post","user_id":1,"created_at":"2023-06-06T21:16:35.675Z","updated_at":"2023-06-06T21:16:35.675Z","plate_posts":[{"photo_url":null}],"username":"test","comments":[{"id":1,"body":"This
        is a test comment","user_id":3,"post_id":1,"username":"User Show Test","created_at":"3:16
        PM 06/06/2023"},{"id":2,"body":"Samuel Jones","user_id":1,"post_id":1,"username":"test","created_at":"4:42
        PM 06/06/2023"},{"id":3,"body":"Samuel Jones","user_id":1,"post_id":1,"username":"test","created_at":"4:42
        PM 06/06/2023"},{"id":4,"body":"Samuel Jones","user_id":1,"post_id":1,"username":"test","created_at":"4:43
        PM 06/06/2023"},{"id":5,"body":"Samuel Jones","user_id":1,"post_id":1,"username":"test","created_at":"4:55
        PM 06/06/2023"}],"parent_plates":[{"plate_number":"ABC-1234"}],"formatted_created_at":"3:16
        PM 06/06/2023"}}}'
  recorded_at: Tue, 06 Jun 2023 22:55:36 GMT
recorded_with: VCR 6.1.0
