---
http_interactions:
- request:
    method: get
    uri: http://localhost:5001/api/v1/users/3
    body:
      encoding: US-ASCII
      string: ''
    headers:
      User-Agent:
      - Faraday v2.7.5
      Accept-Encoding:
      - gzip;q=1.0,deflate;q=0.6,identity;q=0.3
      Accept:
      - "*/*"
  response:
    status:
      code: 200
      message: OK
    headers:
      X-Frame-Options:
      - SAMEORIGIN
      X-Xss-Protection:
      - '0'
      X-Content-Type-Options:
      - nosniff
      X-Download-Options:
      - noopen
      X-Permitted-Cross-Domain-Policies:
      - none
      Referrer-Policy:
      - strict-origin-when-cross-origin
      Content-Type:
      - application/json; charset=utf-8
      Vary:
      - Accept
      Etag:
      - W/"4ed85332fd1a39726cf2ef6ee2bb04b3"
      Cache-Control:
      - max-age=0, private, must-revalidate
      X-Request-Id:
      - 5a354939-5cb0-475c-99d4-397d4b99e58a
      X-Runtime:
      - '0.011488'
      Server-Timing:
      - start_processing.action_controller;dur=0.12, sql.active_record;dur=2.67, instantiation.active_record;dur=0.13,
        process_action.action_controller;dur=5.58
      Transfer-Encoding:
      - chunked
    body:
      encoding: UTF-8
      string: '{"data":{"id":"3","type":"user","attributes":{"id":3,"username":"234923492","email":"tester@gmail.com","uid":"234923492","token":"234u23u","created_at":"2023-06-07T21:35:05.208Z","updated_at":"2023-06-07T21:35:05.213Z","comments":[],"posts":[],"plates":[]}}}'
  recorded_at: Wed, 07 Jun 2023 21:41:04 GMT
- request:
    method: get
    uri: http://localhost:5001/api/v1/users/3
    body:
      encoding: US-ASCII
      string: ''
    headers:
      User-Agent:
      - Faraday v2.7.5
      Accept-Encoding:
      - gzip;q=1.0,deflate;q=0.6,identity;q=0.3
      Accept:
      - "*/*"
  response:
    status:
      code: 200
      message: OK
    headers:
      X-Frame-Options:
      - SAMEORIGIN
      X-Xss-Protection:
      - '0'
      X-Content-Type-Options:
      - nosniff
      X-Download-Options:
      - noopen
      X-Permitted-Cross-Domain-Policies:
      - none
      Referrer-Policy:
      - strict-origin-when-cross-origin
      Content-Type:
      - application/json; charset=utf-8
      Vary:
      - Accept
      Etag:
      - W/"4ed85332fd1a39726cf2ef6ee2bb04b3"
      Cache-Control:
      - max-age=0, private, must-revalidate
      X-Request-Id:
      - f1f0084f-e835-4167-827d-f24a53b8dc45
      X-Runtime:
      - '0.011987'
      Server-Timing:
      - start_processing.action_controller;dur=0.11, sql.active_record;dur=5.31, instantiation.active_record;dur=0.10,
        process_action.action_controller;dur=8.11
      Transfer-Encoding:
      - chunked
    body:
      encoding: UTF-8
      string: '{"data":{"id":"3","type":"user","attributes":{"id":3,"username":"234923492","email":"tester@gmail.com","uid":"234923492","token":"234u23u","created_at":"2023-06-07T21:35:05.208Z","updated_at":"2023-06-07T21:35:05.213Z","comments":[],"posts":[],"plates":[]}}}'
  recorded_at: Wed, 07 Jun 2023 21:41:04 GMT
- request:
    method: get
    uri: http://localhost:5001/api/v1/users/3
    body:
      encoding: US-ASCII
      string: ''
    headers:
      User-Agent:
      - Faraday v2.7.5
      Accept-Encoding:
      - gzip;q=1.0,deflate;q=0.6,identity;q=0.3
      Accept:
      - "*/*"
  response:
    status:
      code: 200
      message: OK
    headers:
      X-Frame-Options:
      - SAMEORIGIN
      X-Xss-Protection:
      - '0'
      X-Content-Type-Options:
      - nosniff
      X-Download-Options:
      - noopen
      X-Permitted-Cross-Domain-Policies:
      - none
      Referrer-Policy:
      - strict-origin-when-cross-origin
      Content-Type:
      - application/json; charset=utf-8
      Vary:
      - Accept
      Etag:
      - W/"4ed85332fd1a39726cf2ef6ee2bb04b3"
      Cache-Control:
      - max-age=0, private, must-revalidate
      X-Request-Id:
      - 92bc0bf4-e383-4e2e-8fd2-f4a2d5630576
      X-Runtime:
      - '0.007119'
      Server-Timing:
      - start_processing.action_controller;dur=0.06, sql.active_record;dur=1.71, instantiation.active_record;dur=0.06,
        process_action.action_controller;dur=3.75
      Transfer-Encoding:
      - chunked
    body:
      encoding: UTF-8
      string: '{"data":{"id":"3","type":"user","attributes":{"id":3,"username":"234923492","email":"tester@gmail.com","uid":"234923492","token":"234u23u","created_at":"2023-06-07T21:35:05.208Z","updated_at":"2023-06-07T21:35:05.213Z","comments":[],"posts":[],"plates":[]}}}'
  recorded_at: Wed, 07 Jun 2023 21:41:04 GMT
- request:
    method: get
    uri: http://localhost:5001/api/v1/users/3
    body:
      encoding: US-ASCII
      string: ''
    headers:
      User-Agent:
      - Faraday v2.7.5
      Accept-Encoding:
      - gzip;q=1.0,deflate;q=0.6,identity;q=0.3
      Accept:
      - "*/*"
  response:
    status:
      code: 200
      message: OK
    headers:
      X-Frame-Options:
      - SAMEORIGIN
      X-Xss-Protection:
      - '0'
      X-Content-Type-Options:
      - nosniff
      X-Download-Options:
      - noopen
      X-Permitted-Cross-Domain-Policies:
      - none
      Referrer-Policy:
      - strict-origin-when-cross-origin
      Content-Type:
      - application/json; charset=utf-8
      Vary:
      - Accept
      Etag:
      - W/"4ed85332fd1a39726cf2ef6ee2bb04b3"
      Cache-Control:
      - max-age=0, private, must-revalidate
      X-Request-Id:
      - e8121c62-be8e-40b9-b50b-3a53f0d49e09
      X-Runtime:
      - '0.007334'
      Server-Timing:
      - start_processing.action_controller;dur=0.08, sql.active_record;dur=1.69, instantiation.active_record;dur=0.05,
        process_action.action_controller;dur=3.73
      Transfer-Encoding:
      - chunked
    body:
      encoding: UTF-8
      string: '{"data":{"id":"3","type":"user","attributes":{"id":3,"username":"234923492","email":"tester@gmail.com","uid":"234923492","token":"234u23u","created_at":"2023-06-07T21:35:05.208Z","updated_at":"2023-06-07T21:35:05.213Z","comments":[],"posts":[],"plates":[]}}}'
  recorded_at: Wed, 07 Jun 2023 21:41:04 GMT
- request:
    method: get
    uri: http://localhost:5001/api/v1/users/3
    body:
      encoding: US-ASCII
      string: ''
    headers:
      User-Agent:
      - Faraday v2.7.5
      Accept-Encoding:
      - gzip;q=1.0,deflate;q=0.6,identity;q=0.3
      Accept:
      - "*/*"
  response:
    status:
      code: 200
      message: OK
    headers:
      X-Frame-Options:
      - SAMEORIGIN
      X-Xss-Protection:
      - '0'
      X-Content-Type-Options:
      - nosniff
      X-Download-Options:
      - noopen
      X-Permitted-Cross-Domain-Policies:
      - none
      Referrer-Policy:
      - strict-origin-when-cross-origin
      Content-Type:
      - application/json; charset=utf-8
      Vary:
      - Accept
      Etag:
      - W/"4ed85332fd1a39726cf2ef6ee2bb04b3"
      Cache-Control:
      - max-age=0, private, must-revalidate
      X-Request-Id:
      - ecdf1a04-7762-4b31-bc27-533069eb9b10
      X-Runtime:
      - '0.007498'
      Server-Timing:
      - start_processing.action_controller;dur=0.07, sql.active_record;dur=1.92, instantiation.active_record;dur=0.05,
        process_action.action_controller;dur=4.02
      Transfer-Encoding:
      - chunked
    body:
      encoding: UTF-8
      string: '{"data":{"id":"3","type":"user","attributes":{"id":3,"username":"234923492","email":"tester@gmail.com","uid":"234923492","token":"234u23u","created_at":"2023-06-07T21:35:05.208Z","updated_at":"2023-06-07T21:35:05.213Z","comments":[],"posts":[],"plates":[]}}}'
  recorded_at: Wed, 07 Jun 2023 21:41:04 GMT
- request:
    method: get
    uri: http://localhost:5001/api/v1/users/3
    body:
      encoding: US-ASCII
      string: ''
    headers:
      User-Agent:
      - Faraday v2.7.5
      Accept-Encoding:
      - gzip;q=1.0,deflate;q=0.6,identity;q=0.3
      Accept:
      - "*/*"
  response:
    status:
      code: 200
      message: OK
    headers:
      X-Frame-Options:
      - SAMEORIGIN
      X-Xss-Protection:
      - '0'
      X-Content-Type-Options:
      - nosniff
      X-Download-Options:
      - noopen
      X-Permitted-Cross-Domain-Policies:
      - none
      Referrer-Policy:
      - strict-origin-when-cross-origin
      Content-Type:
      - application/json; charset=utf-8
      Vary:
      - Accept
      Etag:
      - W/"4ed85332fd1a39726cf2ef6ee2bb04b3"
      Cache-Control:
      - max-age=0, private, must-revalidate
      X-Request-Id:
      - 78b1d8f6-4b63-46a7-a872-1400cdae9385
      X-Runtime:
      - '0.007800'
      Server-Timing:
      - start_processing.action_controller;dur=0.10, sql.active_record;dur=1.85, instantiation.active_record;dur=0.05,
        process_action.action_controller;dur=3.93
      Transfer-Encoding:
      - chunked
    body:
      encoding: UTF-8
      string: '{"data":{"id":"3","type":"user","attributes":{"id":3,"username":"234923492","email":"tester@gmail.com","uid":"234923492","token":"234u23u","created_at":"2023-06-07T21:35:05.208Z","updated_at":"2023-06-07T21:35:05.213Z","comments":[],"posts":[],"plates":[]}}}'
  recorded_at: Wed, 07 Jun 2023 21:41:04 GMT
recorded_with: VCR 6.1.0
