---
http_interactions:
- request:
    method: get
    uri: http://localhost:5001/api/v1/posts/1
    body:
      encoding: US-ASCII
      string: ''
    headers:
      User-Agent:
      - Faraday v2.7.5
      Accept-Encoding:
      - gzip;q=1.0,deflate;q=0.6,identity;q=0.3
      Accept:
      - "*/*"
  response:
    status:
      code: 200
      message: OK
    headers:
      X-Frame-Options:
      - SAMEORIGIN
      X-Xss-Protection:
      - '0'
      X-Content-Type-Options:
      - nosniff
      X-Download-Options:
      - noopen
      X-Permitted-Cross-Domain-Policies:
      - none
      Referrer-Policy:
      - strict-origin-when-cross-origin
      Content-Type:
      - application/json; charset=utf-8
      Vary:
      - Accept
      Etag:
      - W/"6c93c75fb1720232f7a444980e3eb3e7"
      Cache-Control:
      - max-age=0, private, must-revalidate
      X-Request-Id:
      - 3441d733-e333-462c-8db5-ec672d919e02
      X-Runtime:
      - '0.265034'
      Server-Timing:
      - sql.active_record;dur=120.34, start_processing.action_controller;dur=0.14,
        instantiation.active_record;dur=18.87, process_action.action_controller;dur=143.33
      Transfer-Encoding:
      - chunked
    body:
      encoding: UTF-8
      string: '{"data":{"id":"1","type":"post","attributes":{"id":1,"title":"Test
        Post","body":"This is a test post","user_id":1,"created_at":"2023-06-06T17:03:12.799Z","updated_at":"2023-06-06T17:03:12.799Z","plate_posts":[{"photo_url":null}],"username":"test","comments":[{"id":1,"body":"This
        is a test comment","user_id":3,"post_id":1,"username":"User Show Test","created_at":"12:03
        PM 06/06/2023"},{"id":2,"body":"Samuel Jones","user_id":1,"post_id":1,"username":"test","created_at":"12:04
        PM 06/06/2023"},{"id":3,"body":"Samuel Jones","user_id":1,"post_id":1,"username":"test","created_at":"3:32
        PM 06/06/2023"}],"parent_plates":[{"plate_number":"ABC-1234"}],"formatted_created_at":"12:03
        PM 06/06/2023"}}}'
  recorded_at: Tue, 06 Jun 2023 20:44:42 GMT
- request:
    method: get
    uri: http://localhost:5001/api/v1/posts/1
    body:
      encoding: US-ASCII
      string: ''
    headers:
      User-Agent:
      - Faraday v2.7.5
      Accept-Encoding:
      - gzip;q=1.0,deflate;q=0.6,identity;q=0.3
      Accept:
      - "*/*"
  response:
    status:
      code: 200
      message: OK
    headers:
      X-Frame-Options:
      - SAMEORIGIN
      X-Xss-Protection:
      - '0'
      X-Content-Type-Options:
      - nosniff
      X-Download-Options:
      - noopen
      X-Permitted-Cross-Domain-Policies:
      - none
      Referrer-Policy:
      - strict-origin-when-cross-origin
      Content-Type:
      - application/json; charset=utf-8
      Vary:
      - Accept
      Etag:
      - W/"6c93c75fb1720232f7a444980e3eb3e7"
      Cache-Control:
      - max-age=0, private, must-revalidate
      X-Request-Id:
      - aafa8755-0cb0-4be2-b3a3-d3061b27a1e7
      X-Runtime:
      - '0.039652'
      Server-Timing:
      - start_processing.action_controller;dur=0.23, sql.active_record;dur=27.28,
        instantiation.active_record;dur=0.59, process_action.action_controller;dur=34.85
      Transfer-Encoding:
      - chunked
    body:
      encoding: UTF-8
      string: '{"data":{"id":"1","type":"post","attributes":{"id":1,"title":"Test
        Post","body":"This is a test post","user_id":1,"created_at":"2023-06-06T17:03:12.799Z","updated_at":"2023-06-06T17:03:12.799Z","plate_posts":[{"photo_url":null}],"username":"test","comments":[{"id":1,"body":"This
        is a test comment","user_id":3,"post_id":1,"username":"User Show Test","created_at":"12:03
        PM 06/06/2023"},{"id":2,"body":"Samuel Jones","user_id":1,"post_id":1,"username":"test","created_at":"12:04
        PM 06/06/2023"},{"id":3,"body":"Samuel Jones","user_id":1,"post_id":1,"username":"test","created_at":"3:32
        PM 06/06/2023"}],"parent_plates":[{"plate_number":"ABC-1234"}],"formatted_created_at":"12:03
        PM 06/06/2023"}}}'
  recorded_at: Tue, 06 Jun 2023 20:44:42 GMT
- request:
    method: get
    uri: http://localhost:5001/api/v1/posts/1
    body:
      encoding: US-ASCII
      string: ''
    headers:
      User-Agent:
      - Faraday v2.7.5
      Accept-Encoding:
      - gzip;q=1.0,deflate;q=0.6,identity;q=0.3
      Accept:
      - "*/*"
  response:
    status:
      code: 200
      message: OK
    headers:
      X-Frame-Options:
      - SAMEORIGIN
      X-Xss-Protection:
      - '0'
      X-Content-Type-Options:
      - nosniff
      X-Download-Options:
      - noopen
      X-Permitted-Cross-Domain-Policies:
      - none
      Referrer-Policy:
      - strict-origin-when-cross-origin
      Content-Type:
      - application/json; charset=utf-8
      Vary:
      - Accept
      Etag:
      - W/"6c93c75fb1720232f7a444980e3eb3e7"
      Cache-Control:
      - max-age=0, private, must-revalidate
      X-Request-Id:
      - b2c56053-4d1b-42cd-b486-3564e462fdfd
      X-Runtime:
      - '0.009799'
      Server-Timing:
      - start_processing.action_controller;dur=0.10, sql.active_record;dur=3.71, instantiation.active_record;dur=0.21,
        process_action.action_controller;dur=6.67
      Transfer-Encoding:
      - chunked
    body:
      encoding: UTF-8
      string: '{"data":{"id":"1","type":"post","attributes":{"id":1,"title":"Test
        Post","body":"This is a test post","user_id":1,"created_at":"2023-06-06T17:03:12.799Z","updated_at":"2023-06-06T17:03:12.799Z","plate_posts":[{"photo_url":null}],"username":"test","comments":[{"id":1,"body":"This
        is a test comment","user_id":3,"post_id":1,"username":"User Show Test","created_at":"12:03
        PM 06/06/2023"},{"id":2,"body":"Samuel Jones","user_id":1,"post_id":1,"username":"test","created_at":"12:04
        PM 06/06/2023"},{"id":3,"body":"Samuel Jones","user_id":1,"post_id":1,"username":"test","created_at":"3:32
        PM 06/06/2023"}],"parent_plates":[{"plate_number":"ABC-1234"}],"formatted_created_at":"12:03
        PM 06/06/2023"}}}'
  recorded_at: Tue, 06 Jun 2023 20:44:42 GMT
- request:
    method: get
    uri: http://localhost:5001/api/v1/posts/1
    body:
      encoding: US-ASCII
      string: ''
    headers:
      User-Agent:
      - Faraday v2.7.5
      Accept-Encoding:
      - gzip;q=1.0,deflate;q=0.6,identity;q=0.3
      Accept:
      - "*/*"
  response:
    status:
      code: 200
      message: OK
    headers:
      X-Frame-Options:
      - SAMEORIGIN
      X-Xss-Protection:
      - '0'
      X-Content-Type-Options:
      - nosniff
      X-Download-Options:
      - noopen
      X-Permitted-Cross-Domain-Policies:
      - none
      Referrer-Policy:
      - strict-origin-when-cross-origin
      Content-Type:
      - application/json; charset=utf-8
      Vary:
      - Accept
      Etag:
      - W/"6c93c75fb1720232f7a444980e3eb3e7"
      Cache-Control:
      - max-age=0, private, must-revalidate
      X-Request-Id:
      - 7b3f1c10-9e84-4db1-924c-71d5e25acc73
      X-Runtime:
      - '0.010163'
      Server-Timing:
      - start_processing.action_controller;dur=0.06, sql.active_record;dur=4.21, instantiation.active_record;dur=0.22,
        process_action.action_controller;dur=7.17
      Transfer-Encoding:
      - chunked
    body:
      encoding: UTF-8
      string: '{"data":{"id":"1","type":"post","attributes":{"id":1,"title":"Test
        Post","body":"This is a test post","user_id":1,"created_at":"2023-06-06T17:03:12.799Z","updated_at":"2023-06-06T17:03:12.799Z","plate_posts":[{"photo_url":null}],"username":"test","comments":[{"id":1,"body":"This
        is a test comment","user_id":3,"post_id":1,"username":"User Show Test","created_at":"12:03
        PM 06/06/2023"},{"id":2,"body":"Samuel Jones","user_id":1,"post_id":1,"username":"test","created_at":"12:04
        PM 06/06/2023"},{"id":3,"body":"Samuel Jones","user_id":1,"post_id":1,"username":"test","created_at":"3:32
        PM 06/06/2023"}],"parent_plates":[{"plate_number":"ABC-1234"}],"formatted_created_at":"12:03
        PM 06/06/2023"}}}'
  recorded_at: Tue, 06 Jun 2023 20:44:42 GMT
- request:
    method: get
    uri: http://localhost:5001/api/v1/posts/1
    body:
      encoding: US-ASCII
      string: ''
    headers:
      User-Agent:
      - Faraday v2.7.5
      Accept-Encoding:
      - gzip;q=1.0,deflate;q=0.6,identity;q=0.3
      Accept:
      - "*/*"
  response:
    status:
      code: 200
      message: OK
    headers:
      X-Frame-Options:
      - SAMEORIGIN
      X-Xss-Protection:
      - '0'
      X-Content-Type-Options:
      - nosniff
      X-Download-Options:
      - noopen
      X-Permitted-Cross-Domain-Policies:
      - none
      Referrer-Policy:
      - strict-origin-when-cross-origin
      Content-Type:
      - application/json; charset=utf-8
      Vary:
      - Accept
      Etag:
      - W/"6c93c75fb1720232f7a444980e3eb3e7"
      Cache-Control:
      - max-age=0, private, must-revalidate
      X-Request-Id:
      - 9bb7e7b5-ffe3-4877-984e-dd6737cd9f65
      X-Runtime:
      - '0.010577'
      Server-Timing:
      - start_processing.action_controller;dur=0.07, sql.active_record;dur=4.72, instantiation.active_record;dur=0.21,
        process_action.action_controller;dur=7.59
      Transfer-Encoding:
      - chunked
    body:
      encoding: UTF-8
      string: '{"data":{"id":"1","type":"post","attributes":{"id":1,"title":"Test
        Post","body":"This is a test post","user_id":1,"created_at":"2023-06-06T17:03:12.799Z","updated_at":"2023-06-06T17:03:12.799Z","plate_posts":[{"photo_url":null}],"username":"test","comments":[{"id":1,"body":"This
        is a test comment","user_id":3,"post_id":1,"username":"User Show Test","created_at":"12:03
        PM 06/06/2023"},{"id":2,"body":"Samuel Jones","user_id":1,"post_id":1,"username":"test","created_at":"12:04
        PM 06/06/2023"},{"id":3,"body":"Samuel Jones","user_id":1,"post_id":1,"username":"test","created_at":"3:32
        PM 06/06/2023"}],"parent_plates":[{"plate_number":"ABC-1234"}],"formatted_created_at":"12:03
        PM 06/06/2023"}}}'
  recorded_at: Tue, 06 Jun 2023 20:44:42 GMT
- request:
    method: get
    uri: http://localhost:5001/api/v1/posts/1
    body:
      encoding: US-ASCII
      string: ''
    headers:
      User-Agent:
      - Faraday v2.7.5
      Accept-Encoding:
      - gzip;q=1.0,deflate;q=0.6,identity;q=0.3
      Accept:
      - "*/*"
  response:
    status:
      code: 200
      message: OK
    headers:
      X-Frame-Options:
      - SAMEORIGIN
      X-Xss-Protection:
      - '0'
      X-Content-Type-Options:
      - nosniff
      X-Download-Options:
      - noopen
      X-Permitted-Cross-Domain-Policies:
      - none
      Referrer-Policy:
      - strict-origin-when-cross-origin
      Content-Type:
      - application/json; charset=utf-8
      Vary:
      - Accept
      Etag:
      - W/"6c93c75fb1720232f7a444980e3eb3e7"
      Cache-Control:
      - max-age=0, private, must-revalidate
      X-Request-Id:
      - f5509d3f-1965-4ae0-b4b1-68d83136e46a
      X-Runtime:
      - '0.019043'
      Server-Timing:
      - start_processing.action_controller;dur=0.11, sql.active_record;dur=6.72, instantiation.active_record;dur=0.43,
        process_action.action_controller;dur=14.62
      Transfer-Encoding:
      - chunked
    body:
      encoding: UTF-8
      string: '{"data":{"id":"1","type":"post","attributes":{"id":1,"title":"Test
        Post","body":"This is a test post","user_id":1,"created_at":"2023-06-06T17:03:12.799Z","updated_at":"2023-06-06T17:03:12.799Z","plate_posts":[{"photo_url":null}],"username":"test","comments":[{"id":1,"body":"This
        is a test comment","user_id":3,"post_id":1,"username":"User Show Test","created_at":"12:03
        PM 06/06/2023"},{"id":2,"body":"Samuel Jones","user_id":1,"post_id":1,"username":"test","created_at":"12:04
        PM 06/06/2023"},{"id":3,"body":"Samuel Jones","user_id":1,"post_id":1,"username":"test","created_at":"3:32
        PM 06/06/2023"}],"parent_plates":[{"plate_number":"ABC-1234"}],"formatted_created_at":"12:03
        PM 06/06/2023"}}}'
  recorded_at: Tue, 06 Jun 2023 20:44:43 GMT
- request:
    method: get
    uri: http://localhost:5001/api/v1/posts/1
    body:
      encoding: US-ASCII
      string: ''
    headers:
      User-Agent:
      - Faraday v2.7.5
      Accept-Encoding:
      - gzip;q=1.0,deflate;q=0.6,identity;q=0.3
      Accept:
      - "*/*"
  response:
    status:
      code: 200
      message: OK
    headers:
      X-Frame-Options:
      - SAMEORIGIN
      X-Xss-Protection:
      - '0'
      X-Content-Type-Options:
      - nosniff
      X-Download-Options:
      - noopen
      X-Permitted-Cross-Domain-Policies:
      - none
      Referrer-Policy:
      - strict-origin-when-cross-origin
      Content-Type:
      - application/json; charset=utf-8
      Vary:
      - Accept
      Etag:
      - W/"6c93c75fb1720232f7a444980e3eb3e7"
      Cache-Control:
      - max-age=0, private, must-revalidate
      X-Request-Id:
      - b9618dbf-e7b1-4568-8c84-645ab2a75dc0
      X-Runtime:
      - '0.009173'
      Server-Timing:
      - start_processing.action_controller;dur=0.07, sql.active_record;dur=3.30, instantiation.active_record;dur=0.20,
        process_action.action_controller;dur=6.05
      Transfer-Encoding:
      - chunked
    body:
      encoding: UTF-8
      string: '{"data":{"id":"1","type":"post","attributes":{"id":1,"title":"Test
        Post","body":"This is a test post","user_id":1,"created_at":"2023-06-06T17:03:12.799Z","updated_at":"2023-06-06T17:03:12.799Z","plate_posts":[{"photo_url":null}],"username":"test","comments":[{"id":1,"body":"This
        is a test comment","user_id":3,"post_id":1,"username":"User Show Test","created_at":"12:03
        PM 06/06/2023"},{"id":2,"body":"Samuel Jones","user_id":1,"post_id":1,"username":"test","created_at":"12:04
        PM 06/06/2023"},{"id":3,"body":"Samuel Jones","user_id":1,"post_id":1,"username":"test","created_at":"3:32
        PM 06/06/2023"}],"parent_plates":[{"plate_number":"ABC-1234"}],"formatted_created_at":"12:03
        PM 06/06/2023"}}}'
  recorded_at: Tue, 06 Jun 2023 20:44:43 GMT
- request:
    method: get
    uri: http://localhost:5001/api/v1/posts/1
    body:
      encoding: US-ASCII
      string: ''
    headers:
      User-Agent:
      - Faraday v2.7.5
      Accept-Encoding:
      - gzip;q=1.0,deflate;q=0.6,identity;q=0.3
      Accept:
      - "*/*"
  response:
    status:
      code: 200
      message: OK
    headers:
      X-Frame-Options:
      - SAMEORIGIN
      X-Xss-Protection:
      - '0'
      X-Content-Type-Options:
      - nosniff
      X-Download-Options:
      - noopen
      X-Permitted-Cross-Domain-Policies:
      - none
      Referrer-Policy:
      - strict-origin-when-cross-origin
      Content-Type:
      - application/json; charset=utf-8
      Vary:
      - Accept
      Etag:
      - W/"6c93c75fb1720232f7a444980e3eb3e7"
      Cache-Control:
      - max-age=0, private, must-revalidate
      X-Request-Id:
      - 5eb5abe8-d978-4bb6-a0ae-1e25aea285e4
      X-Runtime:
      - '0.010969'
      Server-Timing:
      - start_processing.action_controller;dur=0.11, sql.active_record;dur=3.04, instantiation.active_record;dur=0.20,
        process_action.action_controller;dur=5.89
      Transfer-Encoding:
      - chunked
    body:
      encoding: UTF-8
      string: '{"data":{"id":"1","type":"post","attributes":{"id":1,"title":"Test
        Post","body":"This is a test post","user_id":1,"created_at":"2023-06-06T17:03:12.799Z","updated_at":"2023-06-06T17:03:12.799Z","plate_posts":[{"photo_url":null}],"username":"test","comments":[{"id":1,"body":"This
        is a test comment","user_id":3,"post_id":1,"username":"User Show Test","created_at":"12:03
        PM 06/06/2023"},{"id":2,"body":"Samuel Jones","user_id":1,"post_id":1,"username":"test","created_at":"12:04
        PM 06/06/2023"},{"id":3,"body":"Samuel Jones","user_id":1,"post_id":1,"username":"test","created_at":"3:32
        PM 06/06/2023"}],"parent_plates":[{"plate_number":"ABC-1234"}],"formatted_created_at":"12:03
        PM 06/06/2023"}}}'
  recorded_at: Tue, 06 Jun 2023 20:44:43 GMT
- request:
    method: get
    uri: http://localhost:5001/api/v1/posts/1
    body:
      encoding: US-ASCII
      string: ''
    headers:
      User-Agent:
      - Faraday v2.7.5
      Accept-Encoding:
      - gzip;q=1.0,deflate;q=0.6,identity;q=0.3
      Accept:
      - "*/*"
  response:
    status:
      code: 200
      message: OK
    headers:
      X-Frame-Options:
      - SAMEORIGIN
      X-Xss-Protection:
      - '0'
      X-Content-Type-Options:
      - nosniff
      X-Download-Options:
      - noopen
      X-Permitted-Cross-Domain-Policies:
      - none
      Referrer-Policy:
      - strict-origin-when-cross-origin
      Content-Type:
      - application/json; charset=utf-8
      Vary:
      - Accept
      Etag:
      - W/"6c93c75fb1720232f7a444980e3eb3e7"
      Cache-Control:
      - max-age=0, private, must-revalidate
      X-Request-Id:
      - 2bead32a-2552-4f58-8c28-2c21c0b6e6b6
      X-Runtime:
      - '0.011851'
      Server-Timing:
      - start_processing.action_controller;dur=0.09, sql.active_record;dur=3.06, instantiation.active_record;dur=0.20,
        process_action.action_controller;dur=5.81
      Transfer-Encoding:
      - chunked
    body:
      encoding: UTF-8
      string: '{"data":{"id":"1","type":"post","attributes":{"id":1,"title":"Test
        Post","body":"This is a test post","user_id":1,"created_at":"2023-06-06T17:03:12.799Z","updated_at":"2023-06-06T17:03:12.799Z","plate_posts":[{"photo_url":null}],"username":"test","comments":[{"id":1,"body":"This
        is a test comment","user_id":3,"post_id":1,"username":"User Show Test","created_at":"12:03
        PM 06/06/2023"},{"id":2,"body":"Samuel Jones","user_id":1,"post_id":1,"username":"test","created_at":"12:04
        PM 06/06/2023"},{"id":3,"body":"Samuel Jones","user_id":1,"post_id":1,"username":"test","created_at":"3:32
        PM 06/06/2023"}],"parent_plates":[{"plate_number":"ABC-1234"}],"formatted_created_at":"12:03
        PM 06/06/2023"}}}'
  recorded_at: Tue, 06 Jun 2023 20:44:43 GMT
- request:
    method: post
    uri: https://commentanalyzer.googleapis.com/v1alpha1/comments:analyze?key=DONT_SHARE_MY_DATA_7
    body:
      encoding: UTF-8
      string: '{"comment":{"text":"Samuel Jones"},"requestedAttributes":{"TOXICITY":{},"IDENTITY_ATTACK":{},"INSULT":{},"PROFANITY":{},"THREAT":{}}}'
    headers:
      Content-Type:
      - application/json, DONT_SHARE_MY_DATA_7
      User-Agent:
      - Faraday v2.7.5
      Accept-Encoding:
      - gzip;q=1.0,deflate;q=0.6,identity;q=0.3
      Accept:
      - "*/*"
  response:
    status:
      code: 200
      message: OK
    headers:
      Content-Type:
      - application/json; charset=UTF-8
      Vary:
      - Origin
      - Referer
      - X-Origin
      Date:
      - Tue, 06 Jun 2023 20:44:43 GMT
      Server:
      - ESF
      Cache-Control:
      - private
      X-Xss-Protection:
      - '0'
      X-Frame-Options:
      - SAMEORIGIN
      X-Content-Type-Options:
      - nosniff
      Alt-Svc:
      - h3=":443"; ma=2592000,h3-29=":443"; ma=2592000
      Transfer-Encoding:
      - chunked
    body:
      encoding: ASCII-8BIT
      string: |
        {
          "attributeScores": {
            "INSULT": {
              "spanScores": [
                {
                  "begin": 0,
                  "end": 12,
                  "score": {
                    "value": 0.007132874,
                    "type": "PROBABILITY"
                  }
                }
              ],
              "summaryScore": {
                "value": 0.007132874,
                "type": "PROBABILITY"
              }
            },
            "PROFANITY": {
              "spanScores": [
                {
                  "begin": 0,
                  "end": 12,
                  "score": {
                    "value": 0.013029462,
                    "type": "PROBABILITY"
                  }
                }
              ],
              "summaryScore": {
                "value": 0.013029462,
                "type": "PROBABILITY"
              }
            },
            "THREAT": {
              "spanScores": [
                {
                  "begin": 0,
                  "end": 12,
                  "score": {
                    "value": 0.006874025,
                    "type": "PROBABILITY"
                  }
                }
              ],
              "summaryScore": {
                "value": 0.006874025,
                "type": "PROBABILITY"
              }
            },
            "TOXICITY": {
              "spanScores": [
                {
                  "begin": 0,
                  "end": 12,
                  "score": {
                    "value": 0.007853788,
                    "type": "PROBABILITY"
                  }
                }
              ],
              "summaryScore": {
                "value": 0.007853788,
                "type": "PROBABILITY"
              }
            },
            "IDENTITY_ATTACK": {
              "spanScores": [
                {
                  "begin": 0,
                  "end": 12,
                  "score": {
                    "value": 0.0023863618,
                    "type": "PROBABILITY"
                  }
                }
              ],
              "summaryScore": {
                "value": 0.0023863618,
                "type": "PROBABILITY"
              }
            }
          },
          "languages": [
            "es"
          ],
          "detectedLanguages": [
            "es",
            "en"
          ]
        }
  recorded_at: Tue, 06 Jun 2023 20:44:43 GMT
- request:
    method: post
    uri: http://localhost:5001/api/v1/posts/1/comments
    body:
      encoding: UTF-8
      string: params%5Bbody%5D=Samuel+Jones&params%5Bpost_id%5D=1&params%5Buser_id%5D=1
    headers:
      User-Agent:
      - Faraday v2.7.5
      Content-Type:
      - application/x-www-form-urlencoded
      Accept-Encoding:
      - gzip;q=1.0,deflate;q=0.6,identity;q=0.3
      Accept:
      - "*/*"
  response:
    status:
      code: 200
      message: OK
    headers:
      X-Frame-Options:
      - SAMEORIGIN
      X-Xss-Protection:
      - '0'
      X-Content-Type-Options:
      - nosniff
      X-Download-Options:
      - noopen
      X-Permitted-Cross-Domain-Policies:
      - none
      Referrer-Policy:
      - strict-origin-when-cross-origin
      Content-Type:
      - application/json; charset=utf-8
      Vary:
      - Accept
      Etag:
      - W/"a09e5148f55d0c56930849a675d3afa6"
      Cache-Control:
      - max-age=0, private, must-revalidate
      X-Request-Id:
      - b8592314-d9b0-4f89-8c72-c25082e2c7aa
      X-Runtime:
      - '0.031764'
      Server-Timing:
      - start_processing.action_controller;dur=0.29, sql.active_record;dur=5.68, instantiation.active_record;dur=0.07,
        process_action.action_controller;dur=13.13
      Transfer-Encoding:
      - chunked
    body:
      encoding: UTF-8
      string: '{"data":{"id":"4","type":"comment","attributes":{"id":4,"body":"Samuel
        Jones","user_id":1,"post_id":1,"created_at":"2023-06-06T20:44:43.493Z","updated_at":"2023-06-06T20:44:43.493Z"}}}'
  recorded_at: Tue, 06 Jun 2023 20:44:43 GMT
- request:
    method: get
    uri: http://localhost:5001/api/v1/posts/1
    body:
      encoding: US-ASCII
      string: ''
    headers:
      User-Agent:
      - Faraday v2.7.5
      Accept-Encoding:
      - gzip;q=1.0,deflate;q=0.6,identity;q=0.3
      Accept:
      - "*/*"
  response:
    status:
      code: 200
      message: OK
    headers:
      X-Frame-Options:
      - SAMEORIGIN
      X-Xss-Protection:
      - '0'
      X-Content-Type-Options:
      - nosniff
      X-Download-Options:
      - noopen
      X-Permitted-Cross-Domain-Policies:
      - none
      Referrer-Policy:
      - strict-origin-when-cross-origin
      Content-Type:
      - application/json; charset=utf-8
      Vary:
      - Accept
      Etag:
      - W/"d936ff434acf2e5c0dfd7759f8cb57c6"
      Cache-Control:
      - max-age=0, private, must-revalidate
      X-Request-Id:
      - c3bedce6-28ac-4e8b-bc9e-cdc7728a182d
      X-Runtime:
      - '0.014370'
      Server-Timing:
      - start_processing.action_controller;dur=0.10, sql.active_record;dur=3.46, instantiation.active_record;dur=0.23,
        process_action.action_controller;dur=6.74
      Transfer-Encoding:
      - chunked
    body:
      encoding: UTF-8
      string: '{"data":{"id":"1","type":"post","attributes":{"id":1,"title":"Test
        Post","body":"This is a test post","user_id":1,"created_at":"2023-06-06T17:03:12.799Z","updated_at":"2023-06-06T17:03:12.799Z","plate_posts":[{"photo_url":null}],"username":"test","comments":[{"id":1,"body":"This
        is a test comment","user_id":3,"post_id":1,"username":"User Show Test","created_at":"12:03
        PM 06/06/2023"},{"id":2,"body":"Samuel Jones","user_id":1,"post_id":1,"username":"test","created_at":"12:04
        PM 06/06/2023"},{"id":3,"body":"Samuel Jones","user_id":1,"post_id":1,"username":"test","created_at":"3:32
        PM 06/06/2023"},{"id":4,"body":"Samuel Jones","user_id":1,"post_id":1,"username":"test","created_at":"3:44
        PM 06/06/2023"}],"parent_plates":[{"plate_number":"ABC-1234"}],"formatted_created_at":"12:03
        PM 06/06/2023"}}}'
  recorded_at: Tue, 06 Jun 2023 20:44:43 GMT
- request:
    method: get
    uri: http://localhost:5001/api/v1/posts/1
    body:
      encoding: US-ASCII
      string: ''
    headers:
      User-Agent:
      - Faraday v2.7.5
      Accept-Encoding:
      - gzip;q=1.0,deflate;q=0.6,identity;q=0.3
      Accept:
      - "*/*"
  response:
    status:
      code: 200
      message: OK
    headers:
      X-Frame-Options:
      - SAMEORIGIN
      X-Xss-Protection:
      - '0'
      X-Content-Type-Options:
      - nosniff
      X-Download-Options:
      - noopen
      X-Permitted-Cross-Domain-Policies:
      - none
      Referrer-Policy:
      - strict-origin-when-cross-origin
      Content-Type:
      - application/json; charset=utf-8
      Vary:
      - Accept
      Etag:
      - W/"d936ff434acf2e5c0dfd7759f8cb57c6"
      Cache-Control:
      - max-age=0, private, must-revalidate
      X-Request-Id:
      - daac7b66-3d63-4dc9-90d8-9c3c9f2c62d6
      X-Runtime:
      - '0.022638'
      Server-Timing:
      - start_processing.action_controller;dur=0.11, sql.active_record;dur=11.34,
        instantiation.active_record;dur=0.59, process_action.action_controller;dur=19.15
      Transfer-Encoding:
      - chunked
    body:
      encoding: UTF-8
      string: '{"data":{"id":"1","type":"post","attributes":{"id":1,"title":"Test
        Post","body":"This is a test post","user_id":1,"created_at":"2023-06-06T17:03:12.799Z","updated_at":"2023-06-06T17:03:12.799Z","plate_posts":[{"photo_url":null}],"username":"test","comments":[{"id":1,"body":"This
        is a test comment","user_id":3,"post_id":1,"username":"User Show Test","created_at":"12:03
        PM 06/06/2023"},{"id":2,"body":"Samuel Jones","user_id":1,"post_id":1,"username":"test","created_at":"12:04
        PM 06/06/2023"},{"id":3,"body":"Samuel Jones","user_id":1,"post_id":1,"username":"test","created_at":"3:32
        PM 06/06/2023"},{"id":4,"body":"Samuel Jones","user_id":1,"post_id":1,"username":"test","created_at":"3:44
        PM 06/06/2023"}],"parent_plates":[{"plate_number":"ABC-1234"}],"formatted_created_at":"12:03
        PM 06/06/2023"}}}'
  recorded_at: Tue, 06 Jun 2023 20:44:43 GMT
- request:
    method: get
    uri: http://localhost:5001/api/v1/posts/1
    body:
      encoding: US-ASCII
      string: ''
    headers:
      User-Agent:
      - Faraday v2.7.5
      Accept-Encoding:
      - gzip;q=1.0,deflate;q=0.6,identity;q=0.3
      Accept:
      - "*/*"
  response:
    status:
      code: 200
      message: OK
    headers:
      X-Frame-Options:
      - SAMEORIGIN
      X-Xss-Protection:
      - '0'
      X-Content-Type-Options:
      - nosniff
      X-Download-Options:
      - noopen
      X-Permitted-Cross-Domain-Policies:
      - none
      Referrer-Policy:
      - strict-origin-when-cross-origin
      Content-Type:
      - application/json; charset=utf-8
      Vary:
      - Accept
      Etag:
      - W/"d936ff434acf2e5c0dfd7759f8cb57c6"
      Cache-Control:
      - max-age=0, private, must-revalidate
      X-Request-Id:
      - 76e3a4a9-fef0-40c9-8ac3-ae39bb5328ff
      X-Runtime:
      - '0.015602'
      Server-Timing:
      - start_processing.action_controller;dur=0.11, sql.active_record;dur=3.54, instantiation.active_record;dur=0.24,
        process_action.action_controller;dur=6.87
      Transfer-Encoding:
      - chunked
    body:
      encoding: UTF-8
      string: '{"data":{"id":"1","type":"post","attributes":{"id":1,"title":"Test
        Post","body":"This is a test post","user_id":1,"created_at":"2023-06-06T17:03:12.799Z","updated_at":"2023-06-06T17:03:12.799Z","plate_posts":[{"photo_url":null}],"username":"test","comments":[{"id":1,"body":"This
        is a test comment","user_id":3,"post_id":1,"username":"User Show Test","created_at":"12:03
        PM 06/06/2023"},{"id":2,"body":"Samuel Jones","user_id":1,"post_id":1,"username":"test","created_at":"12:04
        PM 06/06/2023"},{"id":3,"body":"Samuel Jones","user_id":1,"post_id":1,"username":"test","created_at":"3:32
        PM 06/06/2023"},{"id":4,"body":"Samuel Jones","user_id":1,"post_id":1,"username":"test","created_at":"3:44
        PM 06/06/2023"}],"parent_plates":[{"plate_number":"ABC-1234"}],"formatted_created_at":"12:03
        PM 06/06/2023"}}}'
  recorded_at: Tue, 06 Jun 2023 20:44:43 GMT
- request:
    method: get
    uri: http://localhost:5001/api/v1/posts/1
    body:
      encoding: US-ASCII
      string: ''
    headers:
      User-Agent:
      - Faraday v2.7.5
      Accept-Encoding:
      - gzip;q=1.0,deflate;q=0.6,identity;q=0.3
      Accept:
      - "*/*"
  response:
    status:
      code: 200
      message: OK
    headers:
      X-Frame-Options:
      - SAMEORIGIN
      X-Xss-Protection:
      - '0'
      X-Content-Type-Options:
      - nosniff
      X-Download-Options:
      - noopen
      X-Permitted-Cross-Domain-Policies:
      - none
      Referrer-Policy:
      - strict-origin-when-cross-origin
      Content-Type:
      - application/json; charset=utf-8
      Vary:
      - Accept
      Etag:
      - W/"d936ff434acf2e5c0dfd7759f8cb57c6"
      Cache-Control:
      - max-age=0, private, must-revalidate
      X-Request-Id:
      - 5634380a-2ada-4d3f-a299-52871dafb89e
      X-Runtime:
      - '0.021114'
      Server-Timing:
      - start_processing.action_controller;dur=0.10, sql.active_record;dur=12.11,
        instantiation.active_record;dur=0.45, process_action.action_controller;dur=17.30
      Transfer-Encoding:
      - chunked
    body:
      encoding: UTF-8
      string: '{"data":{"id":"1","type":"post","attributes":{"id":1,"title":"Test
        Post","body":"This is a test post","user_id":1,"created_at":"2023-06-06T17:03:12.799Z","updated_at":"2023-06-06T17:03:12.799Z","plate_posts":[{"photo_url":null}],"username":"test","comments":[{"id":1,"body":"This
        is a test comment","user_id":3,"post_id":1,"username":"User Show Test","created_at":"12:03
        PM 06/06/2023"},{"id":2,"body":"Samuel Jones","user_id":1,"post_id":1,"username":"test","created_at":"12:04
        PM 06/06/2023"},{"id":3,"body":"Samuel Jones","user_id":1,"post_id":1,"username":"test","created_at":"3:32
        PM 06/06/2023"},{"id":4,"body":"Samuel Jones","user_id":1,"post_id":1,"username":"test","created_at":"3:44
        PM 06/06/2023"}],"parent_plates":[{"plate_number":"ABC-1234"}],"formatted_created_at":"12:03
        PM 06/06/2023"}}}'
  recorded_at: Tue, 06 Jun 2023 20:44:43 GMT
- request:
    method: get
    uri: http://localhost:5001/api/v1/posts/1
    body:
      encoding: US-ASCII
      string: ''
    headers:
      User-Agent:
      - Faraday v2.7.5
      Accept-Encoding:
      - gzip;q=1.0,deflate;q=0.6,identity;q=0.3
      Accept:
      - "*/*"
  response:
    status:
      code: 200
      message: OK
    headers:
      X-Frame-Options:
      - SAMEORIGIN
      X-Xss-Protection:
      - '0'
      X-Content-Type-Options:
      - nosniff
      X-Download-Options:
      - noopen
      X-Permitted-Cross-Domain-Policies:
      - none
      Referrer-Policy:
      - strict-origin-when-cross-origin
      Content-Type:
      - application/json; charset=utf-8
      Vary:
      - Accept
      Etag:
      - W/"d936ff434acf2e5c0dfd7759f8cb57c6"
      Cache-Control:
      - max-age=0, private, must-revalidate
      X-Request-Id:
      - 59cff510-204d-4661-b3dd-fb50e47cabbd
      X-Runtime:
      - '0.013498'
      Server-Timing:
      - start_processing.action_controller;dur=0.11, sql.active_record;dur=3.65, instantiation.active_record;dur=0.24,
        process_action.action_controller;dur=7.19
      Transfer-Encoding:
      - chunked
    body:
      encoding: UTF-8
      string: '{"data":{"id":"1","type":"post","attributes":{"id":1,"title":"Test
        Post","body":"This is a test post","user_id":1,"created_at":"2023-06-06T17:03:12.799Z","updated_at":"2023-06-06T17:03:12.799Z","plate_posts":[{"photo_url":null}],"username":"test","comments":[{"id":1,"body":"This
        is a test comment","user_id":3,"post_id":1,"username":"User Show Test","created_at":"12:03
        PM 06/06/2023"},{"id":2,"body":"Samuel Jones","user_id":1,"post_id":1,"username":"test","created_at":"12:04
        PM 06/06/2023"},{"id":3,"body":"Samuel Jones","user_id":1,"post_id":1,"username":"test","created_at":"3:32
        PM 06/06/2023"},{"id":4,"body":"Samuel Jones","user_id":1,"post_id":1,"username":"test","created_at":"3:44
        PM 06/06/2023"}],"parent_plates":[{"plate_number":"ABC-1234"}],"formatted_created_at":"12:03
        PM 06/06/2023"}}}'
  recorded_at: Tue, 06 Jun 2023 20:44:43 GMT
- request:
    method: get
    uri: http://localhost:5001/api/v1/posts/1
    body:
      encoding: US-ASCII
      string: ''
    headers:
      User-Agent:
      - Faraday v2.7.5
      Accept-Encoding:
      - gzip;q=1.0,deflate;q=0.6,identity;q=0.3
      Accept:
      - "*/*"
  response:
    status:
      code: 200
      message: OK
    headers:
      X-Frame-Options:
      - SAMEORIGIN
      X-Xss-Protection:
      - '0'
      X-Content-Type-Options:
      - nosniff
      X-Download-Options:
      - noopen
      X-Permitted-Cross-Domain-Policies:
      - none
      Referrer-Policy:
      - strict-origin-when-cross-origin
      Content-Type:
      - application/json; charset=utf-8
      Vary:
      - Accept
      Etag:
      - W/"d936ff434acf2e5c0dfd7759f8cb57c6"
      Cache-Control:
      - max-age=0, private, must-revalidate
      X-Request-Id:
      - 7f3204f1-5f18-4bcf-b5ad-d932a533f918
      X-Runtime:
      - '0.017696'
      Server-Timing:
      - start_processing.action_controller;dur=0.08, sql.active_record;dur=3.45, instantiation.active_record;dur=0.21,
        process_action.action_controller;dur=14.73
      Transfer-Encoding:
      - chunked
    body:
      encoding: UTF-8
      string: '{"data":{"id":"1","type":"post","attributes":{"id":1,"title":"Test
        Post","body":"This is a test post","user_id":1,"created_at":"2023-06-06T17:03:12.799Z","updated_at":"2023-06-06T17:03:12.799Z","plate_posts":[{"photo_url":null}],"username":"test","comments":[{"id":1,"body":"This
        is a test comment","user_id":3,"post_id":1,"username":"User Show Test","created_at":"12:03
        PM 06/06/2023"},{"id":2,"body":"Samuel Jones","user_id":1,"post_id":1,"username":"test","created_at":"12:04
        PM 06/06/2023"},{"id":3,"body":"Samuel Jones","user_id":1,"post_id":1,"username":"test","created_at":"3:32
        PM 06/06/2023"},{"id":4,"body":"Samuel Jones","user_id":1,"post_id":1,"username":"test","created_at":"3:44
        PM 06/06/2023"}],"parent_plates":[{"plate_number":"ABC-1234"}],"formatted_created_at":"12:03
        PM 06/06/2023"}}}'
  recorded_at: Tue, 06 Jun 2023 20:44:43 GMT
- request:
    method: get
    uri: http://localhost:5001/api/v1/posts/1
    body:
      encoding: US-ASCII
      string: ''
    headers:
      User-Agent:
      - Faraday v2.7.5
      Accept-Encoding:
      - gzip;q=1.0,deflate;q=0.6,identity;q=0.3
      Accept:
      - "*/*"
  response:
    status:
      code: 200
      message: OK
    headers:
      X-Frame-Options:
      - SAMEORIGIN
      X-Xss-Protection:
      - '0'
      X-Content-Type-Options:
      - nosniff
      X-Download-Options:
      - noopen
      X-Permitted-Cross-Domain-Policies:
      - none
      Referrer-Policy:
      - strict-origin-when-cross-origin
      Content-Type:
      - application/json; charset=utf-8
      Vary:
      - Accept
      Etag:
      - W/"d936ff434acf2e5c0dfd7759f8cb57c6"
      Cache-Control:
      - max-age=0, private, must-revalidate
      X-Request-Id:
      - dea554e9-4288-4840-9584-5651d5be81cb
      X-Runtime:
      - '0.010531'
      Server-Timing:
      - start_processing.action_controller;dur=0.06, sql.active_record;dur=4.09, instantiation.active_record;dur=0.23,
        process_action.action_controller;dur=7.64
      Transfer-Encoding:
      - chunked
    body:
      encoding: UTF-8
      string: '{"data":{"id":"1","type":"post","attributes":{"id":1,"title":"Test
        Post","body":"This is a test post","user_id":1,"created_at":"2023-06-06T17:03:12.799Z","updated_at":"2023-06-06T17:03:12.799Z","plate_posts":[{"photo_url":null}],"username":"test","comments":[{"id":1,"body":"This
        is a test comment","user_id":3,"post_id":1,"username":"User Show Test","created_at":"12:03
        PM 06/06/2023"},{"id":2,"body":"Samuel Jones","user_id":1,"post_id":1,"username":"test","created_at":"12:04
        PM 06/06/2023"},{"id":3,"body":"Samuel Jones","user_id":1,"post_id":1,"username":"test","created_at":"3:32
        PM 06/06/2023"},{"id":4,"body":"Samuel Jones","user_id":1,"post_id":1,"username":"test","created_at":"3:44
        PM 06/06/2023"}],"parent_plates":[{"plate_number":"ABC-1234"}],"formatted_created_at":"12:03
        PM 06/06/2023"}}}'
  recorded_at: Tue, 06 Jun 2023 20:44:43 GMT
- request:
    method: get
    uri: http://localhost:5001/api/v1/posts/1
    body:
      encoding: US-ASCII
      string: ''
    headers:
      User-Agent:
      - Faraday v2.7.5
      Accept-Encoding:
      - gzip;q=1.0,deflate;q=0.6,identity;q=0.3
      Accept:
      - "*/*"
  response:
    status:
      code: 200
      message: OK
    headers:
      X-Frame-Options:
      - SAMEORIGIN
      X-Xss-Protection:
      - '0'
      X-Content-Type-Options:
      - nosniff
      X-Download-Options:
      - noopen
      X-Permitted-Cross-Domain-Policies:
      - none
      Referrer-Policy:
      - strict-origin-when-cross-origin
      Content-Type:
      - application/json; charset=utf-8
      Vary:
      - Accept
      Etag:
      - W/"d936ff434acf2e5c0dfd7759f8cb57c6"
      Cache-Control:
      - max-age=0, private, must-revalidate
      X-Request-Id:
      - 2e554dd4-56e6-4b27-9434-b3caa2fcb3fd
      X-Runtime:
      - '0.010249'
      Server-Timing:
      - start_processing.action_controller;dur=0.06, sql.active_record;dur=3.97, instantiation.active_record;dur=0.23,
        process_action.action_controller;dur=7.22
      Transfer-Encoding:
      - chunked
    body:
      encoding: UTF-8
      string: '{"data":{"id":"1","type":"post","attributes":{"id":1,"title":"Test
        Post","body":"This is a test post","user_id":1,"created_at":"2023-06-06T17:03:12.799Z","updated_at":"2023-06-06T17:03:12.799Z","plate_posts":[{"photo_url":null}],"username":"test","comments":[{"id":1,"body":"This
        is a test comment","user_id":3,"post_id":1,"username":"User Show Test","created_at":"12:03
        PM 06/06/2023"},{"id":2,"body":"Samuel Jones","user_id":1,"post_id":1,"username":"test","created_at":"12:04
        PM 06/06/2023"},{"id":3,"body":"Samuel Jones","user_id":1,"post_id":1,"username":"test","created_at":"3:32
        PM 06/06/2023"},{"id":4,"body":"Samuel Jones","user_id":1,"post_id":1,"username":"test","created_at":"3:44
        PM 06/06/2023"}],"parent_plates":[{"plate_number":"ABC-1234"}],"formatted_created_at":"12:03
        PM 06/06/2023"}}}'
  recorded_at: Tue, 06 Jun 2023 20:44:43 GMT
- request:
    method: get
    uri: http://localhost:5001/api/v1/posts/1
    body:
      encoding: US-ASCII
      string: ''
    headers:
      User-Agent:
      - Faraday v2.7.5
      Accept-Encoding:
      - gzip;q=1.0,deflate;q=0.6,identity;q=0.3
      Accept:
      - "*/*"
  response:
    status:
      code: 200
      message: OK
    headers:
      X-Frame-Options:
      - SAMEORIGIN
      X-Xss-Protection:
      - '0'
      X-Content-Type-Options:
      - nosniff
      X-Download-Options:
      - noopen
      X-Permitted-Cross-Domain-Policies:
      - none
      Referrer-Policy:
      - strict-origin-when-cross-origin
      Content-Type:
      - application/json; charset=utf-8
      Vary:
      - Accept
      Etag:
      - W/"d936ff434acf2e5c0dfd7759f8cb57c6"
      Cache-Control:
      - max-age=0, private, must-revalidate
      X-Request-Id:
      - 9dda527c-c329-4312-826c-97be856c0b4d
      X-Runtime:
      - '0.033206'
      Server-Timing:
      - start_processing.action_controller;dur=0.11, sql.active_record;dur=15.34,
        instantiation.active_record;dur=0.75, process_action.action_controller;dur=25.14
      Transfer-Encoding:
      - chunked
    body:
      encoding: UTF-8
      string: '{"data":{"id":"1","type":"post","attributes":{"id":1,"title":"Test
        Post","body":"This is a test post","user_id":1,"created_at":"2023-06-06T17:03:12.799Z","updated_at":"2023-06-06T17:03:12.799Z","plate_posts":[{"photo_url":null}],"username":"test","comments":[{"id":1,"body":"This
        is a test comment","user_id":3,"post_id":1,"username":"User Show Test","created_at":"12:03
        PM 06/06/2023"},{"id":2,"body":"Samuel Jones","user_id":1,"post_id":1,"username":"test","created_at":"12:04
        PM 06/06/2023"},{"id":3,"body":"Samuel Jones","user_id":1,"post_id":1,"username":"test","created_at":"3:32
        PM 06/06/2023"},{"id":4,"body":"Samuel Jones","user_id":1,"post_id":1,"username":"test","created_at":"3:44
        PM 06/06/2023"}],"parent_plates":[{"plate_number":"ABC-1234"}],"formatted_created_at":"12:03
        PM 06/06/2023"}}}'
  recorded_at: Tue, 06 Jun 2023 20:44:43 GMT
recorded_with: VCR 6.1.0
