---
http_interactions:
- request:
    method: get
    uri: http://localhost:10000/api/v1/posts/1
    body:
      encoding: US-ASCII
      string: ''
    headers:
      User-Agent:
      - Faraday v2.7.5
      Accept-Encoding:
      - gzip;q=1.0,deflate;q=0.6,identity;q=0.3
      Accept:
      - "*/*"
  response:
    status:
      code: 200
      message: OK
    headers:
      X-Frame-Options:
      - SAMEORIGIN
      X-Xss-Protection:
      - '0'
      X-Content-Type-Options:
      - nosniff
      X-Download-Options:
      - noopen
      X-Permitted-Cross-Domain-Policies:
      - none
      Referrer-Policy:
      - strict-origin-when-cross-origin
      Content-Type:
      - application/json; charset=utf-8
      Vary:
      - Accept
      Etag:
      - W/"6a10d42e3950c7f3f6972f7b92642993"
      Cache-Control:
      - max-age=0, private, must-revalidate
      X-Request-Id:
      - 9b911051-523f-41d3-80ec-8c72699037e2
      X-Runtime:
      - '0.027411'
      Server-Timing:
      - start_processing.action_controller;dur=0.09, sql.active_record;dur=18.99,
        instantiation.active_record;dur=0.39, process_action.action_controller;dur=23.84
      Transfer-Encoding:
      - chunked
    body:
      encoding: UTF-8
      string: '{"data":{"id":"1","type":"post","attributes":{"id":1,"title":"Test
        Post 1","body":"This is a test post 1","user_id":1,"created_at":"2023-06-07T21:34:17.701Z","updated_at":"2023-06-07T21:34:17.701Z","plate_posts":[{"photo_url":null}],"username":"User
        1","comments":[{"id":12,"body":"Samuel Jones","user_id":1,"post_id":1,"username":"User
        1","created_at":"4:34 PM 06/07/2023"},{"id":13,"body":"This is a nice post","user_id":1,"post_id":1,"username":"User
        1","created_at":"4:35 PM 06/07/2023"},{"id":14,"body":"Samuel Jones","user_id":1,"post_id":1,"username":"User
        1","created_at":"4:40 PM 06/07/2023"},{"id":15,"body":"This is a nice post","user_id":1,"post_id":1,"username":"User
        1","created_at":"4:41 PM 06/07/2023"},{"id":16,"body":"Samuel Jones","user_id":1,"post_id":1,"username":"User
        1","created_at":"5:20 PM 06/07/2023"},{"id":17,"body":"This is a nice post","user_id":1,"post_id":1,"username":"User
        1","created_at":"5:20 PM 06/07/2023"},{"id":18,"body":"Samuel Jones","user_id":1,"post_id":1,"username":"User
        1","created_at":"6:01 PM 06/07/2023"}],"parent_plates":[{"plate_number":"ABC-1234"}],"formatted_created_at":"4:34
        PM 06/07/2023"}}}'
  recorded_at: Wed, 07 Jun 2023 23:01:51 GMT
- request:
    method: get
    uri: http://localhost:10000/api/v1/posts/1
    body:
      encoding: US-ASCII
      string: ''
    headers:
      User-Agent:
      - Faraday v2.7.5
      Accept-Encoding:
      - gzip;q=1.0,deflate;q=0.6,identity;q=0.3
      Accept:
      - "*/*"
  response:
    status:
      code: 200
      message: OK
    headers:
      X-Frame-Options:
      - SAMEORIGIN
      X-Xss-Protection:
      - '0'
      X-Content-Type-Options:
      - nosniff
      X-Download-Options:
      - noopen
      X-Permitted-Cross-Domain-Policies:
      - none
      Referrer-Policy:
      - strict-origin-when-cross-origin
      Content-Type:
      - application/json; charset=utf-8
      Vary:
      - Accept
      Etag:
      - W/"6a10d42e3950c7f3f6972f7b92642993"
      Cache-Control:
      - max-age=0, private, must-revalidate
      X-Request-Id:
      - 8e418a48-f16e-4cba-8e2b-d79c9774e8e1
      X-Runtime:
      - '0.025523'
      Server-Timing:
      - start_processing.action_controller;dur=0.10, sql.active_record;dur=8.00, instantiation.active_record;dur=0.65,
        process_action.action_controller;dur=21.70
      Transfer-Encoding:
      - chunked
    body:
      encoding: UTF-8
      string: '{"data":{"id":"1","type":"post","attributes":{"id":1,"title":"Test
        Post 1","body":"This is a test post 1","user_id":1,"created_at":"2023-06-07T21:34:17.701Z","updated_at":"2023-06-07T21:34:17.701Z","plate_posts":[{"photo_url":null}],"username":"User
        1","comments":[{"id":12,"body":"Samuel Jones","user_id":1,"post_id":1,"username":"User
        1","created_at":"4:34 PM 06/07/2023"},{"id":13,"body":"This is a nice post","user_id":1,"post_id":1,"username":"User
        1","created_at":"4:35 PM 06/07/2023"},{"id":14,"body":"Samuel Jones","user_id":1,"post_id":1,"username":"User
        1","created_at":"4:40 PM 06/07/2023"},{"id":15,"body":"This is a nice post","user_id":1,"post_id":1,"username":"User
        1","created_at":"4:41 PM 06/07/2023"},{"id":16,"body":"Samuel Jones","user_id":1,"post_id":1,"username":"User
        1","created_at":"5:20 PM 06/07/2023"},{"id":17,"body":"This is a nice post","user_id":1,"post_id":1,"username":"User
        1","created_at":"5:20 PM 06/07/2023"},{"id":18,"body":"Samuel Jones","user_id":1,"post_id":1,"username":"User
        1","created_at":"6:01 PM 06/07/2023"}],"parent_plates":[{"plate_number":"ABC-1234"}],"formatted_created_at":"4:34
        PM 06/07/2023"}}}'
  recorded_at: Wed, 07 Jun 2023 23:01:51 GMT
- request:
    method: get
    uri: http://localhost:10000/api/v1/posts/1
    body:
      encoding: US-ASCII
      string: ''
    headers:
      User-Agent:
      - Faraday v2.7.5
      Accept-Encoding:
      - gzip;q=1.0,deflate;q=0.6,identity;q=0.3
      Accept:
      - "*/*"
  response:
    status:
      code: 200
      message: OK
    headers:
      X-Frame-Options:
      - SAMEORIGIN
      X-Xss-Protection:
      - '0'
      X-Content-Type-Options:
      - nosniff
      X-Download-Options:
      - noopen
      X-Permitted-Cross-Domain-Policies:
      - none
      Referrer-Policy:
      - strict-origin-when-cross-origin
      Content-Type:
      - application/json; charset=utf-8
      Vary:
      - Accept
      Etag:
      - W/"6a10d42e3950c7f3f6972f7b92642993"
      Cache-Control:
      - max-age=0, private, must-revalidate
      X-Request-Id:
      - 0a10c9a2-6cbe-4d96-a74b-d62f8295c1c4
      X-Runtime:
      - '0.011252'
      Server-Timing:
      - start_processing.action_controller;dur=0.08, sql.active_record;dur=3.78, instantiation.active_record;dur=0.27,
        process_action.action_controller;dur=7.78
      Transfer-Encoding:
      - chunked
    body:
      encoding: UTF-8
      string: '{"data":{"id":"1","type":"post","attributes":{"id":1,"title":"Test
        Post 1","body":"This is a test post 1","user_id":1,"created_at":"2023-06-07T21:34:17.701Z","updated_at":"2023-06-07T21:34:17.701Z","plate_posts":[{"photo_url":null}],"username":"User
        1","comments":[{"id":12,"body":"Samuel Jones","user_id":1,"post_id":1,"username":"User
        1","created_at":"4:34 PM 06/07/2023"},{"id":13,"body":"This is a nice post","user_id":1,"post_id":1,"username":"User
        1","created_at":"4:35 PM 06/07/2023"},{"id":14,"body":"Samuel Jones","user_id":1,"post_id":1,"username":"User
        1","created_at":"4:40 PM 06/07/2023"},{"id":15,"body":"This is a nice post","user_id":1,"post_id":1,"username":"User
        1","created_at":"4:41 PM 06/07/2023"},{"id":16,"body":"Samuel Jones","user_id":1,"post_id":1,"username":"User
        1","created_at":"5:20 PM 06/07/2023"},{"id":17,"body":"This is a nice post","user_id":1,"post_id":1,"username":"User
        1","created_at":"5:20 PM 06/07/2023"},{"id":18,"body":"Samuel Jones","user_id":1,"post_id":1,"username":"User
        1","created_at":"6:01 PM 06/07/2023"}],"parent_plates":[{"plate_number":"ABC-1234"}],"formatted_created_at":"4:34
        PM 06/07/2023"}}}'
  recorded_at: Wed, 07 Jun 2023 23:01:51 GMT
- request:
    method: get
    uri: http://localhost:10000/api/v1/posts/1
    body:
      encoding: US-ASCII
      string: ''
    headers:
      User-Agent:
      - Faraday v2.7.5
      Accept-Encoding:
      - gzip;q=1.0,deflate;q=0.6,identity;q=0.3
      Accept:
      - "*/*"
  response:
    status:
      code: 200
      message: OK
    headers:
      X-Frame-Options:
      - SAMEORIGIN
      X-Xss-Protection:
      - '0'
      X-Content-Type-Options:
      - nosniff
      X-Download-Options:
      - noopen
      X-Permitted-Cross-Domain-Policies:
      - none
      Referrer-Policy:
      - strict-origin-when-cross-origin
      Content-Type:
      - application/json; charset=utf-8
      Vary:
      - Accept
      Etag:
      - W/"6a10d42e3950c7f3f6972f7b92642993"
      Cache-Control:
      - max-age=0, private, must-revalidate
      X-Request-Id:
      - ab589c7b-d7ac-4291-9f02-296801a796a2
      X-Runtime:
      - '0.011994'
      Server-Timing:
      - start_processing.action_controller;dur=0.06, sql.active_record;dur=4.19, instantiation.active_record;dur=0.30,
        process_action.action_controller;dur=8.73
      Transfer-Encoding:
      - chunked
    body:
      encoding: UTF-8
      string: '{"data":{"id":"1","type":"post","attributes":{"id":1,"title":"Test
        Post 1","body":"This is a test post 1","user_id":1,"created_at":"2023-06-07T21:34:17.701Z","updated_at":"2023-06-07T21:34:17.701Z","plate_posts":[{"photo_url":null}],"username":"User
        1","comments":[{"id":12,"body":"Samuel Jones","user_id":1,"post_id":1,"username":"User
        1","created_at":"4:34 PM 06/07/2023"},{"id":13,"body":"This is a nice post","user_id":1,"post_id":1,"username":"User
        1","created_at":"4:35 PM 06/07/2023"},{"id":14,"body":"Samuel Jones","user_id":1,"post_id":1,"username":"User
        1","created_at":"4:40 PM 06/07/2023"},{"id":15,"body":"This is a nice post","user_id":1,"post_id":1,"username":"User
        1","created_at":"4:41 PM 06/07/2023"},{"id":16,"body":"Samuel Jones","user_id":1,"post_id":1,"username":"User
        1","created_at":"5:20 PM 06/07/2023"},{"id":17,"body":"This is a nice post","user_id":1,"post_id":1,"username":"User
        1","created_at":"5:20 PM 06/07/2023"},{"id":18,"body":"Samuel Jones","user_id":1,"post_id":1,"username":"User
        1","created_at":"6:01 PM 06/07/2023"}],"parent_plates":[{"plate_number":"ABC-1234"}],"formatted_created_at":"4:34
        PM 06/07/2023"}}}'
  recorded_at: Wed, 07 Jun 2023 23:01:51 GMT
- request:
    method: get
    uri: http://localhost:10000/api/v1/posts/1
    body:
      encoding: US-ASCII
      string: ''
    headers:
      User-Agent:
      - Faraday v2.7.5
      Accept-Encoding:
      - gzip;q=1.0,deflate;q=0.6,identity;q=0.3
      Accept:
      - "*/*"
  response:
    status:
      code: 200
      message: OK
    headers:
      X-Frame-Options:
      - SAMEORIGIN
      X-Xss-Protection:
      - '0'
      X-Content-Type-Options:
      - nosniff
      X-Download-Options:
      - noopen
      X-Permitted-Cross-Domain-Policies:
      - none
      Referrer-Policy:
      - strict-origin-when-cross-origin
      Content-Type:
      - application/json; charset=utf-8
      Vary:
      - Accept
      Etag:
      - W/"6a10d42e3950c7f3f6972f7b92642993"
      Cache-Control:
      - max-age=0, private, must-revalidate
      X-Request-Id:
      - 78b9f9b6-f599-4bc0-b45a-bfcb8e9bd40f
      X-Runtime:
      - '0.011762'
      Server-Timing:
      - start_processing.action_controller;dur=0.06, sql.active_record;dur=4.37, instantiation.active_record;dur=0.31,
        process_action.action_controller;dur=8.52
      Transfer-Encoding:
      - chunked
    body:
      encoding: UTF-8
      string: '{"data":{"id":"1","type":"post","attributes":{"id":1,"title":"Test
        Post 1","body":"This is a test post 1","user_id":1,"created_at":"2023-06-07T21:34:17.701Z","updated_at":"2023-06-07T21:34:17.701Z","plate_posts":[{"photo_url":null}],"username":"User
        1","comments":[{"id":12,"body":"Samuel Jones","user_id":1,"post_id":1,"username":"User
        1","created_at":"4:34 PM 06/07/2023"},{"id":13,"body":"This is a nice post","user_id":1,"post_id":1,"username":"User
        1","created_at":"4:35 PM 06/07/2023"},{"id":14,"body":"Samuel Jones","user_id":1,"post_id":1,"username":"User
        1","created_at":"4:40 PM 06/07/2023"},{"id":15,"body":"This is a nice post","user_id":1,"post_id":1,"username":"User
        1","created_at":"4:41 PM 06/07/2023"},{"id":16,"body":"Samuel Jones","user_id":1,"post_id":1,"username":"User
        1","created_at":"5:20 PM 06/07/2023"},{"id":17,"body":"This is a nice post","user_id":1,"post_id":1,"username":"User
        1","created_at":"5:20 PM 06/07/2023"},{"id":18,"body":"Samuel Jones","user_id":1,"post_id":1,"username":"User
        1","created_at":"6:01 PM 06/07/2023"}],"parent_plates":[{"plate_number":"ABC-1234"}],"formatted_created_at":"4:34
        PM 06/07/2023"}}}'
  recorded_at: Wed, 07 Jun 2023 23:01:51 GMT
- request:
    method: get
    uri: http://localhost:10000/api/v1/posts/1
    body:
      encoding: US-ASCII
      string: ''
    headers:
      User-Agent:
      - Faraday v2.7.5
      Accept-Encoding:
      - gzip;q=1.0,deflate;q=0.6,identity;q=0.3
      Accept:
      - "*/*"
  response:
    status:
      code: 200
      message: OK
    headers:
      X-Frame-Options:
      - SAMEORIGIN
      X-Xss-Protection:
      - '0'
      X-Content-Type-Options:
      - nosniff
      X-Download-Options:
      - noopen
      X-Permitted-Cross-Domain-Policies:
      - none
      Referrer-Policy:
      - strict-origin-when-cross-origin
      Content-Type:
      - application/json; charset=utf-8
      Vary:
      - Accept
      Etag:
      - W/"6a10d42e3950c7f3f6972f7b92642993"
      Cache-Control:
      - max-age=0, private, must-revalidate
      X-Request-Id:
      - fd983da8-9fae-4556-89ca-bf1906ef1010
      X-Runtime:
      - '0.012278'
      Server-Timing:
      - start_processing.action_controller;dur=0.09, sql.active_record;dur=4.08, instantiation.active_record;dur=0.28,
        process_action.action_controller;dur=8.18
      Transfer-Encoding:
      - chunked
    body:
      encoding: UTF-8
      string: '{"data":{"id":"1","type":"post","attributes":{"id":1,"title":"Test
        Post 1","body":"This is a test post 1","user_id":1,"created_at":"2023-06-07T21:34:17.701Z","updated_at":"2023-06-07T21:34:17.701Z","plate_posts":[{"photo_url":null}],"username":"User
        1","comments":[{"id":12,"body":"Samuel Jones","user_id":1,"post_id":1,"username":"User
        1","created_at":"4:34 PM 06/07/2023"},{"id":13,"body":"This is a nice post","user_id":1,"post_id":1,"username":"User
        1","created_at":"4:35 PM 06/07/2023"},{"id":14,"body":"Samuel Jones","user_id":1,"post_id":1,"username":"User
        1","created_at":"4:40 PM 06/07/2023"},{"id":15,"body":"This is a nice post","user_id":1,"post_id":1,"username":"User
        1","created_at":"4:41 PM 06/07/2023"},{"id":16,"body":"Samuel Jones","user_id":1,"post_id":1,"username":"User
        1","created_at":"5:20 PM 06/07/2023"},{"id":17,"body":"This is a nice post","user_id":1,"post_id":1,"username":"User
        1","created_at":"5:20 PM 06/07/2023"},{"id":18,"body":"Samuel Jones","user_id":1,"post_id":1,"username":"User
        1","created_at":"6:01 PM 06/07/2023"}],"parent_plates":[{"plate_number":"ABC-1234"}],"formatted_created_at":"4:34
        PM 06/07/2023"}}}'
  recorded_at: Wed, 07 Jun 2023 23:01:51 GMT
- request:
    method: get
    uri: http://localhost:10000/api/v1/posts/1
    body:
      encoding: US-ASCII
      string: ''
    headers:
      User-Agent:
      - Faraday v2.7.5
      Accept-Encoding:
      - gzip;q=1.0,deflate;q=0.6,identity;q=0.3
      Accept:
      - "*/*"
  response:
    status:
      code: 200
      message: OK
    headers:
      X-Frame-Options:
      - SAMEORIGIN
      X-Xss-Protection:
      - '0'
      X-Content-Type-Options:
      - nosniff
      X-Download-Options:
      - noopen
      X-Permitted-Cross-Domain-Policies:
      - none
      Referrer-Policy:
      - strict-origin-when-cross-origin
      Content-Type:
      - application/json; charset=utf-8
      Vary:
      - Accept
      Etag:
      - W/"6a10d42e3950c7f3f6972f7b92642993"
      Cache-Control:
      - max-age=0, private, must-revalidate
      X-Request-Id:
      - 5c39a0ea-3fef-48ad-ab77-770e5ec95f9f
      X-Runtime:
      - '0.011460'
      Server-Timing:
      - start_processing.action_controller;dur=0.07, sql.active_record;dur=4.11, instantiation.active_record;dur=0.27,
        process_action.action_controller;dur=7.74
      Transfer-Encoding:
      - chunked
    body:
      encoding: UTF-8
      string: '{"data":{"id":"1","type":"post","attributes":{"id":1,"title":"Test
        Post 1","body":"This is a test post 1","user_id":1,"created_at":"2023-06-07T21:34:17.701Z","updated_at":"2023-06-07T21:34:17.701Z","plate_posts":[{"photo_url":null}],"username":"User
        1","comments":[{"id":12,"body":"Samuel Jones","user_id":1,"post_id":1,"username":"User
        1","created_at":"4:34 PM 06/07/2023"},{"id":13,"body":"This is a nice post","user_id":1,"post_id":1,"username":"User
        1","created_at":"4:35 PM 06/07/2023"},{"id":14,"body":"Samuel Jones","user_id":1,"post_id":1,"username":"User
        1","created_at":"4:40 PM 06/07/2023"},{"id":15,"body":"This is a nice post","user_id":1,"post_id":1,"username":"User
        1","created_at":"4:41 PM 06/07/2023"},{"id":16,"body":"Samuel Jones","user_id":1,"post_id":1,"username":"User
        1","created_at":"5:20 PM 06/07/2023"},{"id":17,"body":"This is a nice post","user_id":1,"post_id":1,"username":"User
        1","created_at":"5:20 PM 06/07/2023"},{"id":18,"body":"Samuel Jones","user_id":1,"post_id":1,"username":"User
        1","created_at":"6:01 PM 06/07/2023"}],"parent_plates":[{"plate_number":"ABC-1234"}],"formatted_created_at":"4:34
        PM 06/07/2023"}}}'
  recorded_at: Wed, 07 Jun 2023 23:01:51 GMT
- request:
    method: get
    uri: http://localhost:10000/api/v1/posts/1
    body:
      encoding: US-ASCII
      string: ''
    headers:
      User-Agent:
      - Faraday v2.7.5
      Accept-Encoding:
      - gzip;q=1.0,deflate;q=0.6,identity;q=0.3
      Accept:
      - "*/*"
  response:
    status:
      code: 200
      message: OK
    headers:
      X-Frame-Options:
      - SAMEORIGIN
      X-Xss-Protection:
      - '0'
      X-Content-Type-Options:
      - nosniff
      X-Download-Options:
      - noopen
      X-Permitted-Cross-Domain-Policies:
      - none
      Referrer-Policy:
      - strict-origin-when-cross-origin
      Content-Type:
      - application/json; charset=utf-8
      Vary:
      - Accept
      Etag:
      - W/"6a10d42e3950c7f3f6972f7b92642993"
      Cache-Control:
      - max-age=0, private, must-revalidate
      X-Request-Id:
      - ac4d4421-abd1-4207-8c99-8bc52016382b
      X-Runtime:
      - '0.011318'
      Server-Timing:
      - start_processing.action_controller;dur=0.08, sql.active_record;dur=4.18, instantiation.active_record;dur=0.28,
        process_action.action_controller;dur=7.91
      Transfer-Encoding:
      - chunked
    body:
      encoding: UTF-8
      string: '{"data":{"id":"1","type":"post","attributes":{"id":1,"title":"Test
        Post 1","body":"This is a test post 1","user_id":1,"created_at":"2023-06-07T21:34:17.701Z","updated_at":"2023-06-07T21:34:17.701Z","plate_posts":[{"photo_url":null}],"username":"User
        1","comments":[{"id":12,"body":"Samuel Jones","user_id":1,"post_id":1,"username":"User
        1","created_at":"4:34 PM 06/07/2023"},{"id":13,"body":"This is a nice post","user_id":1,"post_id":1,"username":"User
        1","created_at":"4:35 PM 06/07/2023"},{"id":14,"body":"Samuel Jones","user_id":1,"post_id":1,"username":"User
        1","created_at":"4:40 PM 06/07/2023"},{"id":15,"body":"This is a nice post","user_id":1,"post_id":1,"username":"User
        1","created_at":"4:41 PM 06/07/2023"},{"id":16,"body":"Samuel Jones","user_id":1,"post_id":1,"username":"User
        1","created_at":"5:20 PM 06/07/2023"},{"id":17,"body":"This is a nice post","user_id":1,"post_id":1,"username":"User
        1","created_at":"5:20 PM 06/07/2023"},{"id":18,"body":"Samuel Jones","user_id":1,"post_id":1,"username":"User
        1","created_at":"6:01 PM 06/07/2023"}],"parent_plates":[{"plate_number":"ABC-1234"}],"formatted_created_at":"4:34
        PM 06/07/2023"}}}'
  recorded_at: Wed, 07 Jun 2023 23:01:51 GMT
- request:
    method: get
    uri: http://localhost:10000/api/v1/posts/1
    body:
      encoding: US-ASCII
      string: ''
    headers:
      User-Agent:
      - Faraday v2.7.5
      Accept-Encoding:
      - gzip;q=1.0,deflate;q=0.6,identity;q=0.3
      Accept:
      - "*/*"
  response:
    status:
      code: 200
      message: OK
    headers:
      X-Frame-Options:
      - SAMEORIGIN
      X-Xss-Protection:
      - '0'
      X-Content-Type-Options:
      - nosniff
      X-Download-Options:
      - noopen
      X-Permitted-Cross-Domain-Policies:
      - none
      Referrer-Policy:
      - strict-origin-when-cross-origin
      Content-Type:
      - application/json; charset=utf-8
      Vary:
      - Accept
      Etag:
      - W/"6a10d42e3950c7f3f6972f7b92642993"
      Cache-Control:
      - max-age=0, private, must-revalidate
      X-Request-Id:
      - b88d7fa4-ed92-4c31-94c7-4226909a3e42
      X-Runtime:
      - '0.011197'
      Server-Timing:
      - start_processing.action_controller;dur=0.07, sql.active_record;dur=4.25, instantiation.active_record;dur=0.27,
        process_action.action_controller;dur=7.71
      Transfer-Encoding:
      - chunked
    body:
      encoding: UTF-8
      string: '{"data":{"id":"1","type":"post","attributes":{"id":1,"title":"Test
        Post 1","body":"This is a test post 1","user_id":1,"created_at":"2023-06-07T21:34:17.701Z","updated_at":"2023-06-07T21:34:17.701Z","plate_posts":[{"photo_url":null}],"username":"User
        1","comments":[{"id":12,"body":"Samuel Jones","user_id":1,"post_id":1,"username":"User
        1","created_at":"4:34 PM 06/07/2023"},{"id":13,"body":"This is a nice post","user_id":1,"post_id":1,"username":"User
        1","created_at":"4:35 PM 06/07/2023"},{"id":14,"body":"Samuel Jones","user_id":1,"post_id":1,"username":"User
        1","created_at":"4:40 PM 06/07/2023"},{"id":15,"body":"This is a nice post","user_id":1,"post_id":1,"username":"User
        1","created_at":"4:41 PM 06/07/2023"},{"id":16,"body":"Samuel Jones","user_id":1,"post_id":1,"username":"User
        1","created_at":"5:20 PM 06/07/2023"},{"id":17,"body":"This is a nice post","user_id":1,"post_id":1,"username":"User
        1","created_at":"5:20 PM 06/07/2023"},{"id":18,"body":"Samuel Jones","user_id":1,"post_id":1,"username":"User
        1","created_at":"6:01 PM 06/07/2023"}],"parent_plates":[{"plate_number":"ABC-1234"}],"formatted_created_at":"4:34
        PM 06/07/2023"}}}'
  recorded_at: Wed, 07 Jun 2023 23:01:51 GMT
- request:
    method: post
    uri: https://commentanalyzer.googleapis.com/v1alpha1/comments:analyze?key=DONT_SHARE_MY_DATA_7
    body:
      encoding: UTF-8
      string: '{"comment":{"text":"This is a nice post"},"requestedAttributes":{"TOXICITY":{},"IDENTITY_ATTACK":{},"INSULT":{},"PROFANITY":{},"THREAT":{}}}'
    headers:
      Content-Type:
      - application/json, DONT_SHARE_MY_DATA_7
      User-Agent:
      - Faraday v2.7.5
      Accept-Encoding:
      - gzip;q=1.0,deflate;q=0.6,identity;q=0.3
      Accept:
      - "*/*"
  response:
    status:
      code: 200
      message: OK
    headers:
      Content-Type:
      - application/json; charset=UTF-8
      Vary:
      - Origin
      - Referer
      - X-Origin
      Date:
      - Wed, 07 Jun 2023 23:01:51 GMT
      Server:
      - ESF
      Cache-Control:
      - private
      X-Xss-Protection:
      - '0'
      X-Frame-Options:
      - SAMEORIGIN
      X-Content-Type-Options:
      - nosniff
      Alt-Svc:
      - h3=":443"; ma=2592000,h3-29=":443"; ma=2592000
      Transfer-Encoding:
      - chunked
    body:
      encoding: ASCII-8BIT
      string: |
        {
          "attributeScores": {
            "THREAT": {
              "spanScores": [
                {
                  "begin": 0,
                  "end": 19,
                  "score": {
                    "value": 0.008440462,
                    "type": "PROBABILITY"
                  }
                }
              ],
              "summaryScore": {
                "value": 0.008440462,
                "type": "PROBABILITY"
              }
            },
            "PROFANITY": {
              "spanScores": [
                {
                  "begin": 0,
                  "end": 19,
                  "score": {
                    "value": 0.017914234,
                    "type": "PROBABILITY"
                  }
                }
              ],
              "summaryScore": {
                "value": 0.017914234,
                "type": "PROBABILITY"
              }
            },
            "IDENTITY_ATTACK": {
              "spanScores": [
                {
                  "begin": 0,
                  "end": 19,
                  "score": {
                    "value": 0.0048837173,
                    "type": "PROBABILITY"
                  }
                }
              ],
              "summaryScore": {
                "value": 0.0048837173,
                "type": "PROBABILITY"
              }
            },
            "INSULT": {
              "spanScores": [
                {
                  "begin": 0,
                  "end": 19,
                  "score": {
                    "value": 0.008918885,
                    "type": "PROBABILITY"
                  }
                }
              ],
              "summaryScore": {
                "value": 0.008918885,
                "type": "PROBABILITY"
              }
            },
            "TOXICITY": {
              "spanScores": [
                {
                  "begin": 0,
                  "end": 19,
                  "score": {
                    "value": 0.018723432,
                    "type": "PROBABILITY"
                  }
                }
              ],
              "summaryScore": {
                "value": 0.018723432,
                "type": "PROBABILITY"
              }
            }
          },
          "languages": [
            "en"
          ],
          "detectedLanguages": [
            "en"
          ]
        }
  recorded_at: Wed, 07 Jun 2023 23:01:51 GMT
- request:
    method: post
    uri: http://localhost:10000/api/v1/posts/1/comments
    body:
      encoding: UTF-8
      string: params%5Bbody%5D=This+is+a+nice+post&params%5Bpost_id%5D=1&params%5Buser_id%5D=1
    headers:
      User-Agent:
      - Faraday v2.7.5
      Content-Type:
      - application/x-www-form-urlencoded
      Accept-Encoding:
      - gzip;q=1.0,deflate;q=0.6,identity;q=0.3
      Accept:
      - "*/*"
  response:
    status:
      code: 200
      message: OK
    headers:
      X-Frame-Options:
      - SAMEORIGIN
      X-Xss-Protection:
      - '0'
      X-Content-Type-Options:
      - nosniff
      X-Download-Options:
      - noopen
      X-Permitted-Cross-Domain-Policies:
      - none
      Referrer-Policy:
      - strict-origin-when-cross-origin
      Content-Type:
      - application/json; charset=utf-8
      Vary:
      - Accept
      Etag:
      - W/"e27183291cea654bddee93240eb1bdf3"
      Cache-Control:
      - max-age=0, private, must-revalidate
      X-Request-Id:
      - d4e56f7c-8399-492b-a3ed-067e13574f44
      X-Runtime:
      - '0.026421'
      Server-Timing:
      - start_processing.action_controller;dur=0.12, sql.active_record;dur=17.45,
        instantiation.active_record;dur=0.07, process_action.action_controller;dur=20.80
      Transfer-Encoding:
      - chunked
    body:
      encoding: UTF-8
      string: '{"data":{"id":"19","type":"comment","attributes":{"id":19,"body":"This
        is a nice post","user_id":1,"post_id":1,"created_at":"2023-06-07T23:01:51.877Z","updated_at":"2023-06-07T23:01:51.877Z"}}}'
  recorded_at: Wed, 07 Jun 2023 23:01:51 GMT
- request:
    method: get
    uri: http://localhost:10000/api/v1/posts/1
    body:
      encoding: US-ASCII
      string: ''
    headers:
      User-Agent:
      - Faraday v2.7.5
      Accept-Encoding:
      - gzip;q=1.0,deflate;q=0.6,identity;q=0.3
      Accept:
      - "*/*"
  response:
    status:
      code: 200
      message: OK
    headers:
      X-Frame-Options:
      - SAMEORIGIN
      X-Xss-Protection:
      - '0'
      X-Content-Type-Options:
      - nosniff
      X-Download-Options:
      - noopen
      X-Permitted-Cross-Domain-Policies:
      - none
      Referrer-Policy:
      - strict-origin-when-cross-origin
      Content-Type:
      - application/json; charset=utf-8
      Vary:
      - Accept
      Etag:
      - W/"c4b7c0adec2fe960eda18737ffa728c7"
      Cache-Control:
      - max-age=0, private, must-revalidate
      X-Request-Id:
      - ded49b6d-8550-4167-a8d8-22900b72ddbc
      X-Runtime:
      - '0.030324'
      Server-Timing:
      - start_processing.action_controller;dur=0.20, sql.active_record;dur=14.66,
        instantiation.active_record;dur=1.04, process_action.action_controller;dur=25.07
      Transfer-Encoding:
      - chunked
    body:
      encoding: UTF-8
      string: '{"data":{"id":"1","type":"post","attributes":{"id":1,"title":"Test
        Post 1","body":"This is a test post 1","user_id":1,"created_at":"2023-06-07T21:34:17.701Z","updated_at":"2023-06-07T21:34:17.701Z","plate_posts":[{"photo_url":null}],"username":"User
        1","comments":[{"id":12,"body":"Samuel Jones","user_id":1,"post_id":1,"username":"User
        1","created_at":"4:34 PM 06/07/2023"},{"id":13,"body":"This is a nice post","user_id":1,"post_id":1,"username":"User
        1","created_at":"4:35 PM 06/07/2023"},{"id":14,"body":"Samuel Jones","user_id":1,"post_id":1,"username":"User
        1","created_at":"4:40 PM 06/07/2023"},{"id":15,"body":"This is a nice post","user_id":1,"post_id":1,"username":"User
        1","created_at":"4:41 PM 06/07/2023"},{"id":16,"body":"Samuel Jones","user_id":1,"post_id":1,"username":"User
        1","created_at":"5:20 PM 06/07/2023"},{"id":17,"body":"This is a nice post","user_id":1,"post_id":1,"username":"User
        1","created_at":"5:20 PM 06/07/2023"},{"id":18,"body":"Samuel Jones","user_id":1,"post_id":1,"username":"User
        1","created_at":"6:01 PM 06/07/2023"},{"id":19,"body":"This is a nice post","user_id":1,"post_id":1,"username":"User
        1","created_at":"6:01 PM 06/07/2023"}],"parent_plates":[{"plate_number":"ABC-1234"}],"formatted_created_at":"4:34
        PM 06/07/2023"}}}'
  recorded_at: Wed, 07 Jun 2023 23:01:51 GMT
- request:
    method: get
    uri: http://localhost:10000/api/v1/posts/1
    body:
      encoding: US-ASCII
      string: ''
    headers:
      User-Agent:
      - Faraday v2.7.5
      Accept-Encoding:
      - gzip;q=1.0,deflate;q=0.6,identity;q=0.3
      Accept:
      - "*/*"
  response:
    status:
      code: 200
      message: OK
    headers:
      X-Frame-Options:
      - SAMEORIGIN
      X-Xss-Protection:
      - '0'
      X-Content-Type-Options:
      - nosniff
      X-Download-Options:
      - noopen
      X-Permitted-Cross-Domain-Policies:
      - none
      Referrer-Policy:
      - strict-origin-when-cross-origin
      Content-Type:
      - application/json; charset=utf-8
      Vary:
      - Accept
      Etag:
      - W/"c4b7c0adec2fe960eda18737ffa728c7"
      Cache-Control:
      - max-age=0, private, must-revalidate
      X-Request-Id:
      - 1428a4d9-4883-409e-856c-7f2ae3e56d6d
      X-Runtime:
      - '0.015351'
      Server-Timing:
      - start_processing.action_controller;dur=0.06, sql.active_record;dur=7.27, instantiation.active_record;dur=0.34,
        process_action.action_controller;dur=12.19
      Transfer-Encoding:
      - chunked
    body:
      encoding: UTF-8
      string: '{"data":{"id":"1","type":"post","attributes":{"id":1,"title":"Test
        Post 1","body":"This is a test post 1","user_id":1,"created_at":"2023-06-07T21:34:17.701Z","updated_at":"2023-06-07T21:34:17.701Z","plate_posts":[{"photo_url":null}],"username":"User
        1","comments":[{"id":12,"body":"Samuel Jones","user_id":1,"post_id":1,"username":"User
        1","created_at":"4:34 PM 06/07/2023"},{"id":13,"body":"This is a nice post","user_id":1,"post_id":1,"username":"User
        1","created_at":"4:35 PM 06/07/2023"},{"id":14,"body":"Samuel Jones","user_id":1,"post_id":1,"username":"User
        1","created_at":"4:40 PM 06/07/2023"},{"id":15,"body":"This is a nice post","user_id":1,"post_id":1,"username":"User
        1","created_at":"4:41 PM 06/07/2023"},{"id":16,"body":"Samuel Jones","user_id":1,"post_id":1,"username":"User
        1","created_at":"5:20 PM 06/07/2023"},{"id":17,"body":"This is a nice post","user_id":1,"post_id":1,"username":"User
        1","created_at":"5:20 PM 06/07/2023"},{"id":18,"body":"Samuel Jones","user_id":1,"post_id":1,"username":"User
        1","created_at":"6:01 PM 06/07/2023"},{"id":19,"body":"This is a nice post","user_id":1,"post_id":1,"username":"User
        1","created_at":"6:01 PM 06/07/2023"}],"parent_plates":[{"plate_number":"ABC-1234"}],"formatted_created_at":"4:34
        PM 06/07/2023"}}}'
  recorded_at: Wed, 07 Jun 2023 23:01:52 GMT
- request:
    method: get
    uri: http://localhost:10000/api/v1/posts/1
    body:
      encoding: US-ASCII
      string: ''
    headers:
      User-Agent:
      - Faraday v2.7.5
      Accept-Encoding:
      - gzip;q=1.0,deflate;q=0.6,identity;q=0.3
      Accept:
      - "*/*"
  response:
    status:
      code: 200
      message: OK
    headers:
      X-Frame-Options:
      - SAMEORIGIN
      X-Xss-Protection:
      - '0'
      X-Content-Type-Options:
      - nosniff
      X-Download-Options:
      - noopen
      X-Permitted-Cross-Domain-Policies:
      - none
      Referrer-Policy:
      - strict-origin-when-cross-origin
      Content-Type:
      - application/json; charset=utf-8
      Vary:
      - Accept
      Etag:
      - W/"c4b7c0adec2fe960eda18737ffa728c7"
      Cache-Control:
      - max-age=0, private, must-revalidate
      X-Request-Id:
      - aea327d4-f285-49b2-b7a4-14e07e5a3378
      X-Runtime:
      - '0.016528'
      Server-Timing:
      - start_processing.action_controller;dur=0.10, sql.active_record;dur=6.54, instantiation.active_record;dur=0.50,
        process_action.action_controller;dur=12.76
      Transfer-Encoding:
      - chunked
    body:
      encoding: UTF-8
      string: '{"data":{"id":"1","type":"post","attributes":{"id":1,"title":"Test
        Post 1","body":"This is a test post 1","user_id":1,"created_at":"2023-06-07T21:34:17.701Z","updated_at":"2023-06-07T21:34:17.701Z","plate_posts":[{"photo_url":null}],"username":"User
        1","comments":[{"id":12,"body":"Samuel Jones","user_id":1,"post_id":1,"username":"User
        1","created_at":"4:34 PM 06/07/2023"},{"id":13,"body":"This is a nice post","user_id":1,"post_id":1,"username":"User
        1","created_at":"4:35 PM 06/07/2023"},{"id":14,"body":"Samuel Jones","user_id":1,"post_id":1,"username":"User
        1","created_at":"4:40 PM 06/07/2023"},{"id":15,"body":"This is a nice post","user_id":1,"post_id":1,"username":"User
        1","created_at":"4:41 PM 06/07/2023"},{"id":16,"body":"Samuel Jones","user_id":1,"post_id":1,"username":"User
        1","created_at":"5:20 PM 06/07/2023"},{"id":17,"body":"This is a nice post","user_id":1,"post_id":1,"username":"User
        1","created_at":"5:20 PM 06/07/2023"},{"id":18,"body":"Samuel Jones","user_id":1,"post_id":1,"username":"User
        1","created_at":"6:01 PM 06/07/2023"},{"id":19,"body":"This is a nice post","user_id":1,"post_id":1,"username":"User
        1","created_at":"6:01 PM 06/07/2023"}],"parent_plates":[{"plate_number":"ABC-1234"}],"formatted_created_at":"4:34
        PM 06/07/2023"}}}'
  recorded_at: Wed, 07 Jun 2023 23:01:52 GMT
- request:
    method: get
    uri: http://localhost:10000/api/v1/posts/1
    body:
      encoding: US-ASCII
      string: ''
    headers:
      User-Agent:
      - Faraday v2.7.5
      Accept-Encoding:
      - gzip;q=1.0,deflate;q=0.6,identity;q=0.3
      Accept:
      - "*/*"
  response:
    status:
      code: 200
      message: OK
    headers:
      X-Frame-Options:
      - SAMEORIGIN
      X-Xss-Protection:
      - '0'
      X-Content-Type-Options:
      - nosniff
      X-Download-Options:
      - noopen
      X-Permitted-Cross-Domain-Policies:
      - none
      Referrer-Policy:
      - strict-origin-when-cross-origin
      Content-Type:
      - application/json; charset=utf-8
      Vary:
      - Accept
      Etag:
      - W/"c4b7c0adec2fe960eda18737ffa728c7"
      Cache-Control:
      - max-age=0, private, must-revalidate
      X-Request-Id:
      - 5cd2133d-31ca-4fad-a090-12e26e517fb8
      X-Runtime:
      - '0.012020'
      Server-Timing:
      - start_processing.action_controller;dur=0.06, sql.active_record;dur=4.72, instantiation.active_record;dur=0.30,
        process_action.action_controller;dur=8.96
      Transfer-Encoding:
      - chunked
    body:
      encoding: UTF-8
      string: '{"data":{"id":"1","type":"post","attributes":{"id":1,"title":"Test
        Post 1","body":"This is a test post 1","user_id":1,"created_at":"2023-06-07T21:34:17.701Z","updated_at":"2023-06-07T21:34:17.701Z","plate_posts":[{"photo_url":null}],"username":"User
        1","comments":[{"id":12,"body":"Samuel Jones","user_id":1,"post_id":1,"username":"User
        1","created_at":"4:34 PM 06/07/2023"},{"id":13,"body":"This is a nice post","user_id":1,"post_id":1,"username":"User
        1","created_at":"4:35 PM 06/07/2023"},{"id":14,"body":"Samuel Jones","user_id":1,"post_id":1,"username":"User
        1","created_at":"4:40 PM 06/07/2023"},{"id":15,"body":"This is a nice post","user_id":1,"post_id":1,"username":"User
        1","created_at":"4:41 PM 06/07/2023"},{"id":16,"body":"Samuel Jones","user_id":1,"post_id":1,"username":"User
        1","created_at":"5:20 PM 06/07/2023"},{"id":17,"body":"This is a nice post","user_id":1,"post_id":1,"username":"User
        1","created_at":"5:20 PM 06/07/2023"},{"id":18,"body":"Samuel Jones","user_id":1,"post_id":1,"username":"User
        1","created_at":"6:01 PM 06/07/2023"},{"id":19,"body":"This is a nice post","user_id":1,"post_id":1,"username":"User
        1","created_at":"6:01 PM 06/07/2023"}],"parent_plates":[{"plate_number":"ABC-1234"}],"formatted_created_at":"4:34
        PM 06/07/2023"}}}'
  recorded_at: Wed, 07 Jun 2023 23:01:52 GMT
- request:
    method: get
    uri: http://localhost:10000/api/v1/posts/1
    body:
      encoding: US-ASCII
      string: ''
    headers:
      User-Agent:
      - Faraday v2.7.5
      Accept-Encoding:
      - gzip;q=1.0,deflate;q=0.6,identity;q=0.3
      Accept:
      - "*/*"
  response:
    status:
      code: 200
      message: OK
    headers:
      X-Frame-Options:
      - SAMEORIGIN
      X-Xss-Protection:
      - '0'
      X-Content-Type-Options:
      - nosniff
      X-Download-Options:
      - noopen
      X-Permitted-Cross-Domain-Policies:
      - none
      Referrer-Policy:
      - strict-origin-when-cross-origin
      Content-Type:
      - application/json; charset=utf-8
      Vary:
      - Accept
      Etag:
      - W/"c4b7c0adec2fe960eda18737ffa728c7"
      Cache-Control:
      - max-age=0, private, must-revalidate
      X-Request-Id:
      - 024ace71-e449-4bb6-a075-5e4f709ce92f
      X-Runtime:
      - '0.013011'
      Server-Timing:
      - start_processing.action_controller;dur=0.06, sql.active_record;dur=5.41, instantiation.active_record;dur=0.32,
        process_action.action_controller;dur=9.89
      Transfer-Encoding:
      - chunked
    body:
      encoding: UTF-8
      string: '{"data":{"id":"1","type":"post","attributes":{"id":1,"title":"Test
        Post 1","body":"This is a test post 1","user_id":1,"created_at":"2023-06-07T21:34:17.701Z","updated_at":"2023-06-07T21:34:17.701Z","plate_posts":[{"photo_url":null}],"username":"User
        1","comments":[{"id":12,"body":"Samuel Jones","user_id":1,"post_id":1,"username":"User
        1","created_at":"4:34 PM 06/07/2023"},{"id":13,"body":"This is a nice post","user_id":1,"post_id":1,"username":"User
        1","created_at":"4:35 PM 06/07/2023"},{"id":14,"body":"Samuel Jones","user_id":1,"post_id":1,"username":"User
        1","created_at":"4:40 PM 06/07/2023"},{"id":15,"body":"This is a nice post","user_id":1,"post_id":1,"username":"User
        1","created_at":"4:41 PM 06/07/2023"},{"id":16,"body":"Samuel Jones","user_id":1,"post_id":1,"username":"User
        1","created_at":"5:20 PM 06/07/2023"},{"id":17,"body":"This is a nice post","user_id":1,"post_id":1,"username":"User
        1","created_at":"5:20 PM 06/07/2023"},{"id":18,"body":"Samuel Jones","user_id":1,"post_id":1,"username":"User
        1","created_at":"6:01 PM 06/07/2023"},{"id":19,"body":"This is a nice post","user_id":1,"post_id":1,"username":"User
        1","created_at":"6:01 PM 06/07/2023"}],"parent_plates":[{"plate_number":"ABC-1234"}],"formatted_created_at":"4:34
        PM 06/07/2023"}}}'
  recorded_at: Wed, 07 Jun 2023 23:01:52 GMT
- request:
    method: get
    uri: http://localhost:10000/api/v1/posts/1
    body:
      encoding: US-ASCII
      string: ''
    headers:
      User-Agent:
      - Faraday v2.7.5
      Accept-Encoding:
      - gzip;q=1.0,deflate;q=0.6,identity;q=0.3
      Accept:
      - "*/*"
  response:
    status:
      code: 200
      message: OK
    headers:
      X-Frame-Options:
      - SAMEORIGIN
      X-Xss-Protection:
      - '0'
      X-Content-Type-Options:
      - nosniff
      X-Download-Options:
      - noopen
      X-Permitted-Cross-Domain-Policies:
      - none
      Referrer-Policy:
      - strict-origin-when-cross-origin
      Content-Type:
      - application/json; charset=utf-8
      Vary:
      - Accept
      Etag:
      - W/"c4b7c0adec2fe960eda18737ffa728c7"
      Cache-Control:
      - max-age=0, private, must-revalidate
      X-Request-Id:
      - 190f243a-7636-492e-845a-971915a09e03
      X-Runtime:
      - '0.035110'
      Server-Timing:
      - start_processing.action_controller;dur=0.06, sql.active_record;dur=20.11,
        instantiation.active_record;dur=0.72, process_action.action_controller;dur=31.74
      Transfer-Encoding:
      - chunked
    body:
      encoding: UTF-8
      string: '{"data":{"id":"1","type":"post","attributes":{"id":1,"title":"Test
        Post 1","body":"This is a test post 1","user_id":1,"created_at":"2023-06-07T21:34:17.701Z","updated_at":"2023-06-07T21:34:17.701Z","plate_posts":[{"photo_url":null}],"username":"User
        1","comments":[{"id":12,"body":"Samuel Jones","user_id":1,"post_id":1,"username":"User
        1","created_at":"4:34 PM 06/07/2023"},{"id":13,"body":"This is a nice post","user_id":1,"post_id":1,"username":"User
        1","created_at":"4:35 PM 06/07/2023"},{"id":14,"body":"Samuel Jones","user_id":1,"post_id":1,"username":"User
        1","created_at":"4:40 PM 06/07/2023"},{"id":15,"body":"This is a nice post","user_id":1,"post_id":1,"username":"User
        1","created_at":"4:41 PM 06/07/2023"},{"id":16,"body":"Samuel Jones","user_id":1,"post_id":1,"username":"User
        1","created_at":"5:20 PM 06/07/2023"},{"id":17,"body":"This is a nice post","user_id":1,"post_id":1,"username":"User
        1","created_at":"5:20 PM 06/07/2023"},{"id":18,"body":"Samuel Jones","user_id":1,"post_id":1,"username":"User
        1","created_at":"6:01 PM 06/07/2023"},{"id":19,"body":"This is a nice post","user_id":1,"post_id":1,"username":"User
        1","created_at":"6:01 PM 06/07/2023"}],"parent_plates":[{"plate_number":"ABC-1234"}],"formatted_created_at":"4:34
        PM 06/07/2023"}}}'
  recorded_at: Wed, 07 Jun 2023 23:01:52 GMT
- request:
    method: get
    uri: http://localhost:10000/api/v1/posts/1
    body:
      encoding: US-ASCII
      string: ''
    headers:
      User-Agent:
      - Faraday v2.7.5
      Accept-Encoding:
      - gzip;q=1.0,deflate;q=0.6,identity;q=0.3
      Accept:
      - "*/*"
  response:
    status:
      code: 200
      message: OK
    headers:
      X-Frame-Options:
      - SAMEORIGIN
      X-Xss-Protection:
      - '0'
      X-Content-Type-Options:
      - nosniff
      X-Download-Options:
      - noopen
      X-Permitted-Cross-Domain-Policies:
      - none
      Referrer-Policy:
      - strict-origin-when-cross-origin
      Content-Type:
      - application/json; charset=utf-8
      Vary:
      - Accept
      Etag:
      - W/"c4b7c0adec2fe960eda18737ffa728c7"
      Cache-Control:
      - max-age=0, private, must-revalidate
      X-Request-Id:
      - 4749a3ba-e87c-4e9e-8ada-9e678e779fc8
      X-Runtime:
      - '0.014074'
      Server-Timing:
      - start_processing.action_controller;dur=0.08, sql.active_record;dur=5.42, instantiation.active_record;dur=0.38,
        process_action.action_controller;dur=10.72
      Transfer-Encoding:
      - chunked
    body:
      encoding: UTF-8
      string: '{"data":{"id":"1","type":"post","attributes":{"id":1,"title":"Test
        Post 1","body":"This is a test post 1","user_id":1,"created_at":"2023-06-07T21:34:17.701Z","updated_at":"2023-06-07T21:34:17.701Z","plate_posts":[{"photo_url":null}],"username":"User
        1","comments":[{"id":12,"body":"Samuel Jones","user_id":1,"post_id":1,"username":"User
        1","created_at":"4:34 PM 06/07/2023"},{"id":13,"body":"This is a nice post","user_id":1,"post_id":1,"username":"User
        1","created_at":"4:35 PM 06/07/2023"},{"id":14,"body":"Samuel Jones","user_id":1,"post_id":1,"username":"User
        1","created_at":"4:40 PM 06/07/2023"},{"id":15,"body":"This is a nice post","user_id":1,"post_id":1,"username":"User
        1","created_at":"4:41 PM 06/07/2023"},{"id":16,"body":"Samuel Jones","user_id":1,"post_id":1,"username":"User
        1","created_at":"5:20 PM 06/07/2023"},{"id":17,"body":"This is a nice post","user_id":1,"post_id":1,"username":"User
        1","created_at":"5:20 PM 06/07/2023"},{"id":18,"body":"Samuel Jones","user_id":1,"post_id":1,"username":"User
        1","created_at":"6:01 PM 06/07/2023"},{"id":19,"body":"This is a nice post","user_id":1,"post_id":1,"username":"User
        1","created_at":"6:01 PM 06/07/2023"}],"parent_plates":[{"plate_number":"ABC-1234"}],"formatted_created_at":"4:34
        PM 06/07/2023"}}}'
  recorded_at: Wed, 07 Jun 2023 23:01:52 GMT
- request:
    method: get
    uri: http://localhost:10000/api/v1/posts/1
    body:
      encoding: US-ASCII
      string: ''
    headers:
      User-Agent:
      - Faraday v2.7.5
      Accept-Encoding:
      - gzip;q=1.0,deflate;q=0.6,identity;q=0.3
      Accept:
      - "*/*"
  response:
    status:
      code: 200
      message: OK
    headers:
      X-Frame-Options:
      - SAMEORIGIN
      X-Xss-Protection:
      - '0'
      X-Content-Type-Options:
      - nosniff
      X-Download-Options:
      - noopen
      X-Permitted-Cross-Domain-Policies:
      - none
      Referrer-Policy:
      - strict-origin-when-cross-origin
      Content-Type:
      - application/json; charset=utf-8
      Vary:
      - Accept
      Etag:
      - W/"c4b7c0adec2fe960eda18737ffa728c7"
      Cache-Control:
      - max-age=0, private, must-revalidate
      X-Request-Id:
      - b30d3d5f-a472-4cbc-acd7-3b522a5072aa
      X-Runtime:
      - '0.025598'
      Server-Timing:
      - start_processing.action_controller;dur=0.08, sql.active_record;dur=14.99,
        instantiation.active_record;dur=0.95, process_action.action_controller;dur=22.44
      Transfer-Encoding:
      - chunked
    body:
      encoding: UTF-8
      string: '{"data":{"id":"1","type":"post","attributes":{"id":1,"title":"Test
        Post 1","body":"This is a test post 1","user_id":1,"created_at":"2023-06-07T21:34:17.701Z","updated_at":"2023-06-07T21:34:17.701Z","plate_posts":[{"photo_url":null}],"username":"User
        1","comments":[{"id":12,"body":"Samuel Jones","user_id":1,"post_id":1,"username":"User
        1","created_at":"4:34 PM 06/07/2023"},{"id":13,"body":"This is a nice post","user_id":1,"post_id":1,"username":"User
        1","created_at":"4:35 PM 06/07/2023"},{"id":14,"body":"Samuel Jones","user_id":1,"post_id":1,"username":"User
        1","created_at":"4:40 PM 06/07/2023"},{"id":15,"body":"This is a nice post","user_id":1,"post_id":1,"username":"User
        1","created_at":"4:41 PM 06/07/2023"},{"id":16,"body":"Samuel Jones","user_id":1,"post_id":1,"username":"User
        1","created_at":"5:20 PM 06/07/2023"},{"id":17,"body":"This is a nice post","user_id":1,"post_id":1,"username":"User
        1","created_at":"5:20 PM 06/07/2023"},{"id":18,"body":"Samuel Jones","user_id":1,"post_id":1,"username":"User
        1","created_at":"6:01 PM 06/07/2023"},{"id":19,"body":"This is a nice post","user_id":1,"post_id":1,"username":"User
        1","created_at":"6:01 PM 06/07/2023"}],"parent_plates":[{"plate_number":"ABC-1234"}],"formatted_created_at":"4:34
        PM 06/07/2023"}}}'
  recorded_at: Wed, 07 Jun 2023 23:01:52 GMT
- request:
    method: get
    uri: http://localhost:10000/api/v1/posts/1
    body:
      encoding: US-ASCII
      string: ''
    headers:
      User-Agent:
      - Faraday v2.7.5
      Accept-Encoding:
      - gzip;q=1.0,deflate;q=0.6,identity;q=0.3
      Accept:
      - "*/*"
  response:
    status:
      code: 200
      message: OK
    headers:
      X-Frame-Options:
      - SAMEORIGIN
      X-Xss-Protection:
      - '0'
      X-Content-Type-Options:
      - nosniff
      X-Download-Options:
      - noopen
      X-Permitted-Cross-Domain-Policies:
      - none
      Referrer-Policy:
      - strict-origin-when-cross-origin
      Content-Type:
      - application/json; charset=utf-8
      Vary:
      - Accept
      Etag:
      - W/"c4b7c0adec2fe960eda18737ffa728c7"
      Cache-Control:
      - max-age=0, private, must-revalidate
      X-Request-Id:
      - b9f15a0e-e56f-45e7-bf36-40b3dbd62fb2
      X-Runtime:
      - '0.012501'
      Server-Timing:
      - start_processing.action_controller;dur=0.07, sql.active_record;dur=4.93, instantiation.active_record;dur=0.35,
        process_action.action_controller;dur=9.31
      Transfer-Encoding:
      - chunked
    body:
      encoding: UTF-8
      string: '{"data":{"id":"1","type":"post","attributes":{"id":1,"title":"Test
        Post 1","body":"This is a test post 1","user_id":1,"created_at":"2023-06-07T21:34:17.701Z","updated_at":"2023-06-07T21:34:17.701Z","plate_posts":[{"photo_url":null}],"username":"User
        1","comments":[{"id":12,"body":"Samuel Jones","user_id":1,"post_id":1,"username":"User
        1","created_at":"4:34 PM 06/07/2023"},{"id":13,"body":"This is a nice post","user_id":1,"post_id":1,"username":"User
        1","created_at":"4:35 PM 06/07/2023"},{"id":14,"body":"Samuel Jones","user_id":1,"post_id":1,"username":"User
        1","created_at":"4:40 PM 06/07/2023"},{"id":15,"body":"This is a nice post","user_id":1,"post_id":1,"username":"User
        1","created_at":"4:41 PM 06/07/2023"},{"id":16,"body":"Samuel Jones","user_id":1,"post_id":1,"username":"User
        1","created_at":"5:20 PM 06/07/2023"},{"id":17,"body":"This is a nice post","user_id":1,"post_id":1,"username":"User
        1","created_at":"5:20 PM 06/07/2023"},{"id":18,"body":"Samuel Jones","user_id":1,"post_id":1,"username":"User
        1","created_at":"6:01 PM 06/07/2023"},{"id":19,"body":"This is a nice post","user_id":1,"post_id":1,"username":"User
        1","created_at":"6:01 PM 06/07/2023"}],"parent_plates":[{"plate_number":"ABC-1234"}],"formatted_created_at":"4:34
        PM 06/07/2023"}}}'
  recorded_at: Wed, 07 Jun 2023 23:01:52 GMT
recorded_with: VCR 6.1.0
