---
http_interactions:
- request:
    method: get
    uri: http://localhost:5001/api/v1/posts/1
    body:
      encoding: US-ASCII
      string: ''
    headers:
      User-Agent:
      - Faraday v2.7.5
      Accept-Encoding:
      - gzip;q=1.0,deflate;q=0.6,identity;q=0.3
      Accept:
      - "*/*"
  response:
    status:
      code: 200
      message: OK
    headers:
      X-Frame-Options:
      - SAMEORIGIN
      X-Xss-Protection:
      - '0'
      X-Content-Type-Options:
      - nosniff
      X-Download-Options:
      - noopen
      X-Permitted-Cross-Domain-Policies:
      - none
      Referrer-Policy:
      - strict-origin-when-cross-origin
      Content-Type:
      - application/json; charset=utf-8
      Vary:
      - Accept
      Etag:
      - W/"5c64cb0bf126ca4802e25d9acd59ab98"
      Cache-Control:
      - max-age=0, private, must-revalidate
      X-Request-Id:
      - 6b33701d-5114-4f82-a2fa-418f1bb52633
      X-Runtime:
      - '0.007910'
      Server-Timing:
      - start_processing.action_controller;dur=0.07, sql.active_record;dur=2.34, instantiation.active_record;dur=0.18,
        process_action.action_controller;dur=4.67
      Transfer-Encoding:
      - chunked
    body:
      encoding: UTF-8
      string: '{"data":{"id":"1","type":"post","attributes":{"id":1,"title":"Test
        Post 1","body":"This is a test post 1","user_id":1,"created_at":"2023-06-07T21:36:34.583Z","updated_at":"2023-06-07T21:36:34.583Z","plate_posts":[{"photo_url":null}],"username":"User
        1","comments":[{"id":12,"body":"Samuel Jones","user_id":1,"post_id":1,"username":"User
        1","created_at":"3:36 PM 06/07/2023"}],"parent_plates":[{"plate_number":"ABC-1234"}],"formatted_created_at":"3:36
        PM 06/07/2023"}}}'
  recorded_at: Wed, 07 Jun 2023 21:36:57 GMT
- request:
    method: get
    uri: http://localhost:5001/api/v1/posts/1
    body:
      encoding: US-ASCII
      string: ''
    headers:
      User-Agent:
      - Faraday v2.7.5
      Accept-Encoding:
      - gzip;q=1.0,deflate;q=0.6,identity;q=0.3
      Accept:
      - "*/*"
  response:
    status:
      code: 200
      message: OK
    headers:
      X-Frame-Options:
      - SAMEORIGIN
      X-Xss-Protection:
      - '0'
      X-Content-Type-Options:
      - nosniff
      X-Download-Options:
      - noopen
      X-Permitted-Cross-Domain-Policies:
      - none
      Referrer-Policy:
      - strict-origin-when-cross-origin
      Content-Type:
      - application/json; charset=utf-8
      Vary:
      - Accept
      Etag:
      - W/"5c64cb0bf126ca4802e25d9acd59ab98"
      Cache-Control:
      - max-age=0, private, must-revalidate
      X-Request-Id:
      - d15547ee-9b0b-40c3-9689-4e1d16211d78
      X-Runtime:
      - '0.007698'
      Server-Timing:
      - start_processing.action_controller;dur=0.07, sql.active_record;dur=2.49, instantiation.active_record;dur=0.17,
        process_action.action_controller;dur=4.75
      Transfer-Encoding:
      - chunked
    body:
      encoding: UTF-8
      string: '{"data":{"id":"1","type":"post","attributes":{"id":1,"title":"Test
        Post 1","body":"This is a test post 1","user_id":1,"created_at":"2023-06-07T21:36:34.583Z","updated_at":"2023-06-07T21:36:34.583Z","plate_posts":[{"photo_url":null}],"username":"User
        1","comments":[{"id":12,"body":"Samuel Jones","user_id":1,"post_id":1,"username":"User
        1","created_at":"3:36 PM 06/07/2023"}],"parent_plates":[{"plate_number":"ABC-1234"}],"formatted_created_at":"3:36
        PM 06/07/2023"}}}'
  recorded_at: Wed, 07 Jun 2023 21:36:57 GMT
- request:
    method: get
    uri: http://localhost:5001/api/v1/posts/1
    body:
      encoding: US-ASCII
      string: ''
    headers:
      User-Agent:
      - Faraday v2.7.5
      Accept-Encoding:
      - gzip;q=1.0,deflate;q=0.6,identity;q=0.3
      Accept:
      - "*/*"
  response:
    status:
      code: 200
      message: OK
    headers:
      X-Frame-Options:
      - SAMEORIGIN
      X-Xss-Protection:
      - '0'
      X-Content-Type-Options:
      - nosniff
      X-Download-Options:
      - noopen
      X-Permitted-Cross-Domain-Policies:
      - none
      Referrer-Policy:
      - strict-origin-when-cross-origin
      Content-Type:
      - application/json; charset=utf-8
      Vary:
      - Accept
      Etag:
      - W/"5c64cb0bf126ca4802e25d9acd59ab98"
      Cache-Control:
      - max-age=0, private, must-revalidate
      X-Request-Id:
      - f4fc7705-d339-474a-b729-364689832ac1
      X-Runtime:
      - '0.017200'
      Server-Timing:
      - start_processing.action_controller;dur=0.07, sql.active_record;dur=10.67,
        instantiation.active_record;dur=0.22, process_action.action_controller;dur=14.26
      Transfer-Encoding:
      - chunked
    body:
      encoding: UTF-8
      string: '{"data":{"id":"1","type":"post","attributes":{"id":1,"title":"Test
        Post 1","body":"This is a test post 1","user_id":1,"created_at":"2023-06-07T21:36:34.583Z","updated_at":"2023-06-07T21:36:34.583Z","plate_posts":[{"photo_url":null}],"username":"User
        1","comments":[{"id":12,"body":"Samuel Jones","user_id":1,"post_id":1,"username":"User
        1","created_at":"3:36 PM 06/07/2023"}],"parent_plates":[{"plate_number":"ABC-1234"}],"formatted_created_at":"3:36
        PM 06/07/2023"}}}'
  recorded_at: Wed, 07 Jun 2023 21:36:57 GMT
- request:
    method: get
    uri: http://localhost:5001/api/v1/posts/1
    body:
      encoding: US-ASCII
      string: ''
    headers:
      User-Agent:
      - Faraday v2.7.5
      Accept-Encoding:
      - gzip;q=1.0,deflate;q=0.6,identity;q=0.3
      Accept:
      - "*/*"
  response:
    status:
      code: 200
      message: OK
    headers:
      X-Frame-Options:
      - SAMEORIGIN
      X-Xss-Protection:
      - '0'
      X-Content-Type-Options:
      - nosniff
      X-Download-Options:
      - noopen
      X-Permitted-Cross-Domain-Policies:
      - none
      Referrer-Policy:
      - strict-origin-when-cross-origin
      Content-Type:
      - application/json; charset=utf-8
      Vary:
      - Accept
      Etag:
      - W/"5c64cb0bf126ca4802e25d9acd59ab98"
      Cache-Control:
      - max-age=0, private, must-revalidate
      X-Request-Id:
      - 5f6f4422-748e-4c32-88a6-dcaecd2592ed
      X-Runtime:
      - '0.008375'
      Server-Timing:
      - start_processing.action_controller;dur=0.07, sql.active_record;dur=2.33, instantiation.active_record;dur=0.17,
        process_action.action_controller;dur=5.08
      Transfer-Encoding:
      - chunked
    body:
      encoding: UTF-8
      string: '{"data":{"id":"1","type":"post","attributes":{"id":1,"title":"Test
        Post 1","body":"This is a test post 1","user_id":1,"created_at":"2023-06-07T21:36:34.583Z","updated_at":"2023-06-07T21:36:34.583Z","plate_posts":[{"photo_url":null}],"username":"User
        1","comments":[{"id":12,"body":"Samuel Jones","user_id":1,"post_id":1,"username":"User
        1","created_at":"3:36 PM 06/07/2023"}],"parent_plates":[{"plate_number":"ABC-1234"}],"formatted_created_at":"3:36
        PM 06/07/2023"}}}'
  recorded_at: Wed, 07 Jun 2023 21:36:57 GMT
- request:
    method: get
    uri: http://localhost:5001/api/v1/posts/1
    body:
      encoding: US-ASCII
      string: ''
    headers:
      User-Agent:
      - Faraday v2.7.5
      Accept-Encoding:
      - gzip;q=1.0,deflate;q=0.6,identity;q=0.3
      Accept:
      - "*/*"
  response:
    status:
      code: 200
      message: OK
    headers:
      X-Frame-Options:
      - SAMEORIGIN
      X-Xss-Protection:
      - '0'
      X-Content-Type-Options:
      - nosniff
      X-Download-Options:
      - noopen
      X-Permitted-Cross-Domain-Policies:
      - none
      Referrer-Policy:
      - strict-origin-when-cross-origin
      Content-Type:
      - application/json; charset=utf-8
      Vary:
      - Accept
      Etag:
      - W/"5c64cb0bf126ca4802e25d9acd59ab98"
      Cache-Control:
      - max-age=0, private, must-revalidate
      X-Request-Id:
      - 8bd1e6d7-9d7e-47e3-b019-e9aea5607ac9
      X-Runtime:
      - '0.007825'
      Server-Timing:
      - start_processing.action_controller;dur=0.06, sql.active_record;dur=2.58, instantiation.active_record;dur=0.17,
        process_action.action_controller;dur=5.03
      Transfer-Encoding:
      - chunked
    body:
      encoding: UTF-8
      string: '{"data":{"id":"1","type":"post","attributes":{"id":1,"title":"Test
        Post 1","body":"This is a test post 1","user_id":1,"created_at":"2023-06-07T21:36:34.583Z","updated_at":"2023-06-07T21:36:34.583Z","plate_posts":[{"photo_url":null}],"username":"User
        1","comments":[{"id":12,"body":"Samuel Jones","user_id":1,"post_id":1,"username":"User
        1","created_at":"3:36 PM 06/07/2023"}],"parent_plates":[{"plate_number":"ABC-1234"}],"formatted_created_at":"3:36
        PM 06/07/2023"}}}'
  recorded_at: Wed, 07 Jun 2023 21:36:57 GMT
- request:
    method: get
    uri: http://localhost:5001/api/v1/posts/1
    body:
      encoding: US-ASCII
      string: ''
    headers:
      User-Agent:
      - Faraday v2.7.5
      Accept-Encoding:
      - gzip;q=1.0,deflate;q=0.6,identity;q=0.3
      Accept:
      - "*/*"
  response:
    status:
      code: 200
      message: OK
    headers:
      X-Frame-Options:
      - SAMEORIGIN
      X-Xss-Protection:
      - '0'
      X-Content-Type-Options:
      - nosniff
      X-Download-Options:
      - noopen
      X-Permitted-Cross-Domain-Policies:
      - none
      Referrer-Policy:
      - strict-origin-when-cross-origin
      Content-Type:
      - application/json; charset=utf-8
      Vary:
      - Accept
      Etag:
      - W/"5c64cb0bf126ca4802e25d9acd59ab98"
      Cache-Control:
      - max-age=0, private, must-revalidate
      X-Request-Id:
      - 9715e950-2f38-407d-a2e6-1abd243e69bd
      X-Runtime:
      - '0.008187'
      Server-Timing:
      - start_processing.action_controller;dur=0.06, sql.active_record;dur=2.47, instantiation.active_record;dur=0.28,
        process_action.action_controller;dur=5.19
      Transfer-Encoding:
      - chunked
    body:
      encoding: UTF-8
      string: '{"data":{"id":"1","type":"post","attributes":{"id":1,"title":"Test
        Post 1","body":"This is a test post 1","user_id":1,"created_at":"2023-06-07T21:36:34.583Z","updated_at":"2023-06-07T21:36:34.583Z","plate_posts":[{"photo_url":null}],"username":"User
        1","comments":[{"id":12,"body":"Samuel Jones","user_id":1,"post_id":1,"username":"User
        1","created_at":"3:36 PM 06/07/2023"}],"parent_plates":[{"plate_number":"ABC-1234"}],"formatted_created_at":"3:36
        PM 06/07/2023"}}}'
  recorded_at: Wed, 07 Jun 2023 21:36:57 GMT
- request:
    method: get
    uri: http://localhost:5001/api/v1/posts/1
    body:
      encoding: US-ASCII
      string: ''
    headers:
      User-Agent:
      - Faraday v2.7.5
      Accept-Encoding:
      - gzip;q=1.0,deflate;q=0.6,identity;q=0.3
      Accept:
      - "*/*"
  response:
    status:
      code: 200
      message: OK
    headers:
      X-Frame-Options:
      - SAMEORIGIN
      X-Xss-Protection:
      - '0'
      X-Content-Type-Options:
      - nosniff
      X-Download-Options:
      - noopen
      X-Permitted-Cross-Domain-Policies:
      - none
      Referrer-Policy:
      - strict-origin-when-cross-origin
      Content-Type:
      - application/json; charset=utf-8
      Vary:
      - Accept
      Etag:
      - W/"5c64cb0bf126ca4802e25d9acd59ab98"
      Cache-Control:
      - max-age=0, private, must-revalidate
      X-Request-Id:
      - f1e5d777-2274-4511-8110-a50922b1521b
      X-Runtime:
      - '0.009301'
      Server-Timing:
      - start_processing.action_controller;dur=0.06, sql.active_record;dur=2.95, instantiation.active_record;dur=0.21,
        process_action.action_controller;dur=6.36
      Transfer-Encoding:
      - chunked
    body:
      encoding: UTF-8
      string: '{"data":{"id":"1","type":"post","attributes":{"id":1,"title":"Test
        Post 1","body":"This is a test post 1","user_id":1,"created_at":"2023-06-07T21:36:34.583Z","updated_at":"2023-06-07T21:36:34.583Z","plate_posts":[{"photo_url":null}],"username":"User
        1","comments":[{"id":12,"body":"Samuel Jones","user_id":1,"post_id":1,"username":"User
        1","created_at":"3:36 PM 06/07/2023"}],"parent_plates":[{"plate_number":"ABC-1234"}],"formatted_created_at":"3:36
        PM 06/07/2023"}}}'
  recorded_at: Wed, 07 Jun 2023 21:36:57 GMT
- request:
    method: get
    uri: http://localhost:5001/api/v1/posts/1
    body:
      encoding: US-ASCII
      string: ''
    headers:
      User-Agent:
      - Faraday v2.7.5
      Accept-Encoding:
      - gzip;q=1.0,deflate;q=0.6,identity;q=0.3
      Accept:
      - "*/*"
  response:
    status:
      code: 200
      message: OK
    headers:
      X-Frame-Options:
      - SAMEORIGIN
      X-Xss-Protection:
      - '0'
      X-Content-Type-Options:
      - nosniff
      X-Download-Options:
      - noopen
      X-Permitted-Cross-Domain-Policies:
      - none
      Referrer-Policy:
      - strict-origin-when-cross-origin
      Content-Type:
      - application/json; charset=utf-8
      Vary:
      - Accept
      Etag:
      - W/"5c64cb0bf126ca4802e25d9acd59ab98"
      Cache-Control:
      - max-age=0, private, must-revalidate
      X-Request-Id:
      - aefa20b6-b205-48b4-b600-ac7aac38c7c3
      X-Runtime:
      - '0.008477'
      Server-Timing:
      - start_processing.action_controller;dur=0.10, sql.active_record;dur=2.57, instantiation.active_record;dur=0.18,
        process_action.action_controller;dur=5.16
      Transfer-Encoding:
      - chunked
    body:
      encoding: UTF-8
      string: '{"data":{"id":"1","type":"post","attributes":{"id":1,"title":"Test
        Post 1","body":"This is a test post 1","user_id":1,"created_at":"2023-06-07T21:36:34.583Z","updated_at":"2023-06-07T21:36:34.583Z","plate_posts":[{"photo_url":null}],"username":"User
        1","comments":[{"id":12,"body":"Samuel Jones","user_id":1,"post_id":1,"username":"User
        1","created_at":"3:36 PM 06/07/2023"}],"parent_plates":[{"plate_number":"ABC-1234"}],"formatted_created_at":"3:36
        PM 06/07/2023"}}}'
  recorded_at: Wed, 07 Jun 2023 21:36:57 GMT
- request:
    method: get
    uri: http://localhost:5001/api/v1/posts/1
    body:
      encoding: US-ASCII
      string: ''
    headers:
      User-Agent:
      - Faraday v2.7.5
      Accept-Encoding:
      - gzip;q=1.0,deflate;q=0.6,identity;q=0.3
      Accept:
      - "*/*"
  response:
    status:
      code: 200
      message: OK
    headers:
      X-Frame-Options:
      - SAMEORIGIN
      X-Xss-Protection:
      - '0'
      X-Content-Type-Options:
      - nosniff
      X-Download-Options:
      - noopen
      X-Permitted-Cross-Domain-Policies:
      - none
      Referrer-Policy:
      - strict-origin-when-cross-origin
      Content-Type:
      - application/json; charset=utf-8
      Vary:
      - Accept
      Etag:
      - W/"5c64cb0bf126ca4802e25d9acd59ab98"
      Cache-Control:
      - max-age=0, private, must-revalidate
      X-Request-Id:
      - d924d9d5-810c-4bb9-ab20-7074f7f5f0a4
      X-Runtime:
      - '0.008388'
      Server-Timing:
      - start_processing.action_controller;dur=0.07, sql.active_record;dur=2.52, instantiation.active_record;dur=0.19,
        process_action.action_controller;dur=5.09
      Transfer-Encoding:
      - chunked
    body:
      encoding: UTF-8
      string: '{"data":{"id":"1","type":"post","attributes":{"id":1,"title":"Test
        Post 1","body":"This is a test post 1","user_id":1,"created_at":"2023-06-07T21:36:34.583Z","updated_at":"2023-06-07T21:36:34.583Z","plate_posts":[{"photo_url":null}],"username":"User
        1","comments":[{"id":12,"body":"Samuel Jones","user_id":1,"post_id":1,"username":"User
        1","created_at":"3:36 PM 06/07/2023"}],"parent_plates":[{"plate_number":"ABC-1234"}],"formatted_created_at":"3:36
        PM 06/07/2023"}}}'
  recorded_at: Wed, 07 Jun 2023 21:36:57 GMT
recorded_with: VCR 6.1.0
